Component: ARM Compiler 5.06 update 3 (build 300) Tool: armlink [4d35c9]

==============================================================================

Section Cross References

    ini.o(i.CLK_80_ini) refers to mdr32f9qx_rst_clk.o(i.RST_CLK_HSEconfig) for RST_CLK_HSEconfig
    ini.o(i.CLK_80_ini) refers to mdr32f9qx_rst_clk.o(i.RST_CLK_HSEstatus) for RST_CLK_HSEstatus
    ini.o(i.CLK_80_ini) refers to mdr32f9qx_rst_clk.o(i.RST_CLK_CPU_PLLconfig) for RST_CLK_CPU_PLLconfig
    ini.o(i.CLK_80_ini) refers to mdr32f9qx_rst_clk.o(i.RST_CLK_CPU_PLLcmd) for RST_CLK_CPU_PLLcmd
    ini.o(i.CLK_80_ini) refers to mdr32f9qx_rst_clk.o(i.RST_CLK_CPU_PLLstatus) for RST_CLK_CPU_PLLstatus
    ini.o(i.CLK_80_ini) refers to mdr32f9qx_rst_clk.o(i.RST_CLK_CPUclkPrescaler) for RST_CLK_CPUclkPrescaler
    ini.o(i.CLK_80_ini) refers to mdr32f9qx_rst_clk.o(i.RST_CLK_CPU_PLLuse) for RST_CLK_CPU_PLLuse
    ini.o(i.CLK_80_ini) refers to mdr32f9qx_rst_clk.o(i.RST_CLK_CPUclkSelection) for RST_CLK_CPUclkSelection
    ini.o(i.DAC2_PortE_ini) refers to mdr32f9qx_rst_clk.o(i.RST_CLK_PCLKcmd) for RST_CLK_PCLKcmd
    ini.o(i.DAC2_PortE_ini) refers to mdr32f9qx_port.o(i.PORT_Init) for PORT_Init
    ini.o(i.DAC2_ini) refers to mdr32f9qx_rst_clk.o(i.RST_CLK_PCLKcmd) for RST_CLK_PCLKcmd
    ini.o(i.DAC2_ini) refers to mdr32f9qx_dac.o(i.DAC_DeInit) for DAC_DeInit
    ini.o(i.DAC2_ini) refers to mdr32f9qx_dac.o(i.DAC2_Init) for DAC2_Init
    ini.o(i.DAC2_ini) refers to mdr32f9qx_dac.o(i.DAC2_Cmd) for DAC2_Cmd
    ini.o(i.DMA_DAC2_ini) refers to mdr32f9qx_rst_clk.o(i.RST_CLK_PCLKcmd) for RST_CLK_PCLKcmd
    ini.o(i.DMA_DAC2_ini) refers to mdr32f9qx_dma.o(i.DMA_DeInit) for DMA_DeInit
    ini.o(i.DMA_DAC2_ini) refers to mdr32f9qx_dma.o(i.DMA_StructInit) for DMA_StructInit
    ini.o(i.DMA_DAC2_ini) refers to mdr32f9qx_dma.o(i.DMA_Init) for DMA_Init
    ini.o(i.DMA_DAC2_ini) refers to mdr32f9qx_dma.o(i.DMA_Cmd) for DMA_Cmd
    ini.o(i.DMA_DAC2_ini) refers to ini.o(.bss) for DMA_Channel_InitStructure
    ini.o(i.LED_PortB_ini) refers to mdr32f9qx_rst_clk.o(i.RST_CLK_PCLKcmd) for RST_CLK_PCLKcmd
    ini.o(i.LED_PortB_ini) refers to mdr32f9qx_port.o(i.PORT_Init) for PORT_Init
    ini.o(i.Modulator_ini) refers to ini.o(i.Sin_massiv) for Sin_massiv
    ini.o(i.Modulator_ini) refers to ini.o(i.DMA_DAC2_ini) for DMA_DAC2_ini
    ini.o(i.Modulator_ini) refers to ini.o(i.DAC2_PortE_ini) for DAC2_PortE_ini
    ini.o(i.Modulator_ini) refers to ini.o(i.DAC2_ini) for DAC2_ini
    ini.o(i.Modulator_ini) refers to ini.o(i.TIMER1_ini) for TIMER1_ini
    ini.o(i.Sin_massiv) refers to fflt_clz.o(x$fpl$ffltu) for __aeabi_ui2f
    ini.o(i.Sin_massiv) refers to fmul.o(x$fpl$fmul) for __aeabi_fmul
    ini.o(i.Sin_massiv) refers to f2d.o(x$fpl$f2d) for __aeabi_f2d
    ini.o(i.Sin_massiv) refers to sin.o(i.sin) for sin
    ini.o(i.Sin_massiv) refers to dmul.o(x$fpl$dmul) for __aeabi_dmul
    ini.o(i.Sin_massiv) refers to daddsub_clz.o(x$fpl$dadd) for __aeabi_dadd
    ini.o(i.Sin_massiv) refers to dfixu.o(x$fpl$dfixu) for __aeabi_d2uiz
    ini.o(i.Sin_massiv) refers to ini.o(.bss) for sin_mod
    ini.o(i.TIMER1_ini) refers to mdr32f9qx_timer.o(i.TIMER_DeInit) for TIMER_DeInit
    ini.o(i.TIMER1_ini) refers to mdr32f9qx_rst_clk.o(i.RST_CLK_PCLKcmd) for RST_CLK_PCLKcmd
    ini.o(i.TIMER1_ini) refers to mdr32f9qx_timer.o(i.TIMER_BRGInit) for TIMER_BRGInit
    ini.o(i.TIMER1_ini) refers to mdr32f9qx_timer.o(i.TIMER_CntInit) for TIMER_CntInit
    ini.o(i.TIMER1_ini) refers to mdr32f9qx_timer.o(i.TIMER_DMACmd) for TIMER_DMACmd
    ini.o(i.TIMER1_ini) refers to mdr32f9qx_timer.o(i.TIMER_Cmd) for TIMER_Cmd
    ini.o(i.TIMER_CAPTURE_ini) refers to mdr32f9qx_rst_clk.o(i.RST_CLK_PCLKcmd) for RST_CLK_PCLKcmd
    ini.o(i.TIMER_CAPTURE_ini) refers to mdr32f9qx_timer.o(i.TIMER_BRGInit) for TIMER_BRGInit
    ini.o(i.TIMER_CAPTURE_ini) refers to mdr32f9qx_port.o(i.PORT_StructInit) for PORT_StructInit
    ini.o(i.TIMER_CAPTURE_ini) refers to mdr32f9qx_port.o(i.PORT_Init) for PORT_Init
    ini.o(i.TIMER_CAPTURE_ini) refers to mdr32f9qx_timer.o(i.TIMER_DeInit) for TIMER_DeInit
    ini.o(i.TIMER_CAPTURE_ini) refers to mdr32f9qx_timer.o(i.TIMER_CntStructInit) for TIMER_CntStructInit
    ini.o(i.TIMER_CAPTURE_ini) refers to mdr32f9qx_timer.o(i.TIMER_CntInit) for TIMER_CntInit
    ini.o(i.TIMER_CAPTURE_ini) refers to mdr32f9qx_timer.o(i.TIMER_ChnStructInit) for TIMER_ChnStructInit
    ini.o(i.TIMER_CAPTURE_ini) refers to mdr32f9qx_timer.o(i.TIMER_ChnInit) for TIMER_ChnInit
    ini.o(i.TIMER_CAPTURE_ini) refers to mdr32f9qx_timer.o(i.TIMER_ChnOutStructInit) for TIMER_ChnOutStructInit
    ini.o(i.TIMER_CAPTURE_ini) refers to mdr32f9qx_timer.o(i.TIMER_ChnOutInit) for TIMER_ChnOutInit
    ini.o(i.TIMER_CAPTURE_ini) refers to mdr32f9qx_timer.o(i.TIMER_Cmd) for TIMER_Cmd
    it.o(i.DMA_IRQHandler) refers to mdr32f9qx_dma.o(i.DMA_Init) for DMA_Init
    it.o(i.DMA_IRQHandler) refers to main.o(.data) for Flag_IRQ
    it.o(i.DMA_IRQHandler) refers to ini.o(.bss) for DMA_InitStructure
[...]
    rred.o(i.__ieee754_rem_pio2) refers to rred.o(.constdata) for .constdata
    rred.o(i.__use_accurate_range_reduction) refers (Special) to usenofp.o(x$fpl$usenofp) for __I$use$fp
    rred.o(.constdata) refers (Special) to usenofp.o(x$fpl$usenofp) for __I$use$fp
    sin_i.o(i.__kernel_sin) refers (Special) to usenofp.o(x$fpl$usenofp) for __I$use$fp
    sin_i.o(i.__kernel_sin) refers to fpclassify.o(i.__ARM_fpclassify) for __ARM_fpclassify
    sin_i.o(i.__kernel_sin) refers to dunder.o(i.__mathlib_dbl_underflow) for __mathlib_dbl_underflow
    sin_i.o(i.__kernel_sin) refers to dmul.o(x$fpl$dmul) for __aeabi_dmul
    sin_i.o(i.__kernel_sin) refers to poly.o(i.__kernel_poly) for __kernel_poly
    sin_i.o(i.__kernel_sin) refers to scalbn.o(x$fpl$scalbn) for __ARM_scalbn
    sin_i.o(i.__kernel_sin) refers to daddsub_clz.o(x$fpl$dsub) for __aeabi_dsub
    sin_i.o(i.__kernel_sin) refers to daddsub_clz.o(x$fpl$drsb) for __aeabi_drsub
    sin_i.o(i.__kernel_sin) refers to daddsub_clz.o(x$fpl$dadd) for __aeabi_dadd
    sin_i.o(i.__kernel_sin) refers to sin_i.o(.constdata) for .constdata
    sin_i.o(.constdata) refers (Special) to usenofp.o(x$fpl$usenofp) for __I$use$fp
    sin_i_x.o(i.____kernel_sin$lsc) refers (Special) to usenofp.o(x$fpl$usenofp) for __I$use$fp
    sin_i_x.o(i.____kernel_sin$lsc) refers to dmul.o(x$fpl$dmul) for __aeabi_dmul
    sin_i_x.o(i.____kernel_sin$lsc) refers to poly.o(i.__kernel_poly) for __kernel_poly
    sin_i_x.o(i.____kernel_sin$lsc) refers to scalbn.o(x$fpl$scalbn) for __ARM_scalbn
    sin_i_x.o(i.____kernel_sin$lsc) refers to daddsub_clz.o(x$fpl$dsub) for __aeabi_dsub
    sin_i_x.o(i.____kernel_sin$lsc) refers to daddsub_clz.o(x$fpl$drsb) for __aeabi_drsub
    sin_i_x.o(i.____kernel_sin$lsc) refers to daddsub_clz.o(x$fpl$dadd) for __aeabi_dadd
    sin_i_x.o(i.____kernel_sin$lsc) refers to sin_i_x.o(.constdata) for .constdata
    sin_i_x.o(.constdata) refers (Special) to usenofp.o(x$fpl$usenofp) for __I$use$fp
    __rtentry2.o(.ARM.Collect$$rtentry$$00000008) refers to boardinit2.o(.text) for _platform_post_stackheap_init
    __rtentry2.o(.ARM.Collect$$rtentry$$0000000A) refers to libinit.o(.ARM.Collect$$libinit$$00000000) for __rt_lib_init
    __rtentry2.o(.ARM.Collect$$rtentry$$0000000B) refers to boardinit3.o(.text) for _platform_post_lib_init
    __rtentry2.o(.ARM.Collect$$rtentry$$0000000D) refers to main.o(i.main) for main
    __rtentry2.o(.ARM.Collect$$rtentry$$0000000D) refers to exit.o(.text) for exit
    __rtentry2.o(.ARM.exidx) refers to __rtentry2.o(.ARM.Collect$$rtentry$$00000001) for .ARM.Collect$$rtentry$$00000001
    __rtentry2.o(.ARM.exidx) refers to __rtentry2.o(.ARM.Collect$$rtentry$$00000008) for .ARM.Collect$$rtentry$$00000008
    __rtentry2.o(.ARM.exidx) refers to __rtentry2.o(.ARM.Collect$$rtentry$$0000000A) for .ARM.Collect$$rtentry$$0000000A
    __rtentry2.o(.ARM.exidx) refers to __rtentry2.o(.ARM.Collect$$rtentry$$0000000B) for .ARM.Collect$$rtentry$$0000000B
    __rtentry2.o(.ARM.exidx) refers to __rtentry2.o(.ARM.Collect$$rtentry$$0000000D) for .ARM.Collect$$rtentry$$0000000D
    __rtentry4.o(.ARM.Collect$$rtentry$$00000004) refers to sys_stackheap_outer.o(.text) for __user_setup_stackheap
    __rtentry4.o(.ARM.exidx) refers to __rtentry4.o(.ARM.Collect$$rtentry$$00000004) for .ARM.Collect$$rtentry$$00000004
    rt_errno_addr.o(.text) refers to rt_errno_addr.o(.bss) for __aeabi_errno_addr_data
    rt_errno_addr_intlibspace.o(.text) refers to libspace.o(.bss) for __libspace_start
    ddiv.o(x$fpl$drdiv) refers (Special) to usenofp.o(x$fpl$usenofp) for __I$use$fp
    ddiv.o(x$fpl$drdiv) refers to ddiv.o(x$fpl$ddiv) for ddiv_entry
    ddiv.o(x$fpl$ddiv) refers (Special) to usenofp.o(x$fpl$usenofp) for __I$use$fp
    ddiv.o(x$fpl$ddiv) refers to dretinf.o(x$fpl$dretinf) for __fpl_dretinf
    ddiv.o(x$fpl$ddiv) refers to dnaninf.o(x$fpl$dnaninf) for __fpl_dnaninf
    dfix.o(x$fpl$dfix) refers (Special) to usenofp.o(x$fpl$usenofp) for __I$use$fp
    dfix.o(x$fpl$dfix) refers to dnaninf.o(x$fpl$dnaninf) for __fpl_dnaninf
    dfix.o(x$fpl$dfixr) refers (Special) to usenofp.o(x$fpl$usenofp) for __I$use$fp
    dfix.o(x$fpl$dfixr) refers to dnaninf.o(x$fpl$dnaninf) for __fpl_dnaninf
    dflt_clz.o(x$fpl$dfltu) refers (Special) to usenofp.o(x$fpl$usenofp) for __I$use$fp
    dflt_clz.o(x$fpl$dflt) refers (Special) to usenofp.o(x$fpl$usenofp) for __I$use$fp
    dflt_clz.o(x$fpl$dfltn) refers (Special) to usenofp.o(x$fpl$usenofp) for __I$use$fp
    scalbn.o(x$fpl$scalbn) refers (Special) to usenofp.o(x$fpl$usenofp) for __I$use$fp
    scalbn.o(x$fpl$scalbn) refers to dcheck1.o(x$fpl$dcheck1) for __fpl_dcheck_NaN1
    fpclassify.o(i.__ARM_fpclassify) refers (Special) to usenofp.o(x$fpl$usenofp) for __I$use$fp
    poly.o(i.__kernel_poly) refers (Special) to usenofp.o(x$fpl$usenofp) for __I$use$fp
    poly.o(i.__kernel_poly) refers to dmul.o(x$fpl$dmul) for __aeabi_dmul
    poly.o(i.__kernel_poly) refers to daddsub_clz.o(x$fpl$dadd) for __aeabi_dadd
    libspace.o(.text) refers to libspace.o(.bss) for __libspace_start
    sys_stackheap_outer.o(.text) refers to libspace.o(.text) for __user_perproc_libspace
    sys_stackheap_outer.o(.text) refers to startup_mdr32f9qx.o(.text) for __user_initial_stackheap
    exit.o(.text) refers to rtexit.o(.ARM.Collect$$rtexit$$00000000) for __rt_exit
    libinit.o(.ARM.Collect$$libinit$$00000000) refers (Special) to libinit2.o(.ARM.Collect$$libinit$$0000002E) for __rt_lib_init_alloca_1
    libinit.o(.ARM.Collect$$libinit$$00000000) refers (Special) to libinit2.o(.ARM.Collect$$libinit$$0000002C) for __rt_lib_init_argv_1
    libinit.o(.ARM.Collect$$libinit$$00000000) refers (Special) to libinit2.o(.ARM.Collect$$libinit$$0000001B) for __rt_lib_init_atexit_1
    libinit.o(.ARM.Collect$$libinit$$00000000) refers (Special) to libinit2.o(.ARM.Collect$$libinit$$00000021) for __rt_lib_init_clock_1
    libinit.o(.ARM.Collect$$libinit$$00000000) refers (Special) to libinit2.o(.ARM.Collect$$libinit$$00000032) for __rt_lib_init_cpp_1
    libinit.o(.ARM.Collect$$libinit$$00000000) refers (Special) to libinit2.o(.ARM.Collect$$libinit$$00000030) for __rt_lib_init_exceptions_1
    libinit.o(.ARM.Collect$$libinit$$00000000) refers (Special) to libinit2.o(.ARM.Collect$$libinit$$00000002) for __rt_lib_init_fp_1
    libinit.o(.ARM.Collect$$libinit$$00000000) refers (Special) to libinit2.o(.ARM.Collect$$libinit$$0000001F) for __rt_lib_init_fp_trap_1
    libinit.o(.ARM.Collect$$libinit$$00000000) refers (Special) to libinit2.o(.ARM.Collect$$libinit$$00000023) for __rt_lib_init_getenv_1
    libinit.o(.ARM.Collect$$libinit$$00000000) refers (Special) to libinit2.o(.ARM.Collect$$libinit$$0000000A) for __rt_lib_init_heap_1
    libinit.o(.ARM.Collect$$libinit$$00000000) refers (Special) to libinit2.o(.ARM.Collect$$libinit$$00000011) for __rt_lib_init_lc_collate_1
    libinit.o(.ARM.Collect$$libinit$$00000000) refers (Special) to libinit2.o(.ARM.Collect$$libinit$$00000013) for __rt_lib_init_lc_ctype_1
    libinit.o(.ARM.Collect$$libinit$$00000000) refers (Special) to libinit2.o(.ARM.Collect$$libinit$$00000015) for __rt_lib_init_lc_monetary_1
    libinit.o(.ARM.Collect$$libinit$$00000000) refers (Special) to libinit2.o(.ARM.Collect$$libinit$$00000017) for __rt_lib_init_lc_numeric_1
    libinit.o(.ARM.Collect$$libinit$$00000000) refers (Special) to libinit2.o(.ARM.Collect$$libinit$$00000019) for __rt_lib_init_lc_time_1
    libinit.o(.ARM.Collect$$libinit$$00000000) refers (Special) to libinit2.o(.ARM.Collect$$libinit$$00000004) for __rt_lib_init_preinit_1
    libinit.o(.ARM.Collect$$libinit$$00000000) refers (Special) to libinit2.o(.ARM.Collect$$libinit$$0000000E) for __rt_lib_init_rand_1
    libinit.o(.ARM.Collect$$libinit$$00000000) refers (Special) to libinit2.o(.ARM.Collect$$libinit$$00000033) for __rt_lib_init_return
    libinit.o(.ARM.Collect$$libinit$$00000000) refers (Special) to libinit2.o(.ARM.Collect$$libinit$$0000001D) for __rt_lib_init_signal_1
    libinit.o(.ARM.Collect$$libinit$$00000000) refers (Special) to libinit2.o(.ARM.Collect$$libinit$$00000025) for __rt_lib_init_stdio_1
    libinit.o(.ARM.Collect$$libinit$$00000000) refers (Special) to libinit2.o(.ARM.Collect$$libinit$$0000000C) for __rt_lib_init_user_alloc_1
    dcheck1.o(x$fpl$dcheck1) refers (Special) to usenofp.o(x$fpl$usenofp) for __I$use$fp
    dcheck1.o(x$fpl$dcheck1) refers to retnan.o(x$fpl$retnan) for __fpl_return_NaN
    rtexit.o(.ARM.Collect$$rtexit$$00000000) refers (Special) to rtexit2.o(.ARM.Collect$$rtexit$$00000004) for __rt_exit_exit
    rtexit.o(.ARM.Collect$$rtexit$$00000000) refers (Special) to rtexit2.o(.ARM.Collect$$rtexit$$00000003) for __rt_exit_ls
    rtexit.o(.ARM.Collect$$rtexit$$00000000) refers (Special) to rtexit2.o(.ARM.Collect$$rtexit$$00000002) for __rt_exit_prels_1
    rtexit.o(.ARM.exidx) refers (Special) to rtexit2.o(.ARM.Collect$$rtexit$$00000004) for __rt_exit_exit
    rtexit.o(.ARM.exidx) refers (Special) to rtexit2.o(.ARM.Collect$$rtexit$$00000003) for __rt_exit_ls
    rtexit.o(.ARM.exidx) refers (Special) to rtexit2.o(.ARM.Collect$$rtexit$$00000002) for __rt_exit_prels_1
    rtexit.o(.ARM.exidx) refers to rtexit.o(.ARM.Collect$$rtexit$$00000000) for .ARM.Collect$$rtexit$$00000000
    libinit2.o(.ARM.Collect$$libinit$$00000010) refers to libinit2.o(.ARM.Collect$$libinit$$0000000F) for .ARM.Collect$$libinit$$0000000F
    libinit2.o(.ARM.Collect$$libinit$$00000012) refers to libinit2.o(.ARM.Collect$$libinit$$0000000F) for .ARM.Collect$$libinit$$0000000F
    libinit2.o(.ARM.Collect$$libinit$$00000014) refers to libinit2.o(.ARM.Collect$$libinit$$0000000F) for .ARM.Collect$$libinit$$0000000F
    libinit2.o(.ARM.Collect$$libinit$$00000016) refers to libinit2.o(.ARM.Collect$$libinit$$0000000F) for .ARM.Collect$$libinit$$0000000F
    libinit2.o(.ARM.Collect$$libinit$$00000018) refers to libinit2.o(.ARM.Collect$$libinit$$0000000F) for .ARM.Collect$$libinit$$0000000F
    libinit2.o(.ARM.Collect$$libinit$$00000026) refers to argv_veneer.o(.emb_text) for __ARM_argv_veneer
    libinit2.o(.ARM.Collect$$libinit$$00000027) refers to argv_veneer.o(.emb_text) for __ARM_argv_veneer
    retnan.o(x$fpl$retnan) refers (Special) to usenofp.o(x$fpl$usenofp) for __I$use$fp
    retnan.o(x$fpl$retnan) refers to trapv.o(x$fpl$trapveneer) for __fpl_cmpreturn
    rtexit2.o(.ARM.Collect$$rtexit$$00000003) refers to libshutdown.o(.ARM.Collect$$libshutdown$$00000000) for __rt_lib_shutdown
    rtexit2.o(.ARM.Collect$$rtexit$$00000004) refers to sys_exit.o(.text) for _sys_exit
    rtexit2.o(.ARM.exidx) refers to rtexit2.o(.ARM.Collect$$rtexit$$00000001) for .ARM.Collect$$rtexit$$00000001
    rtexit2.o(.ARM.exidx) refers to rtexit2.o(.ARM.Collect$$rtexit$$00000003) for .ARM.Collect$$rtexit$$00000003
    rtexit2.o(.ARM.exidx) refers to rtexit2.o(.ARM.Collect$$rtexit$$00000004) for .ARM.Collect$$rtexit$$00000004
    argv_veneer.o(.emb_text) refers to no_argv.o(.text) for __ARM_get_argv
    trapv.o(x$fpl$trapveneer) refers (Special) to usenofp.o(x$fpl$usenofp) for __I$use$fp
    sys_exit.o(.text) refers (Special) to use_no_semi.o(.text) for __I$use$semihosting
    sys_exit.o(.text) refers (Special) to indicate_semi.o(.text) for __semihosting_library_function
    _get_argv_nomalloc.o(.text) refers (Special) to hrguard.o(.text) for __heap_region$guard
    _get_argv_nomalloc.o(.text) refers to defsig_rtmem_outer.o(.text) for __rt_SIGRTMEM
    _get_argv_nomalloc.o(.text) refers to sys_command.o(.text) for _sys_command_string
    libshutdown.o(.ARM.Collect$$libshutdown$$00000000) refers (Special) to libshutdown2.o(.ARM.Collect$$libshutdown$$00000002) for __rt_lib_shutdown_cpp_1
    libshutdown.o(.ARM.Collect$$libshutdown$$00000000) refers (Special) to libshutdown2.o(.ARM.Collect$$libshutdown$$00000007) for __rt_lib_shutdown_fp_trap_1
    libshutdown.o(.ARM.Collect$$libshutdown$$00000000) refers (Special) to libshutdown2.o(.ARM.Collect$$libshutdown$$0000000F) for __rt_lib_shutdown_heap_1
    libshutdown.o(.ARM.Collect$$libshutdown$$00000000) refers (Special) to libshutdown2.o(.ARM.Collect$$libshutdown$$00000010) for __rt_lib_shutdown_return
    libshutdown.o(.ARM.Collect$$libshutdown$$00000000) refers (Special) to libshutdown2.o(.ARM.Collect$$libshutdown$$0000000A) for __rt_lib_shutdown_signal_1
    libshutdown.o(.ARM.Collect$$libshutdown$$00000000) refers (Special) to libshutdown2.o(.ARM.Collect$$libshutdown$$00000004) for __rt_lib_shutdown_stdio_1
    libshutdown.o(.ARM.Collect$$libshutdown$$00000000) refers (Special) to libshutdown2.o(.ARM.Collect$$libshutdown$$0000000C) for __rt_lib_shutdown_user_alloc_1
    sys_command.o(.text) refers (Special) to use_no_semi.o(.text) for __I$use$semihosting
    sys_command.o(.text) refers (Special) to indicate_semi.o(.text) for __semihosting_library_function
    defsig_rtmem_outer.o(.text) refers to defsig_rtmem_inner.o(.text) for __rt_SIGRTMEM_inner
    defsig_rtmem_outer.o(.text) refers to defsig_exit.o(.text) for __sig_exit
    defsig_rtmem_formal.o(.text) refers to rt_raise.o(.text) for __rt_raise
    rt_raise.o(.text) refers to __raise.o(.text) for __raise
    rt_raise.o(.text) refers to sys_exit.o(.text) for _sys_exit
    defsig_exit.o(.text) refers to sys_exit.o(.text) for _sys_exit
    defsig_rtmem_inner.o(.text) refers to defsig_general.o(.text) for __default_signal_display
    __raise.o(.text) refers to defsig.o(CL$$defsig) for __default_signal_handler
    defsig_general.o(.text) refers to sys_wrch.o(.text) for _ttywrch
    sys_wrch.o(.text) refers (Special) to use_no_semi.o(.text) for __I$use$semihosting
    sys_wrch.o(.text) refers (Special) to indicate_semi.o(.text) for __semihosting_library_function
    defsig.o(CL$$defsig) refers to defsig_rtmem_inner.o(.text) for __rt_SIGRTMEM_inner
    defsig_abrt_inner.o(.text) refers to defsig_general.o(.text) for __default_signal_display
    defsig_fpe_inner.o(.text) refers to defsig_general.o(.text) for __default_signal_display
    defsig_rtred_inner.o(.text) refers to defsig_general.o(.text) for __default_signal_display
    defsig_stak_inner.o(.text) refers to defsig_general.o(.text) for __default_signal_display
    defsig_pvfn_inner.o(.text) refers to defsig_general.o(.text) for __default_signal_display
    defsig_cppl_inner.o(.text) refers to defsig_general.o(.text) for __default_signal_display
    defsig_segv_inner.o(.text) refers to defsig_general.o(.text) for __default_signal_display
    defsig_other.o(.text) refers to defsig_general.o(.text) for __default_signal_display


==============================================================================

Removing Unused input sections from the image.

    Removing ini.o(.rev16_text), (4 bytes).
    Removing ini.o(.revsh_text), (4 bytes).
    Removing ini.o(.rrx_text), (6 bytes).
    Removing it.o(.rev16_text), (4 bytes).
    Removing it.o(.revsh_text), (4 bytes).
    Removing it.o(.rrx_text), (6 bytes).
    Removing main.o(.rev16_text), (4 bytes).
    Removing main.o(.revsh_text), (4 bytes).
    Removing main.o(.rrx_text), (6 bytes).
    Removing system_mdr32f9qx.o(.rev16_text), (4 bytes).
    Removing system_mdr32f9qx.o(.revsh_text), (4 bytes).
    Removing system_mdr32f9qx.o(.rrx_text), (6 bytes).
    Removing mdr32f9qx_dac.o(.rev16_text), (4 bytes).
    Removing mdr32f9qx_dac.o(.revsh_text), (4 bytes).
    Removing mdr32f9qx_dac.o(.rrx_text), (6 bytes).
    Removing mdr32f9qx_dac.o(i.DAC1_Cmd), (28 bytes).
    Removing mdr32f9qx_dac.o(i.DAC1_GetData), (12 bytes).
    Removing mdr32f9qx_dac.o(i.DAC1_Init), (20 bytes).
    Removing mdr32f9qx_dac.o(i.DAC1_SetData), (12 bytes).
    Removing mdr32f9qx_dac.o(i.DAC2_GetData), (12 bytes).
    Removing mdr32f9qx_dac.o(i.DAC2_SetData), (12 bytes).
    Removing mdr32f9qx_dac.o(i.DAC_Init), (28 bytes).
    Removing mdr32f9qx_dma.o(.rev16_text), (4 bytes).
    Removing mdr32f9qx_dma.o(.revsh_text), (4 bytes).
    Removing mdr32f9qx_dma.o(.rrx_text), (6 bytes).
    Removing mdr32f9qx_dma.o(i.DMA_ClearError), (12 bytes).
    Removing mdr32f9qx_dma.o(i.DMA_CtrlInit), (52 bytes).
    Removing mdr32f9qx_dma.o(i.DMA_GetCurrTransferCounter), (40 bytes).
    Removing mdr32f9qx_dma.o(i.DMA_GetFlagStatus), (132 bytes).
    Removing mdr32f9qx_dma.o(i.DMA_Request), (16 bytes).
    Removing mdr32f9qx_dma.o(i.DMA_SG_CtrlInit), (20 bytes).
    Removing mdr32f9qx_dma.o(i.DMA_SG_Init), (164 bytes).
    Removing mdr32f9qx_dma.o(i.DMA_SG_StructInit), (18 bytes).
    Removing mdr32f9qx_eeprom.o(.rev16_text), (4 bytes).
    Removing mdr32f9qx_eeprom.o(.revsh_text), (4 bytes).
    Removing mdr32f9qx_eeprom.o(.rrx_text), (6 bytes).
    Removing mdr32f9qx_eeprom.o(EXECUTABLE_MEMORY_SECTION), (796 bytes).
    Removing mdr32f9qx_eeprom.o(i.EEPROM_SetLatency), (12 bytes).
    Removing mdr32f9qx_port.o(.rev16_text), (4 bytes).
    Removing mdr32f9qx_port.o(.revsh_text), (4 bytes).
    Removing mdr32f9qx_port.o(.rrx_text), (6 bytes).
    Removing mdr32f9qx_port.o(i.PORT_DeInit), (20 bytes).
    Removing mdr32f9qx_port.o(i.PORT_ReadInputData), (6 bytes).
    Removing mdr32f9qx_port.o(i.PORT_ReadInputDataBit), (16 bytes).
    Removing mdr32f9qx_port.o(i.PORT_Write), (24 bytes).
    Removing mdr32f9qx_port.o(i.PORT_WriteBit), (44 bytes).
    Removing mdr32f9qx_rst_clk.o(.rev16_text), (4 bytes).
    Removing mdr32f9qx_rst_clk.o(.revsh_text), (4 bytes).
    Removing mdr32f9qx_rst_clk.o(.rrx_text), (6 bytes).
    Removing mdr32f9qx_rst_clk.o(i.RST_CLK_ADCclkEnable), (12 bytes).
    Removing mdr32f9qx_rst_clk.o(i.RST_CLK_ADCclkPrescaler), (24 bytes).
    Removing mdr32f9qx_rst_clk.o(i.RST_CLK_ADCclkSelection), (20 bytes).
    Removing mdr32f9qx_rst_clk.o(i.RST_CLK_DeInit), (44 bytes).
    Removing mdr32f9qx_rst_clk.o(i.RST_CLK_GetClocksFreq), (628 bytes).
    Removing mdr32f9qx_rst_clk.o(i.RST_CLK_HSEclkPrescaler), (20 bytes).
    Removing mdr32f9qx_rst_clk.o(i.RST_CLK_HSIadjust), (24 bytes).
    Removing mdr32f9qx_rst_clk.o(i.RST_CLK_HSIclkPrescaler), (24 bytes).
    Removing mdr32f9qx_rst_clk.o(i.RST_CLK_HSIcmd), (12 bytes).
    Removing mdr32f9qx_rst_clk.o(i.RST_CLK_HSIstatus), (52 bytes).
    Removing mdr32f9qx_rst_clk.o(i.RST_CLK_LSEconfig), (60 bytes).
    Removing mdr32f9qx_rst_clk.o(i.RST_CLK_LSEstatus), (52 bytes).
    Removing mdr32f9qx_rst_clk.o(i.RST_CLK_LSIadjust), (24 bytes).
    Removing mdr32f9qx_rst_clk.o(i.RST_CLK_LSIcmd), (12 bytes).
    Removing mdr32f9qx_rst_clk.o(i.RST_CLK_LSIstatus), (52 bytes).
    Removing mdr32f9qx_rst_clk.o(i.RST_CLK_RTC_HSEclkEnable), (12 bytes).
    Removing mdr32f9qx_rst_clk.o(i.RST_CLK_RTC_HSIclkEnable), (12 bytes).
    Removing mdr32f9qx_rst_clk.o(i.RST_CLK_USB_PLLcmd), (12 bytes).
    Removing mdr32f9qx_rst_clk.o(i.RST_CLK_USB_PLLconfig), (64 bytes).
    Removing mdr32f9qx_rst_clk.o(i.RST_CLK_USB_PLLstatus), (52 bytes).
    Removing mdr32f9qx_rst_clk.o(i.RST_CLK_USB_PLLuse), (12 bytes).
    Removing mdr32f9qx_rst_clk.o(i.RST_CLK_USBclkEnable), (12 bytes).
    Removing mdr32f9qx_rst_clk.o(i.RST_CLK_USBclkPrescaler), (12 bytes).
    Removing mdr32f9qx_rst_clk.o(i.RST_CLK_WarmDeInit), (84 bytes).
    Removing mdr32f9qx_timer.o(.rev16_text), (4 bytes).
    Removing mdr32f9qx_timer.o(.revsh_text), (4 bytes).
    Removing mdr32f9qx_timer.o(.rrx_text), (6 bytes).
    Removing mdr32f9qx_timer.o(i.TIMER_BRKPolarityConfig), (14 bytes).
    Removing mdr32f9qx_timer.o(i.TIMER_ChnBRKResetConfig), (24 bytes).
    Removing mdr32f9qx_timer.o(i.TIMER_ChnCCR1_Cmd), (30 bytes).
    Removing mdr32f9qx_timer.o(i.TIMER_ChnCCR1_EventSourceConfig), (24 bytes).
    Removing mdr32f9qx_timer.o(i.TIMER_ChnCapturePrescalerConfig), (26 bytes).
    Removing mdr32f9qx_timer.o(i.TIMER_ChnCompare1Config), (32 bytes).
    Removing mdr32f9qx_timer.o(i.TIMER_ChnCompareConfig), (32 bytes).
    Removing mdr32f9qx_timer.o(i.TIMER_ChnETRResetConfig), (24 bytes).
    Removing mdr32f9qx_timer.o(i.TIMER_ChnETR_Cmd), (30 bytes).
    Removing mdr32f9qx_timer.o(i.TIMER_ChnEventSourceConfig), (24 bytes).
    Removing mdr32f9qx_timer.o(i.TIMER_ChnFilterConfig), (24 bytes).
    Removing mdr32f9qx_timer.o(i.TIMER_ChnNOutConfig), (36 bytes).
    Removing mdr32f9qx_timer.o(i.TIMER_ChnNOutModeConfig), (26 bytes).
    Removing mdr32f9qx_timer.o(i.TIMER_ChnNOutPolarityConfig), (26 bytes).
    Removing mdr32f9qx_timer.o(i.TIMER_ChnNOutSourceConfig), (26 bytes).
    Removing mdr32f9qx_timer.o(i.TIMER_ChnOutConfig), (34 bytes).
    Removing mdr32f9qx_timer.o(i.TIMER_ChnOutDTGConfig), (20 bytes).
    Removing mdr32f9qx_timer.o(i.TIMER_ChnOutModeConfig), (24 bytes).
    Removing mdr32f9qx_timer.o(i.TIMER_ChnOutPolarityConfig), (26 bytes).
    Removing mdr32f9qx_timer.o(i.TIMER_ChnOutSourceConfig), (26 bytes).
    Removing mdr32f9qx_timer.o(i.TIMER_ChnREFFormatConfig), (24 bytes).
    Removing mdr32f9qx_timer.o(i.TIMER_ClearFlag), (8 bytes).
    Removing mdr32f9qx_timer.o(i.TIMER_CntAutoreloadConfig), (18 bytes).
    Removing mdr32f9qx_timer.o(i.TIMER_CntEventSourceConfig), (14 bytes).
    Removing mdr32f9qx_timer.o(i.TIMER_CounterModeConfig), (14 bytes).
    Removing mdr32f9qx_timer.o(i.TIMER_ETRFilterConfig), (16 bytes).
    Removing mdr32f9qx_timer.o(i.TIMER_ETRInputConfig), (22 bytes).
    Removing mdr32f9qx_timer.o(i.TIMER_ETRPolarityConfig), (14 bytes).
    Removing mdr32f9qx_timer.o(i.TIMER_ETRPrescalerConfig), (14 bytes).
    Removing mdr32f9qx_timer.o(i.TIMER_FilterSamplingConfig), (14 bytes).
    Removing mdr32f9qx_timer.o(i.TIMER_GetChnCapture), (18 bytes).
    Removing mdr32f9qx_timer.o(i.TIMER_GetChnCapture1), (18 bytes).
    Removing mdr32f9qx_timer.o(i.TIMER_GetChnWriteComplete), (28 bytes).
    Removing mdr32f9qx_timer.o(i.TIMER_GetCntWriteComplete), (18 bytes).
    Removing mdr32f9qx_timer.o(i.TIMER_GetCounter), (8 bytes).
    Removing mdr32f9qx_timer.o(i.TIMER_GetCounterDirection), (18 bytes).
    Removing mdr32f9qx_timer.o(i.TIMER_GetFlagStatus), (16 bytes).
    Removing mdr32f9qx_timer.o(i.TIMER_GetITStatus), (24 bytes).
    Removing mdr32f9qx_timer.o(i.TIMER_GetStatus), (6 bytes).
    Removing mdr32f9qx_timer.o(i.TIMER_ITConfig), (18 bytes).
    Removing mdr32f9qx_timer.o(i.TIMER_SetChnCompare), (14 bytes).
    Removing mdr32f9qx_timer.o(i.TIMER_SetChnCompare1), (14 bytes).
    Removing mdr32f9qx_timer.o(i.TIMER_SetCntAutoreload), (4 bytes).
    Removing mdr32f9qx_timer.o(i.TIMER_SetCntPrescaler), (4 bytes).
    Removing mdr32f9qx_timer.o(i.TIMER_SetCounter), (4 bytes).
    Removing mdr32f9qx_timer.o(i.TIMER_SetCounterDirection), (14 bytes).

122 unused section(s) (total 3880 bytes) removed from the image.

==============================================================================

Image Symbol Table

    Local Symbols

    Symbol Name                              Value     Ov Type        Size  Object(Section)

    ../clib/angel/boardlib.s                 0x00000000   Number         0  boardinit2.o ABSOLUTE
    ../clib/angel/boardlib.s                 0x00000000   Number         0  boardinit3.o ABSOLUTE
    ../clib/angel/boardlib.s                 0x00000000   Number         0  boardinit1.o ABSOLUTE
    ../clib/angel/boardlib.s                 0x00000000   Number         0  boardshut.o ABSOLUTE
    ../clib/angel/handlers.s                 0x00000000   Number         0  __scatter_zi.o ABSOLUTE
    ../clib/angel/handlers.s                 0x00000000   Number         0  __scatter_copy.o ABSOLUTE
    ../clib/angel/kernel.s                   0x00000000   Number         0  rtexit.o ABSOLUTE
    ../clib/angel/kernel.s                   0x00000000   Number         0  __rtentry.o ABSOLUTE
    ../clib/angel/kernel.s                   0x00000000   Number         0  rtexit2.o ABSOLUTE
    ../clib/angel/kernel.s                   0x00000000   Number         0  __rtentry2.o ABSOLUTE
    ../clib/angel/kernel.s                   0x00000000   Number         0  __rtentry4.o ABSOLUTE
    ../clib/angel/rt.s                       0x00000000   Number         0  rt_raise.o ABSOLUTE
    ../clib/angel/rt.s                       0x00000000   Number         0  rt_errno_addr.o ABSOLUTE
    ../clib/angel/rt.s                       0x00000000   Number         0  rt_errno_addr_intlibspace.o ABSOLUTE
    ../clib/angel/scatter.s                  0x00000000   Number         0  __scatter.o ABSOLUTE
    ../clib/angel/startup.s                  0x00000000   Number         0  __main.o ABSOLUTE
    ../clib/angel/sys.s                      0x00000000   Number         0  sys_stackheap_outer.o ABSOLUTE
    ../clib/angel/sys.s                      0x00000000   Number         0  libspace.o ABSOLUTE
    ../clib/angel/sys.s                      0x00000000   Number         0  indicate_semi.o ABSOLUTE
    ../clib/angel/sys.s                      0x00000000   Number         0  use_no_semi.o ABSOLUTE
    ../clib/angel/sysapp.c                   0x00000000   Number         0  sys_command.o ABSOLUTE
    ../clib/angel/sysapp.c                   0x00000000   Number         0  sys_exit.o ABSOLUTE
    ../clib/angel/sysapp.c                   0x00000000   Number         0  sys_wrch.o ABSOLUTE
    ../clib/armsys.c                         0x00000000   Number         0  _get_argv_nomalloc.o ABSOLUTE
    ../clib/armsys.c                         0x00000000   Number         0  argv_veneer.o ABSOLUTE
    ../clib/armsys.c                         0x00000000   Number         0  argv_veneer.o ABSOLUTE
    ../clib/armsys.c                         0x00000000   Number         0  no_argv.o ABSOLUTE
    ../clib/fenv.c                           0x00000000   Number         0  _rserrno.o ABSOLUTE
    ../clib/heapalloc.c                      0x00000000   Number         0  hrguard.o ABSOLUTE
    ../clib/heapaux.c                        0x00000000   Number         0  heapauxi.o ABSOLUTE
    ../clib/libinit.s                        0x00000000   Number         0  libshutdown2.o ABSOLUTE
    ../clib/libinit.s                        0x00000000   Number         0  libinit2.o ABSOLUTE
    ../clib/libinit.s                        0x00000000   Number         0  libinit.o ABSOLUTE
    ../clib/libinit.s                        0x00000000   Number         0  libshutdown.o ABSOLUTE
    ../clib/signal.c                         0x00000000   Number         0  defsig_general.o ABSOLUTE
    ../clib/signal.c                         0x00000000   Number         0  defsig_fpe_inner.o ABSOLUTE
    ../clib/signal.c                         0x00000000   Number         0  defsig_exit.o ABSOLUTE
    ../clib/signal.c                         0x00000000   Number         0  defsig_rtred_inner.o ABSOLUTE
    ../clib/signal.c                         0x00000000   Number         0  defsig_stak_inner.o ABSOLUTE
    ../clib/signal.c                         0x00000000   Number         0  defsig_abrt_inner.o ABSOLUTE
    ../clib/signal.c                         0x00000000   Number         0  defsig_pvfn_inner.o ABSOLUTE
    ../clib/signal.c                         0x00000000   Number         0  defsig_other.o ABSOLUTE
    ../clib/signal.c                         0x00000000   Number         0  defsig_rtmem_outer.o ABSOLUTE
    ../clib/signal.c                         0x00000000   Number         0  defsig_cppl_inner.o ABSOLUTE
    ../clib/signal.c                         0x00000000   Number         0  defsig_rtmem_formal.o ABSOLUTE
    ../clib/signal.c                         0x00000000   Number         0  __raise.o ABSOLUTE
    ../clib/signal.c                         0x00000000   Number         0  defsig_rtmem_inner.o ABSOLUTE
    ../clib/signal.c                         0x00000000   Number         0  defsig_segv_inner.o ABSOLUTE
    ../clib/signal.s                         0x00000000   Number         0  defsig.o ABSOLUTE
    ../clib/stdlib.c                         0x00000000   Number         0  exit.o ABSOLUTE
    ../fplib/daddsub.s                       0x00000000   Number         0  daddsub_clz.o ABSOLUTE
    ../fplib/dcheck1.s                       0x00000000   Number         0  dcheck1.o ABSOLUTE
    ../fplib/ddiv.s                          0x00000000   Number         0  ddiv.o ABSOLUTE
    ../fplib/dfix.s                          0x00000000   Number         0  dfix.o ABSOLUTE
    ../fplib/dfixu.s                         0x00000000   Number         0  dfixu.o ABSOLUTE
    ../fplib/dflt.s                          0x00000000   Number         0  dflt_clz.o ABSOLUTE
    ../fplib/dmul.s                          0x00000000   Number         0  dmul.o ABSOLUTE
    ../fplib/dnaninf.s                       0x00000000   Number         0  dnaninf.o ABSOLUTE
    ../fplib/dretinf.s                       0x00000000   Number         0  dretinf.o ABSOLUTE
    ../fplib/f2d.s                           0x00000000   Number         0  f2d.o ABSOLUTE
    ../fplib/fflt.s                          0x00000000   Number         0  fflt_clz.o ABSOLUTE
    ../fplib/fmul.s                          0x00000000   Number         0  fmul.o ABSOLUTE
    ../fplib/fnaninf.s                       0x00000000   Number         0  fnaninf.o ABSOLUTE
    ../fplib/fpinit.s                        0x00000000   Number         0  fpinit.o ABSOLUTE
    ../fplib/fretinf.s                       0x00000000   Number         0  fretinf.o ABSOLUTE
    ../fplib/retnan.s                        0x00000000   Number         0  retnan.o ABSOLUTE
    ../fplib/scalbn.s                        0x00000000   Number         0  scalbn.o ABSOLUTE
    ../fplib/trapv.s                         0x00000000   Number         0  trapv.o ABSOLUTE
    ../fplib/usenofp.s                       0x00000000   Number         0  usenofp.o ABSOLUTE
    ../mathlib/cos_i.c                       0x00000000   Number         0  cos_i.o ABSOLUTE
    ../mathlib/dunder.c                      0x00000000   Number         0  dunder.o ABSOLUTE
    ../mathlib/fpclassify.c                  0x00000000   Number         0  fpclassify.o ABSOLUTE
    ../mathlib/poly.c                        0x00000000   Number         0  poly.o ABSOLUTE
    ../mathlib/rred.c                        0x00000000   Number         0  rred.o ABSOLUTE
    ../mathlib/sin.c                         0x00000000   Number         0  sin.o ABSOLUTE
    ../mathlib/sin.c                         0x00000000   Number         0  sin_x.o ABSOLUTE
    ../mathlib/sin_i.c                       0x00000000   Number         0  sin_i_x.o ABSOLUTE
    ../mathlib/sin_i.c                       0x00000000   Number         0  sin_i.o ABSOLUTE
    C:\Keil_v5\ARM\PACK\Keil\MDR1986BExx\1.4\Libraries\MDR32F9Qx_StdPeriph_Driver\src\MDR32F9Qx_dac.c 0x00000000   Number         0  mdr32f9qx_dac.o ABSOLUTE
    C:\Keil_v5\ARM\PACK\Keil\MDR1986BExx\1.4\Libraries\MDR32F9Qx_StdPeriph_Driver\src\MDR32F9Qx_dma.c 0x00000000   Number         0  mdr32f9qx_dma.o ABSOLUTE
    C:\Keil_v5\ARM\PACK\Keil\MDR1986BExx\1.4\Libraries\MDR32F9Qx_StdPeriph_Driver\src\MDR32F9Qx_eeprom.c 0x00000000   Number         0  mdr32f9qx_eeprom.o ABSOLUTE
    C:\Keil_v5\ARM\PACK\Keil\MDR1986BExx\1.4\Libraries\MDR32F9Qx_StdPeriph_Driver\src\MDR32F9Qx_port.c 0x00000000   Number         0  mdr32f9qx_port.o ABSOLUTE
    C:\Keil_v5\ARM\PACK\Keil\MDR1986BExx\1.4\Libraries\MDR32F9Qx_StdPeriph_Driver\src\MDR32F9Qx_rst_clk.c 0x00000000   Number         0  mdr32f9qx_rst_clk.o ABSOLUTE
    C:\Keil_v5\ARM\PACK\Keil\MDR1986BExx\1.4\Libraries\MDR32F9Qx_StdPeriph_Driver\src\MDR32F9Qx_timer.c 0x00000000   Number         0  mdr32f9qx_timer.o ABSOLUTE
    C:\\Keil_v5\\ARM\\PACK\\Keil\\MDR1986BExx\\1.4\\Libraries\\MDR32F9Qx_StdPeriph_Driver\\src\\MDR32F9Qx_dac.c 0x00000000   Number         0  mdr32f9qx_dac.o ABSOLUTE
    C:\\Keil_v5\\ARM\\PACK\\Keil\\MDR1986BExx\\1.4\\Libraries\\MDR32F9Qx_StdPeriph_Driver\\src\\MDR32F9Qx_dma.c 0x00000000   Number         0  mdr32f9qx_dma.o ABSOLUTE
    C:\\Keil_v5\\ARM\\PACK\\Keil\\MDR1986BExx\\1.4\\Libraries\\MDR32F9Qx_StdPeriph_Driver\\src\\MDR32F9Qx_eeprom.c 0x00000000   Number         0  mdr32f9qx_eeprom.o ABSOLUTE
    C:\\Keil_v5\\ARM\\PACK\\Keil\\MDR1986BExx\\1.4\\Libraries\\MDR32F9Qx_StdPeriph_Driver\\src\\MDR32F9Qx_port.c 0x00000000   Number         0  mdr32f9qx_port.o ABSOLUTE
    C:\\Keil_v5\\ARM\\PACK\\Keil\\MDR1986BExx\\1.4\\Libraries\\MDR32F9Qx_StdPeriph_Driver\\src\\MDR32F9Qx_rst_clk.c 0x00000000   Number         0  mdr32f9qx_rst_clk.o ABSOLUTE
    C:\\Keil_v5\\ARM\\PACK\\Keil\\MDR1986BExx\\1.4\\Libraries\\MDR32F9Qx_StdPeriph_Driver\\src\\MDR32F9Qx_timer.c 0x00000000   Number         0  mdr32f9qx_timer.o ABSOLUTE
    RTE\Device\MDR1986BE92\startup_MDR32F9Qx.s 0x00000000   Number         0  startup_mdr32f9qx.o ABSOLUTE
    RTE\Device\MDR1986BE92\system_MDR32F9Qx.c 0x00000000   Number         0  system_mdr32f9qx.o ABSOLUTE
    RTE\\Device\\MDR1986BE92\\system_MDR32F9Qx.c 0x00000000   Number         0  system_mdr32f9qx.o ABSOLUTE
    User\\src\\ini.c                         0x00000000   Number         0  ini.o ABSOLUTE
    User\\src\\it.c                          0x00000000   Number         0  it.o ABSOLUTE
    User\\src\\main.c                        0x00000000   Number         0  main.o ABSOLUTE
    User\src\ini.c                           0x00000000   Number         0  ini.o ABSOLUTE
    User\src\it.c                            0x00000000   Number         0  it.o ABSOLUTE
    User\src\main.c                          0x00000000   Number         0  main.o ABSOLUTE
    dc.s                                     0x00000000   Number         0  dc.o ABSOLUTE
    RESET                                    0x08000000   Section      192  startup_mdr32f9qx.o(RESET)
    !!!main                                  0x080000c0   Section        8  __main.o(!!!main)
    !!!scatter                               0x080000c8   Section       52  __scatter.o(!!!scatter)
    !!handler_copy                           0x080000fc   Section       26  __scatter_copy.o(!!handler_copy)
    !!handler_zi                             0x08000118   Section       28  __scatter_zi.o(!!handler_zi)
    .ARM.Collect$$libinit$$00000000          0x08000134   Section        2  libinit.o(.ARM.Collect$$libinit$$00000000)
    .ARM.Collect$$libinit$$00000002          0x08000136   Section        0  libinit2.o(.ARM.Collect$$libinit$$00000002)
    .ARM.Collect$$libinit$$00000004          0x08000136   Section        0  libinit2.o(.ARM.Collect$$libinit$$00000004)
    .ARM.Collect$$libinit$$0000000A          0x08000136   Section        0  libinit2.o(.ARM.Collect$$libinit$$0000000A)
    .ARM.Collect$$libinit$$0000000C          0x08000136   Section        0  libinit2.o(.ARM.Collect$$libinit$$0000000C)
    .ARM.Collect$$libinit$$0000000E          0x08000136   Section        0  libinit2.o(.ARM.Collect$$libinit$$0000000E)
    .ARM.Collect$$libinit$$00000011          0x08000136   Section        0  libinit2.o(.ARM.Collect$$libinit$$00000011)
    .ARM.Collect$$libinit$$00000013          0x08000136   Section        0  libinit2.o(.ARM.Collect$$libinit$$00000013)
    .ARM.Collect$$libinit$$00000015          0x08000136   Section        0  libinit2.o(.ARM.Collect$$libinit$$00000015)
    .ARM.Collect$$libinit$$00000017          0x08000136   Section        0  libinit2.o(.ARM.Collect$$libinit$$00000017)
    .ARM.Collect$$libinit$$00000019          0x08000136   Section        0  libinit2.o(.ARM.Collect$$libinit$$00000019)
    .ARM.Collect$$libinit$$0000001B          0x08000136   Section        0  libinit2.o(.ARM.Collect$$libinit$$0000001B)
    .ARM.Collect$$libinit$$0000001D          0x08000136   Section        0  libinit2.o(.ARM.Collect$$libinit$$0000001D)
    .ARM.Collect$$libinit$$0000001F          0x08000136   Section        0  libinit2.o(.ARM.Collect$$libinit$$0000001F)
    .ARM.Collect$$libinit$$00000021          0x08000136   Section        0  libinit2.o(.ARM.Collect$$libinit$$00000021)
    .ARM.Collect$$libinit$$00000023          0x08000136   Section        0  libinit2.o(.ARM.Collect$$libinit$$00000023)
    .ARM.Collect$$libinit$$00000025          0x08000136   Section        0  libinit2.o(.ARM.Collect$$libinit$$00000025)
    .ARM.Collect$$libinit$$0000002C          0x08000136   Section        0  libinit2.o(.ARM.Collect$$libinit$$0000002C)
    .ARM.Collect$$libinit$$0000002E          0x08000136   Section        0  libinit2.o(.ARM.Collect$$libinit$$0000002E)
    .ARM.Collect$$libinit$$00000030          0x08000136   Section        0  libinit2.o(.ARM.Collect$$libinit$$00000030)
    .ARM.Collect$$libinit$$00000032          0x08000136   Section        0  libinit2.o(.ARM.Collect$$libinit$$00000032)
    .ARM.Collect$$libinit$$00000033          0x08000136   Section        2  libinit2.o(.ARM.Collect$$libinit$$00000033)
    .ARM.Collect$$libshutdown$$00000000      0x08000138   Section        2  libshutdown.o(.ARM.Collect$$libshutdown$$00000000)
    .ARM.Collect$$libshutdown$$00000002      0x0800013a   Section        0  libshutdown2.o(.ARM.Collect$$libshutdown$$00000002)
    .ARM.Collect$$libshutdown$$00000004      0x0800013a   Section        0  libshutdown2.o(.ARM.Collect$$libshutdown$$00000004)
    .ARM.Collect$$libshutdown$$00000007      0x0800013a   Section        0  libshutdown2.o(.ARM.Collect$$libshutdown$$00000007)
    .ARM.Collect$$libshutdown$$0000000A      0x0800013a   Section        0  libshutdown2.o(.ARM.Collect$$libshutdown$$0000000A)
    .ARM.Collect$$libshutdown$$0000000C      0x0800013a   Section        0  libshutdown2.o(.ARM.Collect$$libshutdown$$0000000C)
    .ARM.Collect$$libshutdown$$0000000F      0x0800013a   Section        0  libshutdown2.o(.ARM.Collect$$libshutdown$$0000000F)
    .ARM.Collect$$libshutdown$$00000010      0x0800013a   Section        2  libshutdown2.o(.ARM.Collect$$libshutdown$$00000010)
    .ARM.Collect$$rtentry$$00000000          0x0800013c   Section        0  __rtentry.o(.ARM.Collect$$rtentry$$00000000)
    .ARM.Collect$$rtentry$$00000002          0x0800013c   Section        0  __rtentry2.o(.ARM.Collect$$rtentry$$00000002)
    .ARM.Collect$$rtentry$$00000004          0x0800013c   Section        6  __rtentry4.o(.ARM.Collect$$rtentry$$00000004)
    .ARM.Collect$$rtentry$$00000009          0x08000142   Section        0  __rtentry2.o(.ARM.Collect$$rtentry$$00000009)
    .ARM.Collect$$rtentry$$0000000A          0x08000142   Section        4  __rtentry2.o(.ARM.Collect$$rtentry$$0000000A)
    .ARM.Collect$$rtentry$$0000000C          0x08000146   Section        0  __rtentry2.o(.ARM.Collect$$rtentry$$0000000C)
    .ARM.Collect$$rtentry$$0000000D          0x08000146   Section        8  __rtentry2.o(.ARM.Collect$$rtentry$$0000000D)
    .ARM.Collect$$rtexit$$00000000           0x0800014e   Section        2  rtexit.o(.ARM.Collect$$rtexit$$00000000)
    .ARM.Collect$$rtexit$$00000002           0x08000150   Section        0  rtexit2.o(.ARM.Collect$$rtexit$$00000002)
    .ARM.Collect$$rtexit$$00000003           0x08000150   Section        4  rtexit2.o(.ARM.Collect$$rtexit$$00000003)
    .ARM.Collect$$rtexit$$00000004           0x08000154   Section        6  rtexit2.o(.ARM.Collect$$rtexit$$00000004)
    .text                                    0x0800015c   Section       64  startup_mdr32f9qx.o(.text)
    .text                                    0x0800019c   Section        0  heapauxi.o(.text)
    .text                                    0x080001a2   Section        0  _rserrno.o(.text)
    .text                                    0x080001b8   Section        8  rt_errno_addr_intlibspace.o(.text)
    .text                                    0x080001c0   Section        8  libspace.o(.text)
    .text                                    0x080001c8   Section       74  sys_stackheap_outer.o(.text)
    .text                                    0x08000212   Section        0  exit.o(.text)
    .text                                    0x08000224   Section        0  sys_exit.o(.text)
    .text                                    0x08000230   Section        2  use_no_semi.o(.text)
    .text                                    0x08000232   Section        0  indicate_semi.o(.text)
    i.CLK_80_ini                             0x08000232   Section        0  ini.o(i.CLK_80_ini)
    i.DAC2_Cmd                               0x08000278   Section        0  mdr32f9qx_dac.o(i.DAC2_Cmd)
    i.DAC2_Init                              0x08000294   Section        0  mdr32f9qx_dac.o(i.DAC2_Init)
    i.DAC2_PortE_ini                         0x080002a8   Section        0  ini.o(i.DAC2_PortE_ini)
    i.DAC2_ini                               0x080002dc   Section        0  ini.o(i.DAC2_ini)
    i.DAC_DeInit                             0x080002f8   Section        0  mdr32f9qx_dac.o(i.DAC_DeInit)
    i.DMA_Cmd                                0x08000308   Section        0  mdr32f9qx_dma.o(i.DMA_Cmd)
    i.DMA_CtrlDataInit                       0x08000324   Section        0  mdr32f9qx_dma.o(i.DMA_CtrlDataInit)
    i.DMA_DAC2_ini                           0x08000394   Section        0  ini.o(i.DMA_DAC2_ini)
    i.DMA_DeInit                             0x08000458   Section        0  mdr32f9qx_dma.o(i.DMA_DeInit)
    i.DMA_IRQHandler                         0x08000478   Section        0  it.o(i.DMA_IRQHandler)
    i.DMA_Init                               0x0800049c   Section        0  mdr32f9qx_dma.o(i.DMA_Init)
    i.DMA_StructInit                         0x08000530   Section        0  mdr32f9qx_dma.o(i.DMA_StructInit)
    i.LED_PortB_ini                          0x08000540   Section        0  ini.o(i.LED_PortB_ini)
    i.Modulator_ini                          0x08000580   Section        0  ini.o(i.Modulator_ini)
    i.PORT_Init                              0x08000598   Section        0  mdr32f9qx_port.o(i.PORT_Init)
    i.PORT_ResetBits                         0x08000760   Section        0  mdr32f9qx_port.o(i.PORT_ResetBits)
    i.PORT_SetBits                           0x0800077c   Section        0  mdr32f9qx_port.o(i.PORT_SetBits)
    i.PORT_StructInit                        0x08000798   Section        0  mdr32f9qx_port.o(i.PORT_StructInit)
    i.RST_CLK_CPU_PLLcmd                     0x080007b4   Section        0  mdr32f9qx_rst_clk.o(i.RST_CLK_CPU_PLLcmd)
    i.RST_CLK_CPU_PLLconfig                  0x080007c0   Section        0  mdr32f9qx_rst_clk.o(i.RST_CLK_CPU_PLLconfig)
    i.RST_CLK_CPU_PLLstatus                  0x08000800   Section        0  mdr32f9qx_rst_clk.o(i.RST_CLK_CPU_PLLstatus)
    i.RST_CLK_CPU_PLLuse                     0x08000834   Section        0  mdr32f9qx_rst_clk.o(i.RST_CLK_CPU_PLLuse)
    i.RST_CLK_CPUclkPrescaler                0x08000840   Section        0  mdr32f9qx_rst_clk.o(i.RST_CLK_CPUclkPrescaler)
    i.RST_CLK_CPUclkSelection                0x08000858   Section        0  mdr32f9qx_rst_clk.o(i.RST_CLK_CPUclkSelection)
    i.RST_CLK_GetFlagStatus                  0x0800086c   Section        0  mdr32f9qx_rst_clk.o(i.RST_CLK_GetFlagStatus)
    i.RST_CLK_HSEconfig                      0x080008a0   Section        0  mdr32f9qx_rst_clk.o(i.RST_CLK_HSEconfig)
    i.RST_CLK_HSEstatus                      0x080008dc   Section        0  mdr32f9qx_rst_clk.o(i.RST_CLK_HSEstatus)
    i.RST_CLK_PCLKcmd                        0x08000910   Section        0  mdr32f9qx_rst_clk.o(i.RST_CLK_PCLKcmd)
    i.Sin_massiv                             0x08000930   Section        0  ini.o(i.Sin_massiv)
    i.SystemCoreClockUpdate                  0x08000998   Section        0  system_mdr32f9qx.o(i.SystemCoreClockUpdate)
    i.SystemInit                             0x08000a28   Section        0  system_mdr32f9qx.o(i.SystemInit)
    i.TIMER1_ini                             0x08000a68   Section        0  ini.o(i.TIMER1_ini)
    i.TIMER_BRGInit                          0x08000aec   Section        0  mdr32f9qx_timer.o(i.TIMER_BRGInit)
    i.TIMER_CAPTURE_ini                      0x08000b40   Section        0  ini.o(i.TIMER_CAPTURE_ini)
    i.TIMER_ChnInit                          0x08000c20   Section        0  mdr32f9qx_timer.o(i.TIMER_ChnInit)
    i.TIMER_ChnOutInit                       0x08000c66   Section        0  mdr32f9qx_timer.o(i.TIMER_ChnOutInit)
    i.TIMER_ChnOutStructInit                 0x08000ca8   Section        0  mdr32f9qx_timer.o(i.TIMER_ChnOutStructInit)
    i.TIMER_ChnStructInit                    0x08000cbe   Section        0  mdr32f9qx_timer.o(i.TIMER_ChnStructInit)
    i.TIMER_Cmd                              0x08000cda   Section        0  mdr32f9qx_timer.o(i.TIMER_Cmd)
    i.TIMER_CntInit                          0x08000cee   Section        0  mdr32f9qx_timer.o(i.TIMER_CntInit)
    i.TIMER_CntStructInit                    0x08000d24   Section        0  mdr32f9qx_timer.o(i.TIMER_CntStructInit)
    i.TIMER_DMACmd                           0x08000d40   Section        0  mdr32f9qx_timer.o(i.TIMER_DMACmd)
    i.TIMER_DeInit                           0x08000d52   Section        0  mdr32f9qx_timer.o(i.TIMER_DeInit)
    i.__ARM_fpclassify                       0x08000d96   Section        0  fpclassify.o(i.__ARM_fpclassify)
    i.__ieee754_rem_pio2                     0x08000dc0   Section        0  rred.o(i.__ieee754_rem_pio2)
    i.__kernel_cos                           0x08001148   Section        0  cos_i.o(i.__kernel_cos)
    i.__kernel_poly                          0x08001244   Section        0  poly.o(i.__kernel_poly)
    i.__kernel_sin                           0x080012f0   Section        0  sin_i.o(i.__kernel_sin)
    i.__mathlib_dbl_infnan                   0x080013dc   Section        0  dunder.o(i.__mathlib_dbl_infnan)
    i.__mathlib_dbl_invalid                  0x080013e2   Section        0  dunder.o(i.__mathlib_dbl_invalid)
    i.__mathlib_dbl_underflow                0x080013f0   Section        0  dunder.o(i.__mathlib_dbl_underflow)
    i.main                                   0x08001400   Section        0  main.o(i.main)
    i.sin                                    0x080014d0   Section        0  sin.o(i.sin)
    x$fpl$dadd                               0x08001570   Section      336  daddsub_clz.o(x$fpl$dadd)
    _dadd1                                   0x08001581   Thumb Code     0  daddsub_clz.o(x$fpl$dadd)
    x$fpl$dcheck1                            0x080016c0   Section       16  dcheck1.o(x$fpl$dcheck1)
    x$fpl$ddiv                               0x080016d0   Section      688  ddiv.o(x$fpl$ddiv)
    ddiv_entry                               0x080016d7   Thumb Code     0  ddiv.o(x$fpl$ddiv)
    x$fpl$dfix                               0x08001980   Section       94  dfix.o(x$fpl$dfix)
    x$fpl$dfixu                              0x080019e0   Section       90  dfixu.o(x$fpl$dfixu)
    x$fpl$dflt                               0x08001a3a   Section       46  dflt_clz.o(x$fpl$dflt)
    x$fpl$dfltu                              0x08001a68   Section       38  dflt_clz.o(x$fpl$dfltu)
    x$fpl$dmul                               0x08001a90   Section      340  dmul.o(x$fpl$dmul)
    x$fpl$dnaninf                            0x08001be4   Section      156  dnaninf.o(x$fpl$dnaninf)
    x$fpl$dretinf                            0x08001c80   Section       12  dretinf.o(x$fpl$dretinf)
    x$fpl$drsb                               0x08001c8c   Section       22  daddsub_clz.o(x$fpl$drsb)
    x$fpl$dsub                               0x08001ca4   Section      468  daddsub_clz.o(x$fpl$dsub)
    _dsub1                                   0x08001cb5   Thumb Code     0  daddsub_clz.o(x$fpl$dsub)
    x$fpl$f2d                                0x08001e78   Section       86  f2d.o(x$fpl$f2d)
    x$fpl$ffltu                              0x08001ed0   Section       38  fflt_clz.o(x$fpl$ffltu)
    x$fpl$fmul                               0x08001ef8   Section      258  fmul.o(x$fpl$fmul)
    x$fpl$fnaninf                            0x08001ffa   Section      140  fnaninf.o(x$fpl$fnaninf)
    x$fpl$fretinf                            0x08002086   Section       10  fretinf.o(x$fpl$fretinf)
    x$fpl$retnan                             0x08002090   Section      100  retnan.o(x$fpl$retnan)
    x$fpl$scalbn                             0x080020f4   Section       92  scalbn.o(x$fpl$scalbn)
    x$fpl$trapveneer                         0x08002150   Section       48  trapv.o(x$fpl$trapveneer)
    .constdata                               0x08002180   Section       48  cos_i.o(.constdata)
    x$fpl$usenofp                            0x08002180   Section        0  usenofp.o(x$fpl$usenofp)
    C                                        0x08002180   Data          48  cos_i.o(.constdata)
    .constdata                               0x080021b0   Section      200  rred.o(.constdata)
    pio2s                                    0x080021b0   Data          48  rred.o(.constdata)
    twooverpi                                0x080021e0   Data         152  rred.o(.constdata)
    .constdata                               0x08002278   Section       40  sin_i.o(.constdata)
    S                                        0x08002278   Data          40  sin_i.o(.constdata)
    .data                                    0x20000000   Section       12  main.o(.data)
    .data                                    0x2000000c   Section        4  system_mdr32f9qx.o(.data)
    .bss                                     0x20000010   Section      120  ini.o(.bss)
    .bss                                     0x20000400   Section     1024  mdr32f9qx_dma.o(.bss)
    .bss                                     0x20000800   Section       96  libspace.o(.bss)
    HEAP                                     0x20000860   Section      512  startup_mdr32f9qx.o(HEAP)
    Heap_Mem                                 0x20000860   Data         512  startup_mdr32f9qx.o(HEAP)
    STACK                                    0x20000a60   Section     1024  startup_mdr32f9qx.o(STACK)
    Stack_Mem                                0x20000a60   Data        1024  startup_mdr32f9qx.o(STACK)
    __initial_sp                             0x20000e60   Data           0  startup_mdr32f9qx.o(STACK)

    Global Symbols

    Symbol Name                              Value     Ov Type        Size  Object(Section)

    BuildAttributes$$THM_ISAv4$P$D$K$B$S$PE$A:L22UL41UL21$X:L11$S22US41US21$IEEE1$IW$USESV6$~STKCKD$USESV7$~SHL$OTIME$ROPI$IEEEX$EBA8$UX$STANDARDLIB$REQ8$PRES8$EABIv2 0x00000000   Number         0  anon$$obj.o ABSOLUTE
    __ARM_use_no_argv                        0x00000000   Number         0  main.o ABSOLUTE
    __ARM_exceptions_init                     - Undefined Weak Reference
    __alloca_initialize                       - Undefined Weak Reference
    __arm_preinit_                            - Undefined Weak Reference
    __cpp_initialize__aeabi_                  - Undefined Weak Reference
    __cxa_finalize                            - Undefined Weak Reference
    __rt_locale                               - Undefined Weak Reference
    __sigvec_lookup                           - Undefined Weak Reference
    _atexit_init                              - Undefined Weak Reference
    _call_atexit_fns                          - Undefined Weak Reference
    _clock_init                               - Undefined Weak Reference
    _fp_trap_init                             - Undefined Weak Reference
    _fp_trap_shutdown                         - Undefined Weak Reference
    _get_lc_collate                           - Undefined Weak Reference
    _get_lc_ctype                             - Undefined Weak Reference
    _get_lc_monetary                          - Undefined Weak Reference
    _get_lc_numeric                           - Undefined Weak Reference
    _get_lc_time                              - Undefined Weak Reference
    _getenv_init                              - Undefined Weak Reference
    _handle_redirection                       - Undefined Weak Reference
    _init_alloc                               - Undefined Weak Reference
    _init_user_alloc                          - Undefined Weak Reference
    _initio                                   - Undefined Weak Reference
    _rand_init                                - Undefined Weak Reference
    _signal_finish                            - Undefined Weak Reference
    _signal_init                              - Undefined Weak Reference
    _terminate_alloc                          - Undefined Weak Reference
    _terminate_user_alloc                     - Undefined Weak Reference
    _terminateio                              - Undefined Weak Reference
    __Vectors_Size                           0x000000c0   Number         0  startup_mdr32f9qx.o ABSOLUTE
    __Vectors                                0x08000000   Data           4  startup_mdr32f9qx.o(RESET)
    __Vectors_End                            0x080000c0   Data           0  startup_mdr32f9qx.o(RESET)
    __main                                   0x080000c1   Thumb Code     8  __main.o(!!!main)
    __scatterload                            0x080000c9   Thumb Code     0  __scatter.o(!!!scatter)
    __scatterload_rt2                        0x080000c9   Thumb Code    44  __scatter.o(!!!scatter)
    __scatterload_rt2_thumb_only             0x080000c9   Thumb Code     0  __scatter.o(!!!scatter)
    __scatterload_null                       0x080000d7   Thumb Code     0  __scatter.o(!!!scatter)
    __scatterload_copy                       0x080000fd   Thumb Code    26  __scatter_copy.o(!!handler_copy)
    __scatterload_zeroinit                   0x08000119   Thumb Code    28  __scatter_zi.o(!!handler_zi)
    __rt_lib_init                            0x08000135   Thumb Code     0  libinit.o(.ARM.Collect$$libinit$$00000000)
    __rt_lib_init_alloca_1                   0x08000137   Thumb Code     0  libinit2.o(.ARM.Collect$$libinit$$0000002E)
    __rt_lib_init_argv_1                     0x08000137   Thumb Code     0  libinit2.o(.ARM.Collect$$libinit$$0000002C)
    __rt_lib_init_atexit_1                   0x08000137   Thumb Code     0  libinit2.o(.ARM.Collect$$libinit$$0000001B)
    __rt_lib_init_clock_1                    0x08000137   Thumb Code     0  libinit2.o(.ARM.Collect$$libinit$$00000021)
    __rt_lib_init_cpp_1                      0x08000137   Thumb Code     0  libinit2.o(.ARM.Collect$$libinit$$00000032)
    __rt_lib_init_exceptions_1               0x08000137   Thumb Code     0  libinit2.o(.ARM.Collect$$libinit$$00000030)
    __rt_lib_init_fp_1                       0x08000137   Thumb Code     0  libinit2.o(.ARM.Collect$$libinit$$00000002)
    __rt_lib_init_fp_trap_1                  0x08000137   Thumb Code     0  libinit2.o(.ARM.Collect$$libinit$$0000001F)
    __rt_lib_init_getenv_1                   0x08000137   Thumb Code     0  libinit2.o(.ARM.Collect$$libinit$$00000023)
    __rt_lib_init_heap_1                     0x08000137   Thumb Code     0  libinit2.o(.ARM.Collect$$libinit$$0000000A)
    __rt_lib_init_lc_collate_1               0x08000137   Thumb Code     0  libinit2.o(.ARM.Collect$$libinit$$00000011)
    __rt_lib_init_lc_ctype_1                 0x08000137   Thumb Code     0  libinit2.o(.ARM.Collect$$libinit$$00000013)
    __rt_lib_init_lc_monetary_1              0x08000137   Thumb Code     0  libinit2.o(.ARM.Collect$$libinit$$00000015)
    __rt_lib_init_lc_numeric_1               0x08000137   Thumb Code     0  libinit2.o(.ARM.Collect$$libinit$$00000017)
    __rt_lib_init_lc_time_1                  0x08000137   Thumb Code     0  libinit2.o(.ARM.Collect$$libinit$$00000019)
    __rt_lib_init_preinit_1                  0x08000137   Thumb Code     0  libinit2.o(.ARM.Collect$$libinit$$00000004)
    __rt_lib_init_rand_1                     0x08000137   Thumb Code     0  libinit2.o(.ARM.Collect$$libinit$$0000000E)
    __rt_lib_init_return                     0x08000137   Thumb Code     0  libinit2.o(.ARM.Collect$$libinit$$00000033)
    __rt_lib_init_signal_1                   0x08000137   Thumb Code     0  libinit2.o(.ARM.Collect$$libinit$$0000001D)
    __rt_lib_init_stdio_1                    0x08000137   Thumb Code     0  libinit2.o(.ARM.Collect$$libinit$$00000025)
    __rt_lib_init_user_alloc_1               0x08000137   Thumb Code     0  libinit2.o(.ARM.Collect$$libinit$$0000000C)
    __rt_lib_shutdown                        0x08000139   Thumb Code     0  libshutdown.o(.ARM.Collect$$libshutdown$$00000000)
    __rt_lib_shutdown_cpp_1                  0x0800013b   Thumb Code     0  libshutdown2.o(.ARM.Collect$$libshutdown$$00000002)
    __rt_lib_shutdown_fp_trap_1              0x0800013b   Thumb Code     0  libshutdown2.o(.ARM.Collect$$libshutdown$$00000007)
    __rt_lib_shutdown_heap_1                 0x0800013b   Thumb Code     0  libshutdown2.o(.ARM.Collect$$libshutdown$$0000000F)
    __rt_lib_shutdown_return                 0x0800013b   Thumb Code     0  libshutdown2.o(.ARM.Collect$$libshutdown$$00000010)
    __rt_lib_shutdown_signal_1               0x0800013b   Thumb Code     0  libshutdown2.o(.ARM.Collect$$libshutdown$$0000000A)
    __rt_lib_shutdown_stdio_1                0x0800013b   Thumb Code     0  libshutdown2.o(.ARM.Collect$$libshutdown$$00000004)
    __rt_lib_shutdown_user_alloc_1           0x0800013b   Thumb Code     0  libshutdown2.o(.ARM.Collect$$libshutdown$$0000000C)
    __rt_entry                               0x0800013d   Thumb Code     0  __rtentry.o(.ARM.Collect$$rtentry$$00000000)
    __rt_entry_presh_1                       0x0800013d   Thumb Code     0  __rtentry2.o(.ARM.Collect$$rtentry$$00000002)
    __rt_entry_sh                            0x0800013d   Thumb Code     0  __rtentry4.o(.ARM.Collect$$rtentry$$00000004)
    __rt_entry_li                            0x08000143   Thumb Code     0  __rtentry2.o(.ARM.Collect$$rtentry$$0000000A)
    __rt_entry_postsh_1                      0x08000143   Thumb Code     0  __rtentry2.o(.ARM.Collect$$rtentry$$00000009)
    __rt_entry_main                          0x08000147   Thumb Code     0  __rtentry2.o(.ARM.Collect$$rtentry$$0000000D)
    __rt_entry_postli_1                      0x08000147   Thumb Code     0  __rtentry2.o(.ARM.Collect$$rtentry$$0000000C)
    __rt_exit                                0x0800014f   Thumb Code     0  rtexit.o(.ARM.Collect$$rtexit$$00000000)
    __rt_exit_ls                             0x08000151   Thumb Code     0  rtexit2.o(.ARM.Collect$$rtexit$$00000003)
    __rt_exit_prels_1                        0x08000151   Thumb Code     0  rtexit2.o(.ARM.Collect$$rtexit$$00000002)
    __rt_exit_exit                           0x08000155   Thumb Code     0  rtexit2.o(.ARM.Collect$$rtexit$$00000004)
    Reset_Handler                            0x0800015d   Thumb Code     8  startup_mdr32f9qx.o(.text)
    NMI_Handler                              0x08000165   Thumb Code     2  startup_mdr32f9qx.o(.text)
    HardFault_Handler                        0x08000167   Thumb Code     2  startup_mdr32f9qx.o(.text)
    MemManage_Handler                        0x08000169   Thumb Code     2  startup_mdr32f9qx.o(.text)
    BusFault_Handler                         0x0800016b   Thumb Code     2  startup_mdr32f9qx.o(.text)
    UsageFault_Handler                       0x0800016d   Thumb Code     2  startup_mdr32f9qx.o(.text)
    SVC_Handler                              0x0800016f   Thumb Code     2  startup_mdr32f9qx.o(.text)
    DebugMon_Handler                         0x08000171   Thumb Code     2  startup_mdr32f9qx.o(.text)
    PendSV_Handler                           0x08000173   Thumb Code     2  startup_mdr32f9qx.o(.text)
    SysTick_Handler                          0x08000175   Thumb Code     2  startup_mdr32f9qx.o(.text)
    ADC_IRQHandler                           0x08000177   Thumb Code     0  startup_mdr32f9qx.o(.text)
    BACKUP_IRQHandler                        0x08000177   Thumb Code     0  startup_mdr32f9qx.o(.text)
    CAN1_IRQHandler                          0x08000177   Thumb Code     0  startup_mdr32f9qx.o(.text)
    CAN2_IRQHandler                          0x08000177   Thumb Code     0  startup_mdr32f9qx.o(.text)
    COMPARATOR_IRQHandler                    0x08000177   Thumb Code     0  startup_mdr32f9qx.o(.text)
    EXT_INT1_IRQHandler                      0x08000177   Thumb Code     0  startup_mdr32f9qx.o(.text)
    EXT_INT2_IRQHandler                      0x08000177   Thumb Code     0  startup_mdr32f9qx.o(.text)
    EXT_INT3_IRQHandler                      0x08000177   Thumb Code     0  startup_mdr32f9qx.o(.text)
    EXT_INT4_IRQHandler                      0x08000177   Thumb Code     0  startup_mdr32f9qx.o(.text)
    I2C_IRQHandler                           0x08000177   Thumb Code     0  startup_mdr32f9qx.o(.text)
    POWER_IRQHandler                         0x08000177   Thumb Code     0  startup_mdr32f9qx.o(.text)
    SSP1_IRQHandler                          0x08000177   Thumb Code     0  startup_mdr32f9qx.o(.text)
    SSP2_IRQHandler                          0x08000177   Thumb Code     0  startup_mdr32f9qx.o(.text)
    Timer1_IRQHandler                        0x08000177   Thumb Code     0  startup_mdr32f9qx.o(.text)
    Timer2_IRQHandler                        0x08000177   Thumb Code     0  startup_mdr32f9qx.o(.text)
    Timer3_IRQHandler                        0x08000177   Thumb Code     0  startup_mdr32f9qx.o(.text)
    UART1_IRQHandler                         0x08000177   Thumb Code     0  startup_mdr32f9qx.o(.text)
    UART2_IRQHandler                         0x08000177   Thumb Code     0  startup_mdr32f9qx.o(.text)
    USB_IRQHandler                           0x08000177   Thumb Code     0  startup_mdr32f9qx.o(.text)
    WWDG_IRQHandler                          0x08000177   Thumb Code     0  startup_mdr32f9qx.o(.text)
    __user_initial_stackheap                 0x08000179   Thumb Code     0  startup_mdr32f9qx.o(.text)
    __use_two_region_memory                  0x0800019d   Thumb Code     2  heapauxi.o(.text)
    __rt_heap_escrow$2region                 0x0800019f   Thumb Code     2  heapauxi.o(.text)
    __rt_heap_expand$2region                 0x080001a1   Thumb Code     2  heapauxi.o(.text)
    __read_errno                             0x080001a3   Thumb Code    10  _rserrno.o(.text)
    __set_errno                              0x080001ad   Thumb Code    12  _rserrno.o(.text)
    __aeabi_errno_addr                       0x080001b9   Thumb Code     8  rt_errno_addr_intlibspace.o(.text)
    __errno$intlibspace                      0x080001b9   Thumb Code     0  rt_errno_addr_intlibspace.o(.text)
    __rt_errno_addr$intlibspace              0x080001b9   Thumb Code     0  rt_errno_addr_intlibspace.o(.text)
    __user_libspace                          0x080001c1   Thumb Code     8  libspace.o(.text)
    __user_perproc_libspace                  0x080001c1   Thumb Code     0  libspace.o(.text)
    __user_perthread_libspace                0x080001c1   Thumb Code     0  libspace.o(.text)
    __user_setup_stackheap                   0x080001c9   Thumb Code    74  sys_stackheap_outer.o(.text)
    exit                                     0x08000213   Thumb Code    18  exit.o(.text)
    _sys_exit                                0x08000225   Thumb Code     8  sys_exit.o(.text)
    __I$use$semihosting                      0x08000231   Thumb Code     0  use_no_semi.o(.text)
    __use_no_semihosting_swi                 0x08000231   Thumb Code     2  use_no_semi.o(.text)
    CLK_80_ini                               0x08000233   Thumb Code    70  ini.o(i.CLK_80_ini)
    __semihosting_library_function           0x08000233   Thumb Code     0  indicate_semi.o(.text)
    DAC2_Cmd                                 0x08000279   Thumb Code    24  mdr32f9qx_dac.o(i.DAC2_Cmd)
    DAC2_Init                                0x08000295   Thumb Code    16  mdr32f9qx_dac.o(i.DAC2_Init)
    DAC2_PortE_ini                           0x080002a9   Thumb Code    46  ini.o(i.DAC2_PortE_ini)
    DAC2_ini                                 0x080002dd   Thumb Code    28  ini.o(i.DAC2_ini)
    DAC_DeInit                               0x080002f9   Thumb Code    12  mdr32f9qx_dac.o(i.DAC_DeInit)
    DMA_Cmd                                  0x08000309   Thumb Code    24  mdr32f9qx_dma.o(i.DMA_Cmd)
    DMA_CtrlDataInit                         0x08000325   Thumb Code   112  mdr32f9qx_dma.o(i.DMA_CtrlDataInit)
    DMA_DAC2_ini                             0x08000395   Thumb Code   160  ini.o(i.DMA_DAC2_ini)
    DMA_DeInit                               0x08000459   Thumb Code    28  mdr32f9qx_dma.o(i.DMA_DeInit)
    DMA_IRQHandler                           0x08000479   Thumb Code    24  it.o(i.DMA_IRQHandler)
    DMA_Init                                 0x0800049d   Thumb Code   138  mdr32f9qx_dma.o(i.DMA_Init)
    DMA_StructInit                           0x08000531   Thumb Code    16  mdr32f9qx_dma.o(i.DMA_StructInit)
    LED_PortB_ini                            0x08000541   Thumb Code    60  ini.o(i.LED_PortB_ini)
    Modulator_ini                            0x08000581   Thumb Code    24  ini.o(i.Modulator_ini)
    PORT_Init                                0x08000599   Thumb Code   450  mdr32f9qx_port.o(i.PORT_Init)
    PORT_ResetBits                           0x08000761   Thumb Code    22  mdr32f9qx_port.o(i.PORT_ResetBits)
    PORT_SetBits                             0x0800077d   Thumb Code    22  mdr32f9qx_port.o(i.PORT_SetBits)
    PORT_StructInit                          0x08000799   Thumb Code    28  mdr32f9qx_port.o(i.PORT_StructInit)
    RST_CLK_CPU_PLLcmd                       0x080007b5   Thumb Code     6  mdr32f9qx_rst_clk.o(i.RST_CLK_CPU_PLLcmd)
    RST_CLK_CPU_PLLconfig                    0x080007c1   Thumb Code    54  mdr32f9qx_rst_clk.o(i.RST_CLK_CPU_PLLconfig)
    RST_CLK_CPU_PLLstatus                    0x08000801   Thumb Code    52  mdr32f9qx_rst_clk.o(i.RST_CLK_CPU_PLLstatus)
    RST_CLK_CPU_PLLuse                       0x08000835   Thumb Code     6  mdr32f9qx_rst_clk.o(i.RST_CLK_CPU_PLLuse)
    RST_CLK_CPUclkPrescaler                  0x08000841   Thumb Code    18  mdr32f9qx_rst_clk.o(i.RST_CLK_CPUclkPrescaler)
    RST_CLK_CPUclkSelection                  0x08000859   Thumb Code    16  mdr32f9qx_rst_clk.o(i.RST_CLK_CPUclkSelection)
    RST_CLK_GetFlagStatus                    0x0800086d   Thumb Code    42  mdr32f9qx_rst_clk.o(i.RST_CLK_GetFlagStatus)
    RST_CLK_HSEconfig                        0x080008a1   Thumb Code    56  mdr32f9qx_rst_clk.o(i.RST_CLK_HSEconfig)
    RST_CLK_HSEstatus                        0x080008dd   Thumb Code    52  mdr32f9qx_rst_clk.o(i.RST_CLK_HSEstatus)
    RST_CLK_PCLKcmd                          0x08000911   Thumb Code    26  mdr32f9qx_rst_clk.o(i.RST_CLK_PCLKcmd)
    Sin_massiv                               0x08000931   Thumb Code    92  ini.o(i.Sin_massiv)
    SystemCoreClockUpdate                    0x08000999   Thumb Code   130  system_mdr32f9qx.o(i.SystemCoreClockUpdate)
    SystemInit                               0x08000a29   Thumb Code    54  system_mdr32f9qx.o(i.SystemInit)
    TIMER1_ini                               0x08000a69   Thumb Code   126  ini.o(i.TIMER1_ini)
    TIMER_BRGInit                            0x08000aed   Thumb Code    68  mdr32f9qx_timer.o(i.TIMER_BRGInit)
    TIMER_CAPTURE_ini                        0x08000b41   Thumb Code   216  ini.o(i.TIMER_CAPTURE_ini)
    TIMER_ChnInit                            0x08000c21   Thumb Code    70  mdr32f9qx_timer.o(i.TIMER_ChnInit)
    TIMER_ChnOutInit                         0x08000c67   Thumb Code    66  mdr32f9qx_timer.o(i.TIMER_ChnOutInit)
    TIMER_ChnOutStructInit                   0x08000ca9   Thumb Code    22  mdr32f9qx_timer.o(i.TIMER_ChnOutStructInit)
    TIMER_ChnStructInit                      0x08000cbf   Thumb Code    28  mdr32f9qx_timer.o(i.TIMER_ChnStructInit)
    TIMER_Cmd                                0x08000cdb   Thumb Code    20  mdr32f9qx_timer.o(i.TIMER_Cmd)
    TIMER_CntInit                            0x08000cef   Thumb Code    54  mdr32f9qx_timer.o(i.TIMER_CntInit)
    TIMER_CntStructInit                      0x08000d25   Thumb Code    28  mdr32f9qx_timer.o(i.TIMER_CntStructInit)
    TIMER_DMACmd                             0x08000d41   Thumb Code    18  mdr32f9qx_timer.o(i.TIMER_DMACmd)
    TIMER_DeInit                             0x08000d53   Thumb Code    68  mdr32f9qx_timer.o(i.TIMER_DeInit)
    __ARM_fpclassify                         0x08000d97   Thumb Code    40  fpclassify.o(i.__ARM_fpclassify)
    __ieee754_rem_pio2                       0x08000dc1   Thumb Code   828  rred.o(i.__ieee754_rem_pio2)
    __kernel_cos                             0x08001149   Thumb Code   230  cos_i.o(i.__kernel_cos)
    __kernel_poly                            0x08001245   Thumb Code   170  poly.o(i.__kernel_poly)
    __kernel_sin                             0x080012f1   Thumb Code   224  sin_i.o(i.__kernel_sin)
    __mathlib_dbl_infnan                     0x080013dd   Thumb Code     6  dunder.o(i.__mathlib_dbl_infnan)
    __mathlib_dbl_invalid                    0x080013e3   Thumb Code    12  dunder.o(i.__mathlib_dbl_invalid)
    __mathlib_dbl_underflow                  0x080013f1   Thumb Code    10  dunder.o(i.__mathlib_dbl_underflow)
    main                                     0x08001401   Thumb Code   186  main.o(i.main)
    sin                                      0x080014d1   Thumb Code   150  sin.o(i.sin)
    __aeabi_dadd                             0x08001571   Thumb Code     0  daddsub_clz.o(x$fpl$dadd)
    _dadd                                    0x08001571   Thumb Code   332  daddsub_clz.o(x$fpl$dadd)
    __fpl_dcheck_NaN1                        0x080016c1   Thumb Code    10  dcheck1.o(x$fpl$dcheck1)
    __aeabi_ddiv                             0x080016d1   Thumb Code     0  ddiv.o(x$fpl$ddiv)
    _ddiv                                    0x080016d1   Thumb Code   552  ddiv.o(x$fpl$ddiv)
    __aeabi_d2iz                             0x08001981   Thumb Code     0  dfix.o(x$fpl$dfix)
    _dfix                                    0x08001981   Thumb Code    94  dfix.o(x$fpl$dfix)
    __aeabi_d2uiz                            0x080019e1   Thumb Code     0  dfixu.o(x$fpl$dfixu)
    _dfixu                                   0x080019e1   Thumb Code    90  dfixu.o(x$fpl$dfixu)
    __aeabi_i2d                              0x08001a3b   Thumb Code     0  dflt_clz.o(x$fpl$dflt)
    _dflt                                    0x08001a3b   Thumb Code    46  dflt_clz.o(x$fpl$dflt)
    __aeabi_ui2d                             0x08001a69   Thumb Code     0  dflt_clz.o(x$fpl$dfltu)
    _dfltu                                   0x08001a69   Thumb Code    38  dflt_clz.o(x$fpl$dfltu)
    __aeabi_dmul                             0x08001a91   Thumb Code     0  dmul.o(x$fpl$dmul)
    _dmul                                    0x08001a91   Thumb Code   332  dmul.o(x$fpl$dmul)
    __fpl_dnaninf                            0x08001be5   Thumb Code   156  dnaninf.o(x$fpl$dnaninf)
    __fpl_dretinf                            0x08001c81   Thumb Code    12  dretinf.o(x$fpl$dretinf)
    __aeabi_drsub                            0x08001c8d   Thumb Code     0  daddsub_clz.o(x$fpl$drsb)
    _drsb                                    0x08001c8d   Thumb Code    22  daddsub_clz.o(x$fpl$drsb)
    __aeabi_dsub                             0x08001ca5   Thumb Code     0  daddsub_clz.o(x$fpl$dsub)
    _dsub                                    0x08001ca5   Thumb Code   464  daddsub_clz.o(x$fpl$dsub)
    __aeabi_f2d                              0x08001e79   Thumb Code     0  f2d.o(x$fpl$f2d)
    _f2d                                     0x08001e79   Thumb Code    86  f2d.o(x$fpl$f2d)
    __aeabi_ui2f                             0x08001ed1   Thumb Code     0  fflt_clz.o(x$fpl$ffltu)
    _ffltu                                   0x08001ed1   Thumb Code    38  fflt_clz.o(x$fpl$ffltu)
    __aeabi_fmul                             0x08001ef9   Thumb Code     0  fmul.o(x$fpl$fmul)
    _fmul                                    0x08001ef9   Thumb Code   258  fmul.o(x$fpl$fmul)
    __fpl_fnaninf                            0x08001ffb   Thumb Code   140  fnaninf.o(x$fpl$fnaninf)
    __fpl_fretinf                            0x08002087   Thumb Code    10  fretinf.o(x$fpl$fretinf)
    __fpl_return_NaN                         0x08002091   Thumb Code   100  retnan.o(x$fpl$retnan)
    __ARM_scalbn                             0x080020f5   Thumb Code    92  scalbn.o(x$fpl$scalbn)
    __fpl_cmpreturn                          0x08002151   Thumb Code    48  trapv.o(x$fpl$trapveneer)
    __I$use$fp                               0x08002180   Number         0  usenofp.o(x$fpl$usenofp)
    Region$$Table$$Base                      0x080022a0   Number         0  anon$$obj.o(Region$$Table)
    Region$$Table$$Limit                     0x080022c0   Number         0  anon$$obj.o(Region$$Table)
    RD                                       0x20000000   Data           4  main.o(.data)
    Flag_IRQ                                 0x20000004   Data           1  main.o(.data)
    n                                        0x20000008   Data           4  main.o(.data)
    SystemCoreClock                          0x2000000c   Data           4  system_mdr32f9qx.o(.data)
    DMA_InitStructure                        0x20000010   Data          40  ini.o(.bss)
    DMA_Channel_InitStructure                0x20000038   Data          16  ini.o(.bss)
    sin_mod                                  0x20000048   Data          64  ini.o(.bss)
    DMA_ControlTable                         0x20000400   Data        1024  mdr32f9qx_dma.o(.bss)
    __libspace_start                         0x20000800   Data          96  libspace.o(.bss)
    __temporary_stack_top$libspace           0x20000860   Data           0  libspace.o(.bss)



==============================================================================

Memory Map of the image

  Image Entry point : 0x0800015d

  Load Region LR_1 (Base: 0x08000000, Size: 0x000022d0, Max: 0xffffffff, ABSOLUTE)

    Execution Region ER_RO (Base: 0x08000000, Size: 0x000022c0, Max: 0xffffffff, ABSOLUTE)

    Base Addr    Size         Type   Attr      Idx    E Section Name        Object

    0x08000000   0x000000c0   Data   RO          201    RESET               startup_mdr32f9qx.o
    0x080000c0   0x00000008   Code   RO         1104  * !!!main             c_w.l(__main.o)
    0x080000c8   0x00000034   Code   RO         1361    !!!scatter          c_w.l(__scatter.o)
    0x080000fc   0x0000001a   Code   RO         1363    !!handler_copy      c_w.l(__scatter_copy.o)
    0x08000116   0x00000002   PAD
    0x08000118   0x0000001c   Code   RO         1365    !!handler_zi        c_w.l(__scatter_zi.o)
    0x08000134   0x00000002   Code   RO         1228    .ARM.Collect$$libinit$$00000000  c_w.l(libinit.o)
    0x08000136   0x00000000   Code   RO         1234    .ARM.Collect$$libinit$$00000002  c_w.l(libinit2.o)
    0x08000136   0x00000000   Code   RO         1236    .ARM.Collect$$libinit$$00000004  c_w.l(libinit2.o)
    0x08000136   0x00000000   Code   RO         1239    .ARM.Collect$$libinit$$0000000A  c_w.l(libinit2.o)
    0x08000136   0x00000000   Code   RO         1241    .ARM.Collect$$libinit$$0000000C  c_w.l(libinit2.o)
    0x08000136   0x00000000   Code   RO         1243    .ARM.Collect$$libinit$$0000000E  c_w.l(libinit2.o)
    0x08000136   0x00000000   Code   RO         1246    .ARM.Collect$$libinit$$00000011  c_w.l(libinit2.o)
    0x08000136   0x00000000   Code   RO         1248    .ARM.Collect$$libinit$$00000013  c_w.l(libinit2.o)
    0x08000136   0x00000000   Code   RO         1250    .ARM.Collect$$libinit$$00000015  c_w.l(libinit2.o)
    0x08000136   0x00000000   Code   RO         1252    .ARM.Collect$$libinit$$00000017  c_w.l(libinit2.o)
    0x08000136   0x00000000   Code   RO         1254    .ARM.Collect$$libinit$$00000019  c_w.l(libinit2.o)
    0x08000136   0x00000000   Code   RO         1256    .ARM.Collect$$libinit$$0000001B  c_w.l(libinit2.o)
    0x08000136   0x00000000   Code   RO         1258    .ARM.Collect$$libinit$$0000001D  c_w.l(libinit2.o)
    0x08000136   0x00000000   Code   RO         1260    .ARM.Collect$$libinit$$0000001F  c_w.l(libinit2.o)
    0x08000136   0x00000000   Code   RO         1262    .ARM.Collect$$libinit$$00000021  c_w.l(libinit2.o)
    0x08000136   0x00000000   Code   RO         1264    .ARM.Collect$$libinit$$00000023  c_w.l(libinit2.o)
    0x08000136   0x00000000   Code   RO         1266    .ARM.Collect$$libinit$$00000025  c_w.l(libinit2.o)
    0x08000136   0x00000000   Code   RO         1270    .ARM.Collect$$libinit$$0000002C  c_w.l(libinit2.o)
    0x08000136   0x00000000   Code   RO         1272    .ARM.Collect$$libinit$$0000002E  c_w.l(libinit2.o)
    0x08000136   0x00000000   Code   RO         1274    .ARM.Collect$$libinit$$00000030  c_w.l(libinit2.o)
    0x08000136   0x00000000   Code   RO         1276    .ARM.Collect$$libinit$$00000032  c_w.l(libinit2.o)
    0x08000136   0x00000002   Code   RO         1277    .ARM.Collect$$libinit$$00000033  c_w.l(libinit2.o)
    0x08000138   0x00000002   Code   RO         1301    .ARM.Collect$$libshutdown$$00000000  c_w.l(libshutdown.o)
    0x0800013a   0x00000000   Code   RO         1314    .ARM.Collect$$libshutdown$$00000002  c_w.l(libshutdown2.o)
    0x0800013a   0x00000000   Code   RO         1316    .ARM.Collect$$libshutdown$$00000004  c_w.l(libshutdown2.o)
    0x0800013a   0x00000000   Code   RO         1319    .ARM.Collect$$libshutdown$$00000007  c_w.l(libshutdown2.o)
    0x0800013a   0x00000000   Code   RO         1322    .ARM.Collect$$libshutdown$$0000000A  c_w.l(libshutdown2.o)
    0x0800013a   0x00000000   Code   RO         1324    .ARM.Collect$$libshutdown$$0000000C  c_w.l(libshutdown2.o)
    0x0800013a   0x00000000   Code   RO         1327    .ARM.Collect$$libshutdown$$0000000F  c_w.l(libshutdown2.o)
    0x0800013a   0x00000002   Code   RO         1328    .ARM.Collect$$libshutdown$$00000010  c_w.l(libshutdown2.o)
    0x0800013c   0x00000000   Code   RO         1136    .ARM.Collect$$rtentry$$00000000  c_w.l(__rtentry.o)
    0x0800013c   0x00000000   Code   RO         1177    .ARM.Collect$$rtentry$$00000002  c_w.l(__rtentry2.o)
    0x0800013c   0x00000006   Code   RO         1189    .ARM.Collect$$rtentry$$00000004  c_w.l(__rtentry4.o)
    0x08000142   0x00000000   Code   RO         1179    .ARM.Collect$$rtentry$$00000009  c_w.l(__rtentry2.o)
    0x08000142   0x00000004   Code   RO         1180    .ARM.Collect$$rtentry$$0000000A  c_w.l(__rtentry2.o)
    0x08000146   0x00000000   Code   RO         1182    .ARM.Collect$$rtentry$$0000000C  c_w.l(__rtentry2.o)
    0x08000146   0x00000008   Code   RO         1183    .ARM.Collect$$rtentry$$0000000D  c_w.l(__rtentry2.o)
    0x0800014e   0x00000002   Code   RO         1231    .ARM.Collect$$rtexit$$00000000  c_w.l(rtexit.o)
    0x08000150   0x00000000   Code   RO         1281    .ARM.Collect$$rtexit$$00000002  c_w.l(rtexit2.o)
    0x08000150   0x00000004   Code   RO         1282    .ARM.Collect$$rtexit$$00000003  c_w.l(rtexit2.o)
    0x08000154   0x00000006   Code   RO         1283    .ARM.Collect$$rtexit$$00000004  c_w.l(rtexit2.o)
    0x0800015a   0x00000002   PAD
    0x0800015c   0x00000040   Code   RO          202  * .text               startup_mdr32f9qx.o
    0x0800019c   0x00000006   Code   RO         1102    .text               c_w.l(heapauxi.o)
    0x080001a2   0x00000016   Code   RO         1137    .text               c_w.l(_rserrno.o)
    0x080001b8   0x00000008   Code   RO         1194    .text               c_w.l(rt_errno_addr_intlibspace.o)
    0x080001c0   0x00000008   Code   RO         1216    .text               c_w.l(libspace.o)
    0x080001c8   0x0000004a   Code   RO         1219    .text               c_w.l(sys_stackheap_outer.o)
    0x08000212   0x00000012   Code   RO         1221    .text               c_w.l(exit.o)
    0x08000224   0x0000000c   Code   RO         1293    .text               c_w.l(sys_exit.o)
    0x08000230   0x00000002   Code   RO         1304    .text               c_w.l(use_no_semi.o)
    0x08000232   0x00000000   Code   RO         1306    .text               c_w.l(indicate_semi.o)
    0x08000232   0x00000046   Code   RO            4    i.CLK_80_ini        ini.o
    0x08000278   0x0000001c   Code   RO          249    i.DAC2_Cmd          mdr32f9qx_dac.o
    0x08000294   0x00000014   Code   RO          251    i.DAC2_Init         mdr32f9qx_dac.o
    0x080002a8   0x00000034   Code   RO            5    i.DAC2_PortE_ini    ini.o
    0x080002dc   0x0000001c   Code   RO            6    i.DAC2_ini          ini.o
    0x080002f8   0x00000010   Code   RO          253    i.DAC_DeInit        mdr32f9qx_dac.o
    0x08000308   0x0000001c   Code   RO          324    i.DMA_Cmd           mdr32f9qx_dma.o
    0x08000324   0x00000070   Code   RO          325    i.DMA_CtrlDataInit  mdr32f9qx_dma.o
    0x08000394   0x000000c4   Code   RO            7    i.DMA_DAC2_ini      ini.o
    0x08000458   0x00000020   Code   RO          327    i.DMA_DeInit        mdr32f9qx_dma.o
    0x08000478   0x00000024   Code   RO          133    i.DMA_IRQHandler    it.o
    0x0800049c   0x00000094   Code   RO          330    i.DMA_Init          mdr32f9qx_dma.o
    0x08000530   0x00000010   Code   RO          335    i.DMA_StructInit    mdr32f9qx_dma.o
    0x08000540   0x00000040   Code   RO            8    i.LED_PortB_ini     ini.o
    0x08000580   0x00000018   Code   RO            9    i.Modulator_ini     ini.o
    0x08000598   0x000001c8   Code   RO          456    i.PORT_Init         mdr32f9qx_port.o
    0x08000760   0x0000001c   Code   RO          459    i.PORT_ResetBits    mdr32f9qx_port.o
    0x0800077c   0x0000001c   Code   RO          460    i.PORT_SetBits      mdr32f9qx_port.o
    0x08000798   0x0000001c   Code   RO          461    i.PORT_StructInit   mdr32f9qx_port.o
    0x080007b4   0x0000000c   Code   RO          530    i.RST_CLK_CPU_PLLcmd  mdr32f9qx_rst_clk.o
    0x080007c0   0x00000040   Code   RO          531    i.RST_CLK_CPU_PLLconfig  mdr32f9qx_rst_clk.o
    0x08000800   0x00000034   Code   RO          532    i.RST_CLK_CPU_PLLstatus  mdr32f9qx_rst_clk.o
    0x08000834   0x0000000c   Code   RO          533    i.RST_CLK_CPU_PLLuse  mdr32f9qx_rst_clk.o
    0x08000840   0x00000018   Code   RO          534    i.RST_CLK_CPUclkPrescaler  mdr32f9qx_rst_clk.o
    0x08000858   0x00000014   Code   RO          535    i.RST_CLK_CPUclkSelection  mdr32f9qx_rst_clk.o
    0x0800086c   0x00000034   Code   RO          538    i.RST_CLK_GetFlagStatus  mdr32f9qx_rst_clk.o
    0x080008a0   0x0000003c   Code   RO          540    i.RST_CLK_HSEconfig  mdr32f9qx_rst_clk.o
    0x080008dc   0x00000034   Code   RO          541    i.RST_CLK_HSEstatus  mdr32f9qx_rst_clk.o
    0x08000910   0x00000020   Code   RO          551    i.RST_CLK_PCLKcmd   mdr32f9qx_rst_clk.o
    0x08000930   0x00000068   Code   RO           10    i.Sin_massiv        ini.o
    0x08000998   0x00000090   Code   RO          209    i.SystemCoreClockUpdate  system_mdr32f9qx.o
    0x08000a28   0x00000040   Code   RO          210    i.SystemInit        system_mdr32f9qx.o
    0x08000a68   0x00000084   Code   RO           11    i.TIMER1_ini        ini.o
    0x08000aec   0x00000054   Code   RO          749    i.TIMER_BRGInit     mdr32f9qx_timer.o
    0x08000b40   0x000000e0   Code   RO           12    i.TIMER_CAPTURE_ini  ini.o
    0x08000c20   0x00000046   Code   RO          761    i.TIMER_ChnInit     mdr32f9qx_timer.o
    0x08000c66   0x00000042   Code   RO          768    i.TIMER_ChnOutInit  mdr32f9qx_timer.o
    0x08000ca8   0x00000016   Code   RO          772    i.TIMER_ChnOutStructInit  mdr32f9qx_timer.o
    0x08000cbe   0x0000001c   Code   RO          774    i.TIMER_ChnStructInit  mdr32f9qx_timer.o
    0x08000cda   0x00000014   Code   RO          776    i.TIMER_Cmd         mdr32f9qx_timer.o
    0x08000cee   0x00000036   Code   RO          779    i.TIMER_CntInit     mdr32f9qx_timer.o
    0x08000d24   0x0000001c   Code   RO          780    i.TIMER_CntStructInit  mdr32f9qx_timer.o
    0x08000d40   0x00000012   Code   RO          782    i.TIMER_DMACmd      mdr32f9qx_timer.o
    0x08000d52   0x00000044   Code   RO          783    i.TIMER_DeInit      mdr32f9qx_timer.o
    0x08000d96   0x00000028   Code   RO         1212    i.__ARM_fpclassify  m_ws.l(fpclassify.o)
    0x08000dbe   0x00000002   PAD
    0x08000dc0   0x00000388   Code   RO         1165    i.__ieee754_rem_pio2  m_ws.l(rred.o)
    0x08001148   0x000000fc   Code   RO         1148    i.__kernel_cos      m_ws.l(cos_i.o)
    0x08001244   0x000000aa   Code   RO         1214    i.__kernel_poly     m_ws.l(poly.o)
    0x080012ee   0x00000002   PAD
    0x080012f0   0x000000ec   Code   RO         1170    i.__kernel_sin      m_ws.l(sin_i.o)
    0x080013dc   0x00000006   Code   RO         1152    i.__mathlib_dbl_infnan  m_ws.l(dunder.o)
    0x080013e2   0x0000000c   Code   RO         1154    i.__mathlib_dbl_invalid  m_ws.l(dunder.o)
    0x080013ee   0x00000002   PAD
    0x080013f0   0x00000010   Code   RO         1157    i.__mathlib_dbl_underflow  m_ws.l(dunder.o)
    0x08001400   0x000000d0   Code   RO          169    i.main              main.o
    0x080014d0   0x000000a0   Code   RO         1129    i.sin               m_ws.l(sin.o)
    0x08001570   0x00000150   Code   RO         1106    x$fpl$dadd          fz_ws.l(daddsub_clz.o)
    0x080016c0   0x00000010   Code   RO         1229    x$fpl$dcheck1       fz_ws.l(dcheck1.o)
    0x080016d0   0x000002b0   Code   RO         1197    x$fpl$ddiv          fz_ws.l(ddiv.o)
    0x08001980   0x0000005e   Code   RO         1200    x$fpl$dfix          fz_ws.l(dfix.o)
    0x080019de   0x00000002   PAD
    0x080019e0   0x0000005a   Code   RO         1112    x$fpl$dfixu         fz_ws.l(dfixu.o)
    0x08001a3a   0x0000002e   Code   RO         1205    x$fpl$dflt          fz_ws.l(dflt_clz.o)
    0x08001a68   0x00000026   Code   RO         1204    x$fpl$dfltu         fz_ws.l(dflt_clz.o)
    0x08001a8e   0x00000002   PAD
    0x08001a90   0x00000154   Code   RO         1116    x$fpl$dmul          fz_ws.l(dmul.o)
    0x08001be4   0x0000009c   Code   RO         1139    x$fpl$dnaninf       fz_ws.l(dnaninf.o)
    0x08001c80   0x0000000c   Code   RO         1141    x$fpl$dretinf       fz_ws.l(dretinf.o)
    0x08001c8c   0x00000016   Code   RO         1107    x$fpl$drsb          fz_ws.l(daddsub_clz.o)
    0x08001ca2   0x00000002   PAD
    0x08001ca4   0x000001d4   Code   RO         1108    x$fpl$dsub          fz_ws.l(daddsub_clz.o)
    0x08001e78   0x00000056   Code   RO         1118    x$fpl$f2d           fz_ws.l(f2d.o)
    0x08001ece   0x00000002   PAD
    0x08001ed0   0x00000026   Code   RO         1120    x$fpl$ffltu         fz_ws.l(fflt_clz.o)
    0x08001ef6   0x00000002   PAD
    0x08001ef8   0x00000102   Code   RO         1126    x$fpl$fmul          fz_ws.l(fmul.o)
    0x08001ffa   0x0000008c   Code   RO         1143    x$fpl$fnaninf       fz_ws.l(fnaninf.o)
    0x08002086   0x0000000a   Code   RO         1145    x$fpl$fretinf       fz_ws.l(fretinf.o)
    0x08002090   0x00000064   Code   RO         1278    x$fpl$retnan        fz_ws.l(retnan.o)
    0x080020f4   0x0000005c   Code   RO         1210    x$fpl$scalbn        fz_ws.l(scalbn.o)
    0x08002150   0x00000030   Code   RO         1291    x$fpl$trapveneer    fz_ws.l(trapv.o)
    0x08002180   0x00000000   Code   RO         1147    x$fpl$usenofp       fz_ws.l(usenofp.o)
    0x08002180   0x00000030   Data   RO         1149    .constdata          m_ws.l(cos_i.o)
    0x080021b0   0x000000c8   Data   RO         1167    .constdata          m_ws.l(rred.o)
    0x08002278   0x00000028   Data   RO         1171    .constdata          m_ws.l(sin_i.o)
    0x080022a0   0x00000020   Data   RO         1359    Region$$Table       anon$$obj.o


    Execution Region ER_RW (Base: 0x20000000, Size: 0x00000010, Max: 0xffffffff, ABSOLUTE)

    Base Addr    Size         Type   Attr      Idx    E Section Name        Object

    0x20000000   0x0000000c   Data   RW          170    .data               main.o
    0x2000000c   0x00000004   Data   RW          211    .data               system_mdr32f9qx.o


    Execution Region ER_ZI (Base: 0x20000010, Size: 0x00000e50, Max: 0xffffffff, ABSOLUTE)

    Base Addr    Size         Type   Attr      Idx    E Section Name        Object

    0x20000010   0x00000078   Zero   RW           13    .bss                ini.o
    0x20000088   0x00000378   PAD
    0x20000400   0x00000400   Zero   RW          336    .bss                mdr32f9qx_dma.o
    0x20000800   0x00000060   Zero   RW         1217    .bss                c_w.l(libspace.o)
    0x20000860   0x00000200   Zero   RW          200    HEAP                startup_mdr32f9qx.o
    0x20000a60   0x00000400   Zero   RW          199    STACK               startup_mdr32f9qx.o


==============================================================================

Image component sizes


      Code (inc. data)   RO Data    RW Data    ZI Data      Debug   Object Name

       894         72          0          0        120     117323   ini.o
        36         12          0          0          0        413   it.o
       208         22          0         12          0        755   main.o
        64         12          0          0          0       1692   mdr32f9qx_dac.o
       336         18          0          0       1024       4021   mdr32f9qx_dma.o
       540         18          0          0          0       3426   mdr32f9qx_port.o
       380         52          0          0          0       9332   mdr32f9qx_rst_clk.o
       458         16          0          0          0       7210   mdr32f9qx_timer.o
        64         26        192          0       1536        792   startup_mdr32f9qx.o
       208         24          0          4          0       1335   system_mdr32f9qx.o

    ----------------------------------------------------------------------
      3188        272        224         16       3568     146299   Object Totals
         0          0         32          0          0          0   (incl. Generated)
         0          0          0          0        888          0   (incl. Padding)

    ----------------------------------------------------------------------

      Code (inc. data)   RO Data    RW Data    ZI Data      Debug   Library Member Name

         8          0          0          0          0         68   __main.o
         0          0          0          0          0          0   __rtentry.o
        12          0          0          0          0          0   __rtentry2.o
         6          0          0          0          0          0   __rtentry4.o
        52          8          0          0          0          0   __scatter.o
        26          0          0          0          0          0   __scatter_copy.o
        28          0          0          0          0          0   __scatter_zi.o
        22          0          0          0          0        100   _rserrno.o
        18          0          0          0          0         80   exit.o
         6          0          0          0          0        152   heapauxi.o
         0          0          0          0          0          0   indicate_semi.o
         2          0          0          0          0          0   libinit.o
         2          0          0          0          0          0   libinit2.o
         2          0          0          0          0          0   libshutdown.o
         2          0          0          0          0          0   libshutdown2.o
         8          4          0          0         96         68   libspace.o
         8          4          0          0          0         68   rt_errno_addr_intlibspace.o
         2          0          0          0          0          0   rtexit.o
        10          0          0          0          0          0   rtexit2.o
        12          4          0          0          0         68   sys_exit.o
        74          0          0          0          0         80   sys_stackheap_outer.o
         2          0          0          0          0         68   use_no_semi.o
       826         16          0          0          0        348   daddsub_clz.o
        16          4          0          0          0         68   dcheck1.o
       688        140          0          0          0        208   ddiv.o
        94          4          0          0          0         92   dfix.o
        90          4          0          0          0         92   dfixu.o
        84          0          0          0          0        136   dflt_clz.o
       340         12          0          0          0        104   dmul.o
       156          4          0          0          0         92   dnaninf.o
        12          0          0          0          0         68   dretinf.o
        86          4          0          0          0         84   f2d.o
        38          0          0          0          0         68   fflt_clz.o
       258          4          0          0          0         84   fmul.o
       140          4          0          0          0         84   fnaninf.o
        10          0          0          0          0         68   fretinf.o
       100          0          0          0          0         68   retnan.o
        92          0          0          0          0         68   scalbn.o
        48          0          0          0          0         68   trapv.o
         0          0          0          0          0          0   usenofp.o
       252         22         48          0          0        124   cos_i.o
        34          6          0          0          0        204   dunder.o
        40          0          0          0          0         68   fpclassify.o
       170          0          0          0          0         96   poly.o
       904         76        200          0          0        140   rred.o
       160         10          0          0          0        108   sin.o
       236         12         40          0          0        128   sin_i.o

    ----------------------------------------------------------------------
      5196        342        288          0         96       3420   Library Totals
        20          0          0          0          0          0   (incl. Padding)

    ----------------------------------------------------------------------

      Code (inc. data)   RO Data    RW Data    ZI Data      Debug   Library Name

       302         20          0          0         96        752   c_w.l
      3078        196          0          0          0       1800   fz_ws.l
      1796        126        288          0          0        868   m_ws.l

    ----------------------------------------------------------------------
      5196        342        288          0         96       3420   Library Totals

    ----------------------------------------------------------------------

==============================================================================


      Code (inc. data)   RO Data    RW Data    ZI Data      Debug   

      8384        614        512         16       3664     145763   Grand Totals
      8384        614        512         16       3664     145763   ELF Image Totals
      8384        614        512         16          0          0   ROM Totals

==============================================================================

    Total RO  Size (Code + RO Data)                 8896 (   8.69kB)
    Total RW  Size (RW Data + ZI Data)              3680 (   3.59kB)
    Total ROM Size (Code + RO Data + RW Data)       8912 (   8.70kB)

==============================================================================

