Component: ARM Compiler 5.06 update 3 (build 300) Tool: armlink [4d35c9]

==============================================================================

Section Cross References

    ini.o(i.CLK_80_ini) refers to mdr32f9qx_rst_clk.o(i.RST_CLK_HSEconfig) for RST_CLK_HSEconfig
    ini.o(i.CLK_80_ini) refers to mdr32f9qx_rst_clk.o(i.RST_CLK_HSEstatus) for RST_CLK_HSEstatus
    ini.o(i.CLK_80_ini) refers to mdr32f9qx_rst_clk.o(i.RST_CLK_CPU_PLLconfig) for RST_CLK_CPU_PLLconfig
    ini.o(i.CLK_80_ini) refers to mdr32f9qx_rst_clk.o(i.RST_CLK_CPU_PLLcmd) for RST_CLK_CPU_PLLcmd
    ini.o(i.CLK_80_ini) refers to mdr32f9qx_rst_clk.o(i.RST_CLK_CPU_PLLstatus) for RST_CLK_CPU_PLLstatus
    ini.o(i.CLK_80_ini) refers to mdr32f9qx_rst_clk.o(i.RST_CLK_CPUclkPrescaler) for RST_CLK_CPUclkPrescaler
    ini.o(i.CLK_80_ini) refers to mdr32f9qx_rst_clk.o(i.RST_CLK_CPU_PLLuse) for RST_CLK_CPU_PLLuse
    ini.o(i.CLK_80_ini) refers to mdr32f9qx_rst_clk.o(i.RST_CLK_CPUclkSelection) for RST_CLK_CPUclkSelection
    ini.o(i.DAC2_PortE_ini) refers to mdr32f9qx_rst_clk.o(i.RST_CLK_PCLKcmd) for RST_CLK_PCLKcmd
    ini.o(i.DAC2_PortE_ini) refers to mdr32f9qx_port.o(i.PORT_Init) for PORT_Init
    ini.o(i.DAC2_ini) refers to mdr32f9qx_rst_clk.o(i.RST_CLK_PCLKcmd) for RST_CLK_PCLKcmd
    ini.o(i.DAC2_ini) refers to mdr32f9qx_dac.o(i.DAC_DeInit) for DAC_DeInit
    ini.o(i.DAC2_ini) refers to mdr32f9qx_dac.o(i.DAC2_Init) for DAC2_Init
    ini.o(i.DAC2_ini) refers to mdr32f9qx_dac.o(i.DAC2_Cmd) for DAC2_Cmd
    ini.o(i.DMA_DAC2_ini) refers to mdr32f9qx_rst_clk.o(i.RST_CLK_PCLKcmd) for RST_CLK_PCLKcmd
    ini.o(i.DMA_DAC2_ini) refers to mdr32f9qx_dma.o(i.DMA_DeInit) for DMA_DeInit
    ini.o(i.DMA_DAC2_ini) refers to mdr32f9qx_dma.o(i.DMA_StructInit) for DMA_StructInit
    ini.o(i.DMA_DAC2_ini) refers to mdr32f9qx_dma.o(i.DMA_Init) for DMA_Init
    ini.o(i.DMA_DAC2_ini) refers to mdr32f9qx_dma.o(i.DMA_Cmd) for DMA_Cmd
    ini.o(i.DMA_DAC2_ini) refers to ini.o(.bss) for DMA_Channel_InitStructure
    ini.o(i.DMA_RX_start) refers to mdr32f9qx_dma.o(i.DMA_DeInit) for DMA_DeInit
    ini.o(i.DMA_RX_start) refers to mdr32f9qx_dma.o(i.DMA_StructInit) for DMA_StructInit
    ini.o(i.DMA_RX_start) refers to mdr32f9qx_dma.o(i.DMA_Init) for DMA_Init
    ini.o(i.DMA_TX_start) refers to mdr32f9qx_dma.o(i.DMA_DeInit) for DMA_DeInit
    ini.o(i.DMA_TX_start) refers to mdr32f9qx_dma.o(i.DMA_StructInit) for DMA_StructInit
    ini.o(i.DMA_TX_start) refers to mdr32f9qx_dma.o(i.DMA_Init) for DMA_Init
    ini.o(i.DMA_TX_start) refers to mdr32f9qx_dma.o(i.DMA_GetFlagStatus) for DMA_GetFlagStatus
    ini.o(i.DMA_ini) refers to mdr32f9qx_rst_clk.o(i.RST_CLK_PCLKcmd) for RST_CLK_PCLKcmd
    ini.o(i.DMA_ini) refers to mdr32f9qx_dma.o(i.DMA_DeInit) for DMA_DeInit
    ini.o(i.DMA_ini) refers to mdr32f9qx_dma.o(i.DMA_StructInit) for DMA_StructInit
    ini.o(i.IK_port_ini) refers to mdr32f9qx_rst_clk.o(i.RST_CLK_PCLKcmd) for RST_CLK_PCLKcmd
    ini.o(i.IK_port_ini) refers to mdr32f9qx_port.o(i.PORT_Init) for PORT_Init
    ini.o(i.LED_PortB_ini) refers to mdr32f9qx_rst_clk.o(i.RST_CLK_PCLKcmd) for RST_CLK_PCLKcmd
    ini.o(i.LED_PortB_ini) refers to mdr32f9qx_port.o(i.PORT_Init) for PORT_Init
    ini.o(i.Modulator_ini) refers to ini.o(i.Sin_massiv) for Sin_massiv
    ini.o(i.Modulator_ini) refers to ini.o(i.Pila_massiv) for Pila_massiv
    ini.o(i.Modulator_ini) refers to ini.o(i.Triangle_massiv) for Triangle_massiv
    ini.o(i.Modulator_ini) refers to ini.o(i.DMA_DAC2_ini) for DMA_DAC2_ini
    ini.o(i.Modulator_ini) refers to ini.o(i.DAC2_PortE_ini) for DAC2_PortE_ini
    ini.o(i.Modulator_ini) refers to ini.o(i.DAC2_ini) for DAC2_ini
    ini.o(i.Modulator_ini) refers to ini.o(i.TIMER1_ini) for TIMER1_ini
    ini.o(i.Pila_massiv) refers to fflt_clz.o(x$fpl$ffltu) for __aeabi_ui2f
    ini.o(i.Pila_massiv) refers to fdiv.o(x$fpl$fdiv) for __aeabi_fdiv
    ini.o(i.Pila_massiv) refers to fmul.o(x$fpl$fmul) for __aeabi_fmul
    ini.o(i.Pila_massiv) refers to ffixu.o(x$fpl$ffixu) for __aeabi_f2uiz
    ini.o(i.Pila_massiv) refers to ini.o(.bss) for modArr
    ini.o(i.PortB_EXT_ini) refers to mdr32f9qx_port.o(i.PORT_Init) for PORT_Init
    ini.o(i.ReadStringDMA) refers to mdr32f9qx_dma.o(i.DMA_DeInit) for DMA_DeInit
    ini.o(i.ReadStringDMA) refers to mdr32f9qx_dma.o(i.DMA_StructInit) for DMA_StructInit
    ini.o(i.ReadStringDMA) refers to mdr32f9qx_dma.o(i.DMA_Init) for DMA_Init
    ini.o(i.Sin_massiv) refers to dflt_clz.o(x$fpl$dfltu) for __aeabi_ui2d
    ini.o(i.Sin_massiv) refers to ddiv.o(x$fpl$ddiv) for __aeabi_ddiv
    ini.o(i.Sin_massiv) refers to d2f.o(x$fpl$d2f) for __aeabi_d2f
    ini.o(i.Sin_massiv) refers to fflt_clz.o(x$fpl$ffltu) for __aeabi_ui2f
    ini.o(i.Sin_massiv) refers to fmul.o(x$fpl$fmul) for __aeabi_fmul
    ini.o(i.Sin_massiv) refers to f2d.o(x$fpl$f2d) for __aeabi_f2d
    ini.o(i.Sin_massiv) refers to sin.o(i.sin) for sin
    ini.o(i.Sin_massiv) refers to dmul.o(x$fpl$dmul) for __aeabi_dmul
[...]
    ../clib/signal.c                         0x00000000   Number         0  defsig_cppl_inner.o ABSOLUTE
    ../clib/signal.c                         0x00000000   Number         0  defsig_pvfn_inner.o ABSOLUTE
    ../clib/signal.c                         0x00000000   Number         0  defsig_stak_inner.o ABSOLUTE
    ../clib/signal.c                         0x00000000   Number         0  defsig_rtred_inner.o ABSOLUTE
    ../clib/signal.c                         0x00000000   Number         0  defsig_fpe_inner.o ABSOLUTE
    ../clib/signal.c                         0x00000000   Number         0  defsig_abrt_inner.o ABSOLUTE
    ../clib/signal.c                         0x00000000   Number         0  defsig_general.o ABSOLUTE
    ../clib/signal.c                         0x00000000   Number         0  __raise.o ABSOLUTE
    ../clib/signal.c                         0x00000000   Number         0  defsig_rtmem_inner.o ABSOLUTE
    ../clib/signal.c                         0x00000000   Number         0  defsig_exit.o ABSOLUTE
    ../clib/signal.c                         0x00000000   Number         0  defsig_rtmem_formal.o ABSOLUTE
    ../clib/signal.c                         0x00000000   Number         0  defsig_rtmem_outer.o ABSOLUTE
    ../clib/signal.s                         0x00000000   Number         0  defsig.o ABSOLUTE
    ../clib/stdlib.c                         0x00000000   Number         0  exit.o ABSOLUTE
    ../clib/string.c                         0x00000000   Number         0  strlen.o ABSOLUTE
    ../fplib/d2f.s                           0x00000000   Number         0  d2f.o ABSOLUTE
    ../fplib/daddsub.s                       0x00000000   Number         0  daddsub_clz.o ABSOLUTE
    ../fplib/dcheck1.s                       0x00000000   Number         0  dcheck1.o ABSOLUTE
    ../fplib/ddiv.s                          0x00000000   Number         0  ddiv.o ABSOLUTE
    ../fplib/dfix.s                          0x00000000   Number         0  dfix.o ABSOLUTE
    ../fplib/dfixu.s                         0x00000000   Number         0  dfixu.o ABSOLUTE
    ../fplib/dflt.s                          0x00000000   Number         0  dflt_clz.o ABSOLUTE
    ../fplib/dmul.s                          0x00000000   Number         0  dmul.o ABSOLUTE
    ../fplib/dnaninf.s                       0x00000000   Number         0  dnaninf.o ABSOLUTE
    ../fplib/dretinf.s                       0x00000000   Number         0  dretinf.o ABSOLUTE
    ../fplib/f2d.s                           0x00000000   Number         0  f2d.o ABSOLUTE
    ../fplib/fdiv.s                          0x00000000   Number         0  fdiv.o ABSOLUTE
    ../fplib/ffixu.s                         0x00000000   Number         0  ffixu.o ABSOLUTE
    ../fplib/fflt.s                          0x00000000   Number         0  fflt_clz.o ABSOLUTE
    ../fplib/fmul.s                          0x00000000   Number         0  fmul.o ABSOLUTE
    ../fplib/fnaninf.s                       0x00000000   Number         0  fnaninf.o ABSOLUTE
    ../fplib/fpinit.s                        0x00000000   Number         0  fpinit.o ABSOLUTE
    ../fplib/fretinf.s                       0x00000000   Number         0  fretinf.o ABSOLUTE
    ../fplib/retnan.s                        0x00000000   Number         0  retnan.o ABSOLUTE
    ../fplib/scalbn.s                        0x00000000   Number         0  scalbn.o ABSOLUTE
    ../fplib/trapv.s                         0x00000000   Number         0  trapv.o ABSOLUTE
    ../fplib/usenofp.s                       0x00000000   Number         0  usenofp.o ABSOLUTE
    ../mathlib/cos_i.c                       0x00000000   Number         0  cos_i.o ABSOLUTE
    ../mathlib/dunder.c                      0x00000000   Number         0  dunder.o ABSOLUTE
    ../mathlib/fpclassify.c                  0x00000000   Number         0  fpclassify.o ABSOLUTE
    ../mathlib/poly.c                        0x00000000   Number         0  poly.o ABSOLUTE
    ../mathlib/rred.c                        0x00000000   Number         0  rred.o ABSOLUTE
    ../mathlib/sin.c                         0x00000000   Number         0  sin_x.o ABSOLUTE
    ../mathlib/sin.c                         0x00000000   Number         0  sin.o ABSOLUTE
    ../mathlib/sin_i.c                       0x00000000   Number         0  sin_i_x.o ABSOLUTE
    ../mathlib/sin_i.c                       0x00000000   Number         0  sin_i.o ABSOLUTE
    C:\Keil_v5\ARM\PACK\Keil\MDR1986BExx\1.4\Libraries\MDR32F9Qx_StdPeriph_Driver\src\MDR32F9Qx_dac.c 0x00000000   Number         0  mdr32f9qx_dac.o ABSOLUTE
    C:\Keil_v5\ARM\PACK\Keil\MDR1986BExx\1.4\Libraries\MDR32F9Qx_StdPeriph_Driver\src\MDR32F9Qx_dma.c 0x00000000   Number         0  mdr32f9qx_dma.o ABSOLUTE
    C:\Keil_v5\ARM\PACK\Keil\MDR1986BExx\1.4\Libraries\MDR32F9Qx_StdPeriph_Driver\src\MDR32F9Qx_eeprom.c 0x00000000   Number         0  mdr32f9qx_eeprom.o ABSOLUTE
    C:\Keil_v5\ARM\PACK\Keil\MDR1986BExx\1.4\Libraries\MDR32F9Qx_StdPeriph_Driver\src\MDR32F9Qx_port.c 0x00000000   Number         0  mdr32f9qx_port.o ABSOLUTE
    C:\Keil_v5\ARM\PACK\Keil\MDR1986BExx\1.4\Libraries\MDR32F9Qx_StdPeriph_Driver\src\MDR32F9Qx_rst_clk.c 0x00000000   Number         0  mdr32f9qx_rst_clk.o ABSOLUTE
    C:\Keil_v5\ARM\PACK\Keil\MDR1986BExx\1.4\Libraries\MDR32F9Qx_StdPeriph_Driver\src\MDR32F9Qx_timer.c 0x00000000   Number         0  mdr32f9qx_timer.o ABSOLUTE
    C:\Keil_v5\ARM\PACK\Keil\MDR1986BExx\1.4\Libraries\MDR32F9Qx_StdPeriph_Driver\src\MDR32F9Qx_uart.c 0x00000000   Number         0  mdr32f9qx_uart.o ABSOLUTE
    C:\\Keil_v5\\ARM\\PACK\\Keil\\MDR1986BExx\\1.4\\Libraries\\MDR32F9Qx_StdPeriph_Driver\\src\\MDR32F9Qx_dac.c 0x00000000   Number         0  mdr32f9qx_dac.o ABSOLUTE
    C:\\Keil_v5\\ARM\\PACK\\Keil\\MDR1986BExx\\1.4\\Libraries\\MDR32F9Qx_StdPeriph_Driver\\src\\MDR32F9Qx_dma.c 0x00000000   Number         0  mdr32f9qx_dma.o ABSOLUTE
    C:\\Keil_v5\\ARM\\PACK\\Keil\\MDR1986BExx\\1.4\\Libraries\\MDR32F9Qx_StdPeriph_Driver\\src\\MDR32F9Qx_eeprom.c 0x00000000   Number         0  mdr32f9qx_eeprom.o ABSOLUTE
    C:\\Keil_v5\\ARM\\PACK\\Keil\\MDR1986BExx\\1.4\\Libraries\\MDR32F9Qx_StdPeriph_Driver\\src\\MDR32F9Qx_port.c 0x00000000   Number         0  mdr32f9qx_port.o ABSOLUTE
    C:\\Keil_v5\\ARM\\PACK\\Keil\\MDR1986BExx\\1.4\\Libraries\\MDR32F9Qx_StdPeriph_Driver\\src\\MDR32F9Qx_rst_clk.c 0x00000000   Number         0  mdr32f9qx_rst_clk.o ABSOLUTE
    C:\\Keil_v5\\ARM\\PACK\\Keil\\MDR1986BExx\\1.4\\Libraries\\MDR32F9Qx_StdPeriph_Driver\\src\\MDR32F9Qx_timer.c 0x00000000   Number         0  mdr32f9qx_timer.o ABSOLUTE
    C:\\Keil_v5\\ARM\\PACK\\Keil\\MDR1986BExx\\1.4\\Libraries\\MDR32F9Qx_StdPeriph_Driver\\src\\MDR32F9Qx_uart.c 0x00000000   Number         0  mdr32f9qx_uart.o ABSOLUTE
    MELT_LCD_lib\\mlt_lcd.c                  0x00000000   Number         0  mlt_lcd.o ABSOLUTE
    MELT_LCD_lib\mlt_lcd.c                   0x00000000   Number         0  mlt_lcd.o ABSOLUTE
    RTE\Device\MDR1986BE92\startup_MDR32F9Qx.s 0x00000000   Number         0  startup_mdr32f9qx.o ABSOLUTE
    RTE\Device\MDR1986BE92\system_MDR32F9Qx.c 0x00000000   Number         0  system_mdr32f9qx.o ABSOLUTE
    RTE\\Device\\MDR1986BE92\\system_MDR32F9Qx.c 0x00000000   Number         0  system_mdr32f9qx.o ABSOLUTE
    User\\src\\console.c                     0x00000000   Number         0  console.o ABSOLUTE
    User\\src\\ini.c                         0x00000000   Number         0  ini.o ABSOLUTE
    User\\src\\it.c                          0x00000000   Number         0  it.o ABSOLUTE
    User\\src\\lcd.c                         0x00000000   Number         0  lcd.o ABSOLUTE
    User\\src\\main.c                        0x00000000   Number         0  main.o ABSOLUTE
    User\src\console.c                       0x00000000   Number         0  console.o ABSOLUTE
    User\src\ini.c                           0x00000000   Number         0  ini.o ABSOLUTE
    User\src\it.c                            0x00000000   Number         0  it.o ABSOLUTE
    User\src\lcd.c                           0x00000000   Number         0  lcd.o ABSOLUTE
    User\src\main.c                          0x00000000   Number         0  main.o ABSOLUTE
    dc.s                                     0x00000000   Number         0  dc.o ABSOLUTE
    RESET                                    0x08000000   Section      192  startup_mdr32f9qx.o(RESET)
    !!!main                                  0x080000c0   Section        8  __main.o(!!!main)
    !!!scatter                               0x080000c8   Section       52  __scatter.o(!!!scatter)
    !!handler_copy                           0x080000fc   Section       26  __scatter_copy.o(!!handler_copy)
    !!handler_zi                             0x08000118   Section       28  __scatter_zi.o(!!handler_zi)
    .ARM.Collect$$_printf_percent$$00000000  0x08000134   Section        0  _printf_percent.o(.ARM.Collect$$_printf_percent$$00000000)
    .ARM.Collect$$_printf_percent$$00000009  0x08000134   Section        6  _printf_d.o(.ARM.Collect$$_printf_percent$$00000009)
    .ARM.Collect$$_printf_percent$$00000017  0x0800013a   Section        4  _printf_percent_end.o(.ARM.Collect$$_printf_percent$$00000017)
    .ARM.Collect$$libinit$$00000000          0x0800013e   Section        2  libinit.o(.ARM.Collect$$libinit$$00000000)
    .ARM.Collect$$libinit$$00000002          0x08000140   Section        0  libinit2.o(.ARM.Collect$$libinit$$00000002)
    .ARM.Collect$$libinit$$00000004          0x08000140   Section        0  libinit2.o(.ARM.Collect$$libinit$$00000004)
    .ARM.Collect$$libinit$$0000000A          0x08000140   Section        0  libinit2.o(.ARM.Collect$$libinit$$0000000A)
    .ARM.Collect$$libinit$$0000000C          0x08000140   Section        0  libinit2.o(.ARM.Collect$$libinit$$0000000C)
    .ARM.Collect$$libinit$$0000000E          0x08000140   Section        0  libinit2.o(.ARM.Collect$$libinit$$0000000E)
    .ARM.Collect$$libinit$$0000000F          0x08000140   Section        6  libinit2.o(.ARM.Collect$$libinit$$0000000F)
    .ARM.Collect$$libinit$$00000011          0x08000146   Section        0  libinit2.o(.ARM.Collect$$libinit$$00000011)
    .ARM.Collect$$libinit$$00000012          0x08000146   Section       12  libinit2.o(.ARM.Collect$$libinit$$00000012)
    .ARM.Collect$$libinit$$00000013          0x08000152   Section        0  libinit2.o(.ARM.Collect$$libinit$$00000013)
    .ARM.Collect$$libinit$$00000015          0x08000152   Section        0  libinit2.o(.ARM.Collect$$libinit$$00000015)
    .ARM.Collect$$libinit$$00000017          0x08000152   Section        0  libinit2.o(.ARM.Collect$$libinit$$00000017)
    .ARM.Collect$$libinit$$00000019          0x08000152   Section        0  libinit2.o(.ARM.Collect$$libinit$$00000019)
    .ARM.Collect$$libinit$$0000001B          0x08000152   Section        0  libinit2.o(.ARM.Collect$$libinit$$0000001B)
    .ARM.Collect$$libinit$$0000001D          0x08000152   Section        0  libinit2.o(.ARM.Collect$$libinit$$0000001D)
    .ARM.Collect$$libinit$$0000001F          0x08000152   Section        0  libinit2.o(.ARM.Collect$$libinit$$0000001F)
    .ARM.Collect$$libinit$$00000021          0x08000152   Section        0  libinit2.o(.ARM.Collect$$libinit$$00000021)
    .ARM.Collect$$libinit$$00000023          0x08000152   Section        0  libinit2.o(.ARM.Collect$$libinit$$00000023)
    .ARM.Collect$$libinit$$00000025          0x08000152   Section        0  libinit2.o(.ARM.Collect$$libinit$$00000025)
    .ARM.Collect$$libinit$$0000002C          0x08000152   Section        0  libinit2.o(.ARM.Collect$$libinit$$0000002C)
    .ARM.Collect$$libinit$$0000002E          0x08000152   Section        0  libinit2.o(.ARM.Collect$$libinit$$0000002E)
    .ARM.Collect$$libinit$$00000030          0x08000152   Section        0  libinit2.o(.ARM.Collect$$libinit$$00000030)
    .ARM.Collect$$libinit$$00000032          0x08000152   Section        0  libinit2.o(.ARM.Collect$$libinit$$00000032)
    .ARM.Collect$$libinit$$00000033          0x08000152   Section        2  libinit2.o(.ARM.Collect$$libinit$$00000033)
    .ARM.Collect$$libshutdown$$00000000      0x08000154   Section        2  libshutdown.o(.ARM.Collect$$libshutdown$$00000000)
    .ARM.Collect$$libshutdown$$00000002      0x08000156   Section        0  libshutdown2.o(.ARM.Collect$$libshutdown$$00000002)
    .ARM.Collect$$libshutdown$$00000004      0x08000156   Section        0  libshutdown2.o(.ARM.Collect$$libshutdown$$00000004)
    .ARM.Collect$$libshutdown$$00000007      0x08000156   Section        0  libshutdown2.o(.ARM.Collect$$libshutdown$$00000007)
    .ARM.Collect$$libshutdown$$0000000A      0x08000156   Section        0  libshutdown2.o(.ARM.Collect$$libshutdown$$0000000A)
    .ARM.Collect$$libshutdown$$0000000C      0x08000156   Section        0  libshutdown2.o(.ARM.Collect$$libshutdown$$0000000C)
    .ARM.Collect$$libshutdown$$0000000F      0x08000156   Section        0  libshutdown2.o(.ARM.Collect$$libshutdown$$0000000F)
    .ARM.Collect$$libshutdown$$00000010      0x08000156   Section        2  libshutdown2.o(.ARM.Collect$$libshutdown$$00000010)
    .ARM.Collect$$rtentry$$00000000          0x08000158   Section        0  __rtentry.o(.ARM.Collect$$rtentry$$00000000)
    .ARM.Collect$$rtentry$$00000002          0x08000158   Section        0  __rtentry2.o(.ARM.Collect$$rtentry$$00000002)
    .ARM.Collect$$rtentry$$00000004          0x08000158   Section        6  __rtentry4.o(.ARM.Collect$$rtentry$$00000004)
    .ARM.Collect$$rtentry$$00000009          0x0800015e   Section        0  __rtentry2.o(.ARM.Collect$$rtentry$$00000009)
    .ARM.Collect$$rtentry$$0000000A          0x0800015e   Section        4  __rtentry2.o(.ARM.Collect$$rtentry$$0000000A)
    .ARM.Collect$$rtentry$$0000000C          0x08000162   Section        0  __rtentry2.o(.ARM.Collect$$rtentry$$0000000C)
    .ARM.Collect$$rtentry$$0000000D          0x08000162   Section        8  __rtentry2.o(.ARM.Collect$$rtentry$$0000000D)
    .ARM.Collect$$rtexit$$00000000           0x0800016a   Section        2  rtexit.o(.ARM.Collect$$rtexit$$00000000)
    .ARM.Collect$$rtexit$$00000002           0x0800016c   Section        0  rtexit2.o(.ARM.Collect$$rtexit$$00000002)
    .ARM.Collect$$rtexit$$00000003           0x0800016c   Section        4  rtexit2.o(.ARM.Collect$$rtexit$$00000003)
    .ARM.Collect$$rtexit$$00000004           0x08000170   Section        6  rtexit2.o(.ARM.Collect$$rtexit$$00000004)
    .text                                    0x08000178   Section       64  startup_mdr32f9qx.o(.text)
    .text                                    0x080001b8   Section        0  noretval__2sprintf.o(.text)
    .text                                    0x080001e0   Section        0  __printf.o(.text)
    .text                                    0x08000248   Section        0  _printf_dec.o(.text)
    .text                                    0x080002c0   Section        0  atoi.o(.text)
    .text                                    0x080002da   Section        0  strlen.o(.text)
    .text                                    0x08000318   Section      100  rt_memcpy_w.o(.text)
    .text                                    0x0800037c   Section       78  rt_memclr_w.o(.text)
    .text                                    0x080003ca   Section        0  heapauxi.o(.text)
    .text                                    0x080003d0   Section        8  rt_errno_addr_intlibspace.o(.text)
    .text                                    0x080003d8   Section        0  _rserrno.o(.text)
    .text                                    0x080003ee   Section        0  _printf_intcommon.o(.text)
    .text                                    0x080004a0   Section        0  _printf_char_common.o(.text)
    _printf_input_char                       0x080004a1   Thumb Code    10  _printf_char_common.o(.text)
    .text                                    0x080004d0   Section        0  _sputc.o(.text)
    .text                                    0x080004da   Section        0  strtol.o(.text)
    .text                                    0x0800054c   Section        8  libspace.o(.text)
    .text                                    0x08000554   Section       16  rt_ctype_table.o(.text)
    .text                                    0x08000564   Section        0  _strtoul.o(.text)
    .text                                    0x08000602   Section       74  sys_stackheap_outer.o(.text)
    .text                                    0x0800064c   Section        8  rt_locale_intlibspace.o(.text)
    .text                                    0x08000654   Section        0  _chval.o(.text)
    .text                                    0x08000670   Section        0  exit.o(.text)
    .text                                    0x08000684   Section      128  strcmpv7m.o(.text)
    .text                                    0x08000704   Section        0  sys_exit.o(.text)
    .text                                    0x08000710   Section        2  use_no_semi.o(.text)
    .text                                    0x08000712   Section        0  indicate_semi.o(.text)
    i.CLK_80_ini                             0x08000712   Section        0  ini.o(i.CLK_80_ini)
    i.DAC2_Cmd                               0x08000758   Section        0  mdr32f9qx_dac.o(i.DAC2_Cmd)
    i.DAC2_Init                              0x08000774   Section        0  mdr32f9qx_dac.o(i.DAC2_Init)
    i.DAC2_PortE_ini                         0x08000788   Section        0  ini.o(i.DAC2_PortE_ini)
    i.DAC2_ini                               0x080007bc   Section        0  ini.o(i.DAC2_ini)
    i.DAC_DeInit                             0x080007d8   Section        0  mdr32f9qx_dac.o(i.DAC_DeInit)
    i.DMA_Cmd                                0x080007e8   Section        0  mdr32f9qx_dma.o(i.DMA_Cmd)
    i.DMA_CtrlDataInit                       0x08000804   Section        0  mdr32f9qx_dma.o(i.DMA_CtrlDataInit)
    i.DMA_DAC2_ini                           0x08000874   Section        0  ini.o(i.DMA_DAC2_ini)
    i.DMA_DeInit                             0x0800093c   Section        0  mdr32f9qx_dma.o(i.DMA_DeInit)
    i.DMA_GetFlagStatus                      0x0800095c   Section        0  mdr32f9qx_dma.o(i.DMA_GetFlagStatus)
    i.DMA_IRQHandler                         0x080009e0   Section        0  it.o(i.DMA_IRQHandler)
    i.DMA_Init                               0x08000a20   Section        0  mdr32f9qx_dma.o(i.DMA_Init)
    i.DMA_StructInit                         0x08000ab4   Section        0  mdr32f9qx_dma.o(i.DMA_StructInit)
    i.DMA_ini                                0x08000ac4   Section        0  ini.o(i.DMA_ini)
    i.EXT_INT2_IRQHandler                    0x08000b00   Section        0  it.o(i.EXT_INT2_IRQHandler)
    i.IK_port_ini                            0x08000b1c   Section        0  ini.o(i.IK_port_ini)
    i.LED_PortB_ini                          0x08000b5c   Section        0  ini.o(i.LED_PortB_ini)
    i.Modulator_ini                          0x08000b9c   Section        0  ini.o(i.Modulator_ini)
    i.NVIC_EnableIRQ                         0x08000be0   Section        0  main.o(i.NVIC_EnableIRQ)
    NVIC_EnableIRQ                           0x08000be1   Thumb Code    22  main.o(i.NVIC_EnableIRQ)
    i.PORT_Init                              0x08000bf8   Section        0  mdr32f9qx_port.o(i.PORT_Init)
    i.PORT_ResetBits                         0x08000dc0   Section        0  mdr32f9qx_port.o(i.PORT_ResetBits)
    i.PORT_SetBits                           0x08000ddc   Section        0  mdr32f9qx_port.o(i.PORT_SetBits)
    i.PORT_StructInit                        0x08000df8   Section        0  mdr32f9qx_port.o(i.PORT_StructInit)
    i.Pila_massiv                            0x08000e14   Section        0  ini.o(i.Pila_massiv)
    i.PortB_EXT_ini                          0x08000e70   Section        0  ini.o(i.PortB_EXT_ini)
    i.RST_CLK_CPU_PLLcmd                     0x08000eac   Section        0  mdr32f9qx_rst_clk.o(i.RST_CLK_CPU_PLLcmd)
    i.RST_CLK_CPU_PLLconfig                  0x08000eb8   Section        0  mdr32f9qx_rst_clk.o(i.RST_CLK_CPU_PLLconfig)
    i.RST_CLK_CPU_PLLstatus                  0x08000ef8   Section        0  mdr32f9qx_rst_clk.o(i.RST_CLK_CPU_PLLstatus)
    i.RST_CLK_CPU_PLLuse                     0x08000f2c   Section        0  mdr32f9qx_rst_clk.o(i.RST_CLK_CPU_PLLuse)
    i.RST_CLK_CPUclkPrescaler                0x08000f38   Section        0  mdr32f9qx_rst_clk.o(i.RST_CLK_CPUclkPrescaler)
    i.RST_CLK_CPUclkSelection                0x08000f50   Section        0  mdr32f9qx_rst_clk.o(i.RST_CLK_CPUclkSelection)
    i.RST_CLK_GetClocksFreq                  0x08000f64   Section        0  mdr32f9qx_rst_clk.o(i.RST_CLK_GetClocksFreq)
    i.RST_CLK_GetFlagStatus                  0x080011d8   Section        0  mdr32f9qx_rst_clk.o(i.RST_CLK_GetFlagStatus)
    i.RST_CLK_HSEconfig                      0x0800120c   Section        0  mdr32f9qx_rst_clk.o(i.RST_CLK_HSEconfig)
    i.RST_CLK_HSEstatus                      0x08001248   Section        0  mdr32f9qx_rst_clk.o(i.RST_CLK_HSEstatus)
    i.RST_CLK_PCLKcmd                        0x0800127c   Section        0  mdr32f9qx_rst_clk.o(i.RST_CLK_PCLKcmd)
    i.ReadStringDMA                          0x0800129c   Section        0  ini.o(i.ReadStringDMA)
    i.Sin_massiv                             0x08001338   Section        0  ini.o(i.Sin_massiv)
    i.SystemCoreClockUpdate                  0x080013d0   Section        0  system_mdr32f9qx.o(i.SystemCoreClockUpdate)
    i.SystemInit                             0x08001460   Section        0  system_mdr32f9qx.o(i.SystemInit)
    i.TIMER1_ini                             0x080014a0   Section        0  ini.o(i.TIMER1_ini)
    i.TIMER_BRGInit                          0x08001538   Section        0  mdr32f9qx_timer.o(i.TIMER_BRGInit)
    i.TIMER_CAPTURE_ini                      0x0800158c   Section        0  ini.o(i.TIMER_CAPTURE_ini)
    i.TIMER_ChnInit                          0x0800166c   Section        0  mdr32f9qx_timer.o(i.TIMER_ChnInit)
    i.TIMER_ChnOutInit                       0x080016b2   Section        0  mdr32f9qx_timer.o(i.TIMER_ChnOutInit)
    i.TIMER_ChnOutStructInit                 0x080016f4   Section        0  mdr32f9qx_timer.o(i.TIMER_ChnOutStructInit)
    i.TIMER_ChnStructInit                    0x0800170a   Section        0  mdr32f9qx_timer.o(i.TIMER_ChnStructInit)
    i.TIMER_Cmd                              0x08001726   Section        0  mdr32f9qx_timer.o(i.TIMER_Cmd)
    i.TIMER_CntInit                          0x0800173a   Section        0  mdr32f9qx_timer.o(i.TIMER_CntInit)
    i.TIMER_CntStructInit                    0x08001770   Section        0  mdr32f9qx_timer.o(i.TIMER_CntStructInit)
    i.TIMER_DMACmd                           0x0800178c   Section        0  mdr32f9qx_timer.o(i.TIMER_DMACmd)
    i.TIMER_DeInit                           0x0800179e   Section        0  mdr32f9qx_timer.o(i.TIMER_DeInit)
    i.Triangle_massiv                        0x080017e4   Section        0  ini.o(i.Triangle_massiv)
    i.UART1_DMA_ini                          0x08001860   Section        0  ini.o(i.UART1_DMA_ini)
    i.UART_BRGInit                           0x08001920   Section        0  mdr32f9qx_uart.o(i.UART_BRGInit)
    i.UART_Cmd                               0x0800195c   Section        0  mdr32f9qx_uart.o(i.UART_Cmd)
    i.UART_DMACmd                            0x08001974   Section        0  mdr32f9qx_uart.o(i.UART_DMACmd)
    i.UART_DMAConfig                         0x0800198c   Section        0  mdr32f9qx_uart.o(i.UART_DMAConfig)
    i.UART_DeInit                            0x08001994   Section        0  mdr32f9qx_uart.o(i.UART_DeInit)
    i.UART_Init                              0x080019bc   Section        0  mdr32f9qx_uart.o(i.UART_Init)
    i.UART_StructInit                        0x08001a6c   Section        0  mdr32f9qx_uart.o(i.UART_StructInit)
    i.WriteInt                               0x08001a84   Section        0  console.o(i.WriteInt)
    i.WriteIntNl                             0x08001aac   Section        0  console.o(i.WriteIntNl)
    i.WriteLine                              0x08001ac4   Section        0  console.o(i.WriteLine)
    i.WriteString                            0x08001af8   Section        0  console.o(i.WriteString)
    i.WriteStringDMA                         0x08001b24   Section        0  ini.o(i.WriteStringDMA)
    i.__ARM_fpclassify                       0x08001b94   Section        0  fpclassify.o(i.__ARM_fpclassify)
    i.__ieee754_rem_pio2                     0x08001bbc   Section        0  rred.o(i.__ieee754_rem_pio2)
    i.__kernel_cos                           0x08001f44   Section        0  cos_i.o(i.__kernel_cos)
    i.__kernel_poly                          0x08002040   Section        0  poly.o(i.__kernel_poly)
    i.__kernel_sin                           0x080020ec   Section        0  sin_i.o(i.__kernel_sin)
    i.__mathlib_dbl_infnan                   0x080021d8   Section        0  dunder.o(i.__mathlib_dbl_infnan)
    i.__mathlib_dbl_invalid                  0x080021de   Section        0  dunder.o(i.__mathlib_dbl_invalid)
    i.__mathlib_dbl_underflow                0x080021ec   Section        0  dunder.o(i.__mathlib_dbl_underflow)
    i.amplModHandler                         0x080021fc   Section        0  console.o(i.amplModHandler)
    i.bufModeHandler                         0x080022b8   Section        0  console.o(i.bufModeHandler)
    i.checkLimits                            0x08002360   Section        0  main.o(i.checkLimits)
    i.coefAdjHandler                         0x08002400   Section        0  console.o(i.coefAdjHandler)
    i.constModeHandler                       0x080024a4   Section        0  console.o(i.constModeHandler)
    i.delay                                  0x0800254c   Section        0  ini.o(i.delay)
    i.distanceMode                           0x08002558   Section        0  main.o(i.distanceMode)
    i.freqBwHandler                          0x080025b0   Section        0  console.o(i.freqBwHandler)
    i.freqModHandler                         0x080026cc   Section        0  console.o(i.freqModHandler)
    i.limitAccHandler                        0x08002778   Section        0  console.o(i.limitAccHandler)
    i.main                                   0x08002804   Section        0  main.o(i.main)
    i.printConfig                            0x080028a4   Section        0  console.o(i.printConfig)
    i.printError                             0x08002b14   Section        0  console.o(i.printError)
    i.printMenu                              0x08002d28   Section        0  console.o(i.printMenu)
    i.rdParamDefIni                          0x08002f70   Section        0  ini.o(i.rdParamDefIni)
    i.readData                               0x08002fa4   Section        0  console.o(i.readData)
    i.runConsole                             0x08003000   Section        0  console.o(i.runConsole)
    i.selectMode                             0x08003178   Section        0  console.o(i.selectMode)
    i.sin                                    0x08003254   Section        0  sin.o(i.sin)
    i.typeModHandler                         0x080032f4   Section        0  console.o(i.typeModHandler)
    locale$$code                             0x080033f0   Section       44  lc_ctype_c.o(locale$$code)
    x$fpl$d2f                                0x0800341c   Section       98  d2f.o(x$fpl$d2f)
    x$fpl$dadd                               0x08003480   Section      336  daddsub_clz.o(x$fpl$dadd)
    _dadd1                                   0x08003491   Thumb Code     0  daddsub_clz.o(x$fpl$dadd)
    x$fpl$dcheck1                            0x080035d0   Section       16  dcheck1.o(x$fpl$dcheck1)
    x$fpl$ddiv                               0x080035e0   Section      688  ddiv.o(x$fpl$ddiv)
    ddiv_entry                               0x080035e7   Thumb Code     0  ddiv.o(x$fpl$ddiv)
    x$fpl$dfix                               0x08003890   Section       94  dfix.o(x$fpl$dfix)
    x$fpl$dfixu                              0x080038f0   Section       90  dfixu.o(x$fpl$dfixu)
    x$fpl$dflt                               0x0800394a   Section       46  dflt_clz.o(x$fpl$dflt)
    x$fpl$dfltu                              0x08003978   Section       38  dflt_clz.o(x$fpl$dfltu)
    x$fpl$dmul                               0x080039a0   Section      340  dmul.o(x$fpl$dmul)
    x$fpl$dnaninf                            0x08003af4   Section      156  dnaninf.o(x$fpl$dnaninf)
    x$fpl$dretinf                            0x08003b90   Section       12  dretinf.o(x$fpl$dretinf)
    x$fpl$drsb                               0x08003b9c   Section       22  daddsub_clz.o(x$fpl$drsb)
    x$fpl$dsub                               0x08003bb4   Section      468  daddsub_clz.o(x$fpl$dsub)
    _dsub1                                   0x08003bc5   Thumb Code     0  daddsub_clz.o(x$fpl$dsub)
    x$fpl$f2d                                0x08003d88   Section       86  f2d.o(x$fpl$f2d)
    x$fpl$fdiv                               0x08003de0   Section      388  fdiv.o(x$fpl$fdiv)
    _fdiv1                                   0x08003de1   Thumb Code     0  fdiv.o(x$fpl$fdiv)
    x$fpl$ffixu                              0x08003f64   Section       62  ffixu.o(x$fpl$ffixu)
    x$fpl$ffltu                              0x08003fa4   Section       38  fflt_clz.o(x$fpl$ffltu)
    x$fpl$fmul                               0x08003fcc   Section      258  fmul.o(x$fpl$fmul)
    x$fpl$fnaninf                            0x080040ce   Section      140  fnaninf.o(x$fpl$fnaninf)
    x$fpl$fretinf                            0x0800415a   Section       10  fretinf.o(x$fpl$fretinf)
    x$fpl$retnan                             0x08004164   Section      100  retnan.o(x$fpl$retnan)
    x$fpl$scalbn                             0x080041c8   Section       92  scalbn.o(x$fpl$scalbn)
    x$fpl$trapveneer                         0x08004224   Section       48  trapv.o(x$fpl$trapveneer)
    x$fpl$usenofp                            0x08004254   Section        0  usenofp.o(x$fpl$usenofp)
    .constdata                               0x08004258   Section       48  cos_i.o(.constdata)
    C                                        0x08004258   Data          48  cos_i.o(.constdata)
    .constdata                               0x08004288   Section      200  rred.o(.constdata)
    pio2s                                    0x08004288   Data          48  rred.o(.constdata)
    twooverpi                                0x080042b8   Data         152  rred.o(.constdata)
    .constdata                               0x08004350   Section       40  sin_i.o(.constdata)
    S                                        0x08004350   Data          40  sin_i.o(.constdata)
    .conststring                             0x08004378   Section      296  console.o(.conststring)
    locale$$data                             0x080044c0   Section      272  lc_ctype_c.o(locale$$data)
    __lcctype_c_name                         0x080044c4   Data           2  lc_ctype_c.o(locale$$data)
    __lcctype_c_start                        0x080044cc   Data           0  lc_ctype_c.o(locale$$data)
    __lcctype_c_end                          0x080045d0   Data           0  lc_ctype_c.o(locale$$data)
    .data                                    0x20000000   Section        5  it.o(.data)
    .data                                    0x20000008   Section       16  main.o(.data)
    .data                                    0x20000018   Section        8  console.o(.data)
    .data                                    0x20000020   Section        4  system_mdr32f9qx.o(.data)
    .bss                                     0x20000024   Section      604  ini.o(.bss)
    .bss                                     0x20000400   Section     1024  mdr32f9qx_dma.o(.bss)
    .bss                                     0x20000800   Section       96  libspace.o(.bss)
    HEAP                                     0x20000860   Section      512  startup_mdr32f9qx.o(HEAP)
    Heap_Mem                                 0x20000860   Data         512  startup_mdr32f9qx.o(HEAP)
    STACK                                    0x20000a60   Section     1024  startup_mdr32f9qx.o(STACK)
    Stack_Mem                                0x20000a60   Data        1024  startup_mdr32f9qx.o(STACK)
    __initial_sp                             0x20000e60   Data           0  startup_mdr32f9qx.o(STACK)

    Global Symbols

    Symbol Name                              Value     Ov Type        Size  Object(Section)

    BuildAttributes$$THM_ISAv4$P$D$K$B$S$PE$A:L22UL41UL21$X:L11$S22US41US21$IEEE1$IW$USESV6$~STKCKD$USESV7$~SHL$OTIME$ROPI$IEEEX$EBA8$UX$STANDARDLIB$REQ8$PRES8$EABIv2 0x00000000   Number         0  anon$$obj.o ABSOLUTE
    __ARM_use_no_argv                        0x00000000   Number         0  main.o ABSOLUTE
    __ARM_exceptions_init                     - Undefined Weak Reference
    __alloca_initialize                       - Undefined Weak Reference
    __arm_preinit_                            - Undefined Weak Reference
    __cpp_initialize__aeabi_                  - Undefined Weak Reference
    __cxa_finalize                            - Undefined Weak Reference
    __sigvec_lookup                           - Undefined Weak Reference
    _atexit_init                              - Undefined Weak Reference
    _call_atexit_fns                          - Undefined Weak Reference
    _clock_init                               - Undefined Weak Reference
    _fp_trap_init                             - Undefined Weak Reference
    _fp_trap_shutdown                         - Undefined Weak Reference
    _get_lc_collate                           - Undefined Weak Reference
    _get_lc_monetary                          - Undefined Weak Reference
    _get_lc_numeric                           - Undefined Weak Reference
    _get_lc_time                              - Undefined Weak Reference
    _getenv_init                              - Undefined Weak Reference
    _handle_redirection                       - Undefined Weak Reference
    _init_alloc                               - Undefined Weak Reference
    _init_user_alloc                          - Undefined Weak Reference
    _initio                                   - Undefined Weak Reference
    _printf_post_padding                      - Undefined Weak Reference
    _printf_pre_padding                       - Undefined Weak Reference
    _printf_truncate_signed                   - Undefined Weak Reference
    _printf_truncate_unsigned                 - Undefined Weak Reference
    _rand_init                                - Undefined Weak Reference
    _signal_finish                            - Undefined Weak Reference
    _signal_init                              - Undefined Weak Reference
    _terminate_alloc                          - Undefined Weak Reference
    _terminate_user_alloc                     - Undefined Weak Reference
    _terminateio                              - Undefined Weak Reference
    __Vectors_Size                           0x000000c0   Number         0  startup_mdr32f9qx.o ABSOLUTE
    __Vectors                                0x08000000   Data           4  startup_mdr32f9qx.o(RESET)
    __Vectors_End                            0x080000c0   Data           0  startup_mdr32f9qx.o(RESET)
    __main                                   0x080000c1   Thumb Code     8  __main.o(!!!main)
    __scatterload                            0x080000c9   Thumb Code     0  __scatter.o(!!!scatter)
    __scatterload_rt2                        0x080000c9   Thumb Code    44  __scatter.o(!!!scatter)
    __scatterload_rt2_thumb_only             0x080000c9   Thumb Code     0  __scatter.o(!!!scatter)
    __scatterload_null                       0x080000d7   Thumb Code     0  __scatter.o(!!!scatter)
    __scatterload_copy                       0x080000fd   Thumb Code    26  __scatter_copy.o(!!handler_copy)
    __scatterload_zeroinit                   0x08000119   Thumb Code    28  __scatter_zi.o(!!handler_zi)
    _printf_d                                0x08000135   Thumb Code     0  _printf_d.o(.ARM.Collect$$_printf_percent$$00000009)
    _printf_percent                          0x08000135   Thumb Code     0  _printf_percent.o(.ARM.Collect$$_printf_percent$$00000000)
    _printf_percent_end                      0x0800013b   Thumb Code     0  _printf_percent_end.o(.ARM.Collect$$_printf_percent$$00000017)
    __rt_lib_init                            0x0800013f   Thumb Code     0  libinit.o(.ARM.Collect$$libinit$$00000000)
    __rt_lib_init_fp_1                       0x08000141   Thumb Code     0  libinit2.o(.ARM.Collect$$libinit$$00000002)
    __rt_lib_init_heap_1                     0x08000141   Thumb Code     0  libinit2.o(.ARM.Collect$$libinit$$0000000A)
    __rt_lib_init_lc_common                  0x08000141   Thumb Code     0  libinit2.o(.ARM.Collect$$libinit$$0000000F)
    __rt_lib_init_preinit_1                  0x08000141   Thumb Code     0  libinit2.o(.ARM.Collect$$libinit$$00000004)
    __rt_lib_init_rand_1                     0x08000141   Thumb Code     0  libinit2.o(.ARM.Collect$$libinit$$0000000E)
    __rt_lib_init_user_alloc_1               0x08000141   Thumb Code     0  libinit2.o(.ARM.Collect$$libinit$$0000000C)
    __rt_lib_init_lc_collate_1               0x08000147   Thumb Code     0  libinit2.o(.ARM.Collect$$libinit$$00000011)
    __rt_lib_init_lc_ctype_2                 0x08000147   Thumb Code     0  libinit2.o(.ARM.Collect$$libinit$$00000012)
    __rt_lib_init_alloca_1                   0x08000153   Thumb Code     0  libinit2.o(.ARM.Collect$$libinit$$0000002E)
    __rt_lib_init_argv_1                     0x08000153   Thumb Code     0  libinit2.o(.ARM.Collect$$libinit$$0000002C)
    __rt_lib_init_atexit_1                   0x08000153   Thumb Code     0  libinit2.o(.ARM.Collect$$libinit$$0000001B)
    __rt_lib_init_clock_1                    0x08000153   Thumb Code     0  libinit2.o(.ARM.Collect$$libinit$$00000021)
    __rt_lib_init_cpp_1                      0x08000153   Thumb Code     0  libinit2.o(.ARM.Collect$$libinit$$00000032)
    __rt_lib_init_exceptions_1               0x08000153   Thumb Code     0  libinit2.o(.ARM.Collect$$libinit$$00000030)
    __rt_lib_init_fp_trap_1                  0x08000153   Thumb Code     0  libinit2.o(.ARM.Collect$$libinit$$0000001F)
    __rt_lib_init_getenv_1                   0x08000153   Thumb Code     0  libinit2.o(.ARM.Collect$$libinit$$00000023)
    __rt_lib_init_lc_ctype_1                 0x08000153   Thumb Code     0  libinit2.o(.ARM.Collect$$libinit$$00000013)
    __rt_lib_init_lc_monetary_1              0x08000153   Thumb Code     0  libinit2.o(.ARM.Collect$$libinit$$00000015)
    __rt_lib_init_lc_numeric_1               0x08000153   Thumb Code     0  libinit2.o(.ARM.Collect$$libinit$$00000017)
    __rt_lib_init_lc_time_1                  0x08000153   Thumb Code     0  libinit2.o(.ARM.Collect$$libinit$$00000019)
    __rt_lib_init_return                     0x08000153   Thumb Code     0  libinit2.o(.ARM.Collect$$libinit$$00000033)
    __rt_lib_init_signal_1                   0x08000153   Thumb Code     0  libinit2.o(.ARM.Collect$$libinit$$0000001D)
    __rt_lib_init_stdio_1                    0x08000153   Thumb Code     0  libinit2.o(.ARM.Collect$$libinit$$00000025)
    __rt_lib_shutdown                        0x08000155   Thumb Code     0  libshutdown.o(.ARM.Collect$$libshutdown$$00000000)
    __rt_lib_shutdown_cpp_1                  0x08000157   Thumb Code     0  libshutdown2.o(.ARM.Collect$$libshutdown$$00000002)
    __rt_lib_shutdown_fp_trap_1              0x08000157   Thumb Code     0  libshutdown2.o(.ARM.Collect$$libshutdown$$00000007)
    __rt_lib_shutdown_heap_1                 0x08000157   Thumb Code     0  libshutdown2.o(.ARM.Collect$$libshutdown$$0000000F)
    __rt_lib_shutdown_return                 0x08000157   Thumb Code     0  libshutdown2.o(.ARM.Collect$$libshutdown$$00000010)
    __rt_lib_shutdown_signal_1               0x08000157   Thumb Code     0  libshutdown2.o(.ARM.Collect$$libshutdown$$0000000A)
    __rt_lib_shutdown_stdio_1                0x08000157   Thumb Code     0  libshutdown2.o(.ARM.Collect$$libshutdown$$00000004)
    __rt_lib_shutdown_user_alloc_1           0x08000157   Thumb Code     0  libshutdown2.o(.ARM.Collect$$libshutdown$$0000000C)
    __rt_entry                               0x08000159   Thumb Code     0  __rtentry.o(.ARM.Collect$$rtentry$$00000000)
    __rt_entry_presh_1                       0x08000159   Thumb Code     0  __rtentry2.o(.ARM.Collect$$rtentry$$00000002)
    __rt_entry_sh                            0x08000159   Thumb Code     0  __rtentry4.o(.ARM.Collect$$rtentry$$00000004)
    __rt_entry_li                            0x0800015f   Thumb Code     0  __rtentry2.o(.ARM.Collect$$rtentry$$0000000A)
    __rt_entry_postsh_1                      0x0800015f   Thumb Code     0  __rtentry2.o(.ARM.Collect$$rtentry$$00000009)
    __rt_entry_main                          0x08000163   Thumb Code     0  __rtentry2.o(.ARM.Collect$$rtentry$$0000000D)
    __rt_entry_postli_1                      0x08000163   Thumb Code     0  __rtentry2.o(.ARM.Collect$$rtentry$$0000000C)
    __rt_exit                                0x0800016b   Thumb Code     0  rtexit.o(.ARM.Collect$$rtexit$$00000000)
    __rt_exit_ls                             0x0800016d   Thumb Code     0  rtexit2.o(.ARM.Collect$$rtexit$$00000003)
    __rt_exit_prels_1                        0x0800016d   Thumb Code     0  rtexit2.o(.ARM.Collect$$rtexit$$00000002)
    __rt_exit_exit                           0x08000171   Thumb Code     0  rtexit2.o(.ARM.Collect$$rtexit$$00000004)
    Reset_Handler                            0x08000179   Thumb Code     8  startup_mdr32f9qx.o(.text)
    NMI_Handler                              0x08000181   Thumb Code     2  startup_mdr32f9qx.o(.text)
    HardFault_Handler                        0x08000183   Thumb Code     2  startup_mdr32f9qx.o(.text)
    MemManage_Handler                        0x08000185   Thumb Code     2  startup_mdr32f9qx.o(.text)
    BusFault_Handler                         0x08000187   Thumb Code     2  startup_mdr32f9qx.o(.text)
    UsageFault_Handler                       0x08000189   Thumb Code     2  startup_mdr32f9qx.o(.text)
    SVC_Handler                              0x0800018b   Thumb Code     2  startup_mdr32f9qx.o(.text)
    DebugMon_Handler                         0x0800018d   Thumb Code     2  startup_mdr32f9qx.o(.text)
    PendSV_Handler                           0x0800018f   Thumb Code     2  startup_mdr32f9qx.o(.text)
    SysTick_Handler                          0x08000191   Thumb Code     2  startup_mdr32f9qx.o(.text)
    ADC_IRQHandler                           0x08000193   Thumb Code     0  startup_mdr32f9qx.o(.text)
    BACKUP_IRQHandler                        0x08000193   Thumb Code     0  startup_mdr32f9qx.o(.text)
    CAN1_IRQHandler                          0x08000193   Thumb Code     0  startup_mdr32f9qx.o(.text)
    CAN2_IRQHandler                          0x08000193   Thumb Code     0  startup_mdr32f9qx.o(.text)
    COMPARATOR_IRQHandler                    0x08000193   Thumb Code     0  startup_mdr32f9qx.o(.text)
    EXT_INT1_IRQHandler                      0x08000193   Thumb Code     0  startup_mdr32f9qx.o(.text)
    EXT_INT3_IRQHandler                      0x08000193   Thumb Code     0  startup_mdr32f9qx.o(.text)
    EXT_INT4_IRQHandler                      0x08000193   Thumb Code     0  startup_mdr32f9qx.o(.text)
    I2C_IRQHandler                           0x08000193   Thumb Code     0  startup_mdr32f9qx.o(.text)
    POWER_IRQHandler                         0x08000193   Thumb Code     0  startup_mdr32f9qx.o(.text)
    SSP1_IRQHandler                          0x08000193   Thumb Code     0  startup_mdr32f9qx.o(.text)
    SSP2_IRQHandler                          0x08000193   Thumb Code     0  startup_mdr32f9qx.o(.text)
    Timer1_IRQHandler                        0x08000193   Thumb Code     0  startup_mdr32f9qx.o(.text)
    Timer2_IRQHandler                        0x08000193   Thumb Code     0  startup_mdr32f9qx.o(.text)
    Timer3_IRQHandler                        0x08000193   Thumb Code     0  startup_mdr32f9qx.o(.text)
    UART1_IRQHandler                         0x08000193   Thumb Code     0  startup_mdr32f9qx.o(.text)
    UART2_IRQHandler                         0x08000193   Thumb Code     0  startup_mdr32f9qx.o(.text)
    USB_IRQHandler                           0x08000193   Thumb Code     0  startup_mdr32f9qx.o(.text)
    WWDG_IRQHandler                          0x08000193   Thumb Code     0  startup_mdr32f9qx.o(.text)
    __user_initial_stackheap                 0x08000195   Thumb Code     0  startup_mdr32f9qx.o(.text)
    __2sprintf                               0x080001b9   Thumb Code    34  noretval__2sprintf.o(.text)
    __printf                                 0x080001e1   Thumb Code   104  __printf.o(.text)
    _printf_int_dec                          0x08000249   Thumb Code   104  _printf_dec.o(.text)
    atoi                                     0x080002c1   Thumb Code    26  atoi.o(.text)
    strlen                                   0x080002db   Thumb Code    62  strlen.o(.text)
    __aeabi_memcpy4                          0x08000319   Thumb Code     0  rt_memcpy_w.o(.text)
    __aeabi_memcpy8                          0x08000319   Thumb Code     0  rt_memcpy_w.o(.text)
    __rt_memcpy_w                            0x08000319   Thumb Code   100  rt_memcpy_w.o(.text)
    _memcpy_lastbytes_aligned                0x08000361   Thumb Code     0  rt_memcpy_w.o(.text)
    __aeabi_memclr4                          0x0800037d   Thumb Code     0  rt_memclr_w.o(.text)
    __aeabi_memclr8                          0x0800037d   Thumb Code     0  rt_memclr_w.o(.text)
    __rt_memclr_w                            0x0800037d   Thumb Code    78  rt_memclr_w.o(.text)
    _memset_w                                0x08000381   Thumb Code     0  rt_memclr_w.o(.text)
    __use_two_region_memory                  0x080003cb   Thumb Code     2  heapauxi.o(.text)
    __rt_heap_escrow$2region                 0x080003cd   Thumb Code     2  heapauxi.o(.text)
    __rt_heap_expand$2region                 0x080003cf   Thumb Code     2  heapauxi.o(.text)
    __aeabi_errno_addr                       0x080003d1   Thumb Code     8  rt_errno_addr_intlibspace.o(.text)
    __errno$intlibspace                      0x080003d1   Thumb Code     0  rt_errno_addr_intlibspace.o(.text)
    __rt_errno_addr$intlibspace              0x080003d1   Thumb Code     0  rt_errno_addr_intlibspace.o(.text)
    __read_errno                             0x080003d9   Thumb Code    10  _rserrno.o(.text)
    __set_errno                              0x080003e3   Thumb Code    12  _rserrno.o(.text)
    _printf_int_common                       0x080003ef   Thumb Code   178  _printf_intcommon.o(.text)
    _printf_char_common                      0x080004ab   Thumb Code    32  _printf_char_common.o(.text)
    _sputc                                   0x080004d1   Thumb Code    10  _sputc.o(.text)
    strtol                                   0x080004db   Thumb Code   112  strtol.o(.text)
    __user_libspace                          0x0800054d   Thumb Code     8  libspace.o(.text)
    __user_perproc_libspace                  0x0800054d   Thumb Code     0  libspace.o(.text)
    __user_perthread_libspace                0x0800054d   Thumb Code     0  libspace.o(.text)
    __rt_ctype_table                         0x08000555   Thumb Code    16  rt_ctype_table.o(.text)
    _strtoul                                 0x08000565   Thumb Code   158  _strtoul.o(.text)
    __user_setup_stackheap                   0x08000603   Thumb Code    74  sys_stackheap_outer.o(.text)
    __rt_locale                              0x0800064d   Thumb Code     8  rt_locale_intlibspace.o(.text)
    _chval                                   0x08000655   Thumb Code    28  _chval.o(.text)
    exit                                     0x08000671   Thumb Code    18  exit.o(.text)
    strcmp                                   0x08000685   Thumb Code   128  strcmpv7m.o(.text)
    _sys_exit                                0x08000705   Thumb Code     8  sys_exit.o(.text)
    __I$use$semihosting                      0x08000711   Thumb Code     0  use_no_semi.o(.text)
    __use_no_semihosting_swi                 0x08000711   Thumb Code     2  use_no_semi.o(.text)
    CLK_80_ini                               0x08000713   Thumb Code    70  ini.o(i.CLK_80_ini)
    __semihosting_library_function           0x08000713   Thumb Code     0  indicate_semi.o(.text)
    DAC2_Cmd                                 0x08000759   Thumb Code    24  mdr32f9qx_dac.o(i.DAC2_Cmd)
    DAC2_Init                                0x08000775   Thumb Code    16  mdr32f9qx_dac.o(i.DAC2_Init)
    DAC2_PortE_ini                           0x08000789   Thumb Code    46  ini.o(i.DAC2_PortE_ini)
    DAC2_ini                                 0x080007bd   Thumb Code    28  ini.o(i.DAC2_ini)
    DAC_DeInit                               0x080007d9   Thumb Code    12  mdr32f9qx_dac.o(i.DAC_DeInit)
    DMA_Cmd                                  0x080007e9   Thumb Code    24  mdr32f9qx_dma.o(i.DMA_Cmd)
    DMA_CtrlDataInit                         0x08000805   Thumb Code   112  mdr32f9qx_dma.o(i.DMA_CtrlDataInit)
    DMA_DAC2_ini                             0x08000875   Thumb Code   164  ini.o(i.DMA_DAC2_ini)
    DMA_DeInit                               0x0800093d   Thumb Code    28  mdr32f9qx_dma.o(i.DMA_DeInit)
    DMA_GetFlagStatus                        0x0800095d   Thumb Code   128  mdr32f9qx_dma.o(i.DMA_GetFlagStatus)
    DMA_IRQHandler                           0x080009e1   Thumb Code    40  it.o(i.DMA_IRQHandler)
    DMA_Init                                 0x08000a21   Thumb Code   138  mdr32f9qx_dma.o(i.DMA_Init)
    DMA_StructInit                           0x08000ab5   Thumb Code    16  mdr32f9qx_dma.o(i.DMA_StructInit)
    DMA_ini                                  0x08000ac5   Thumb Code    46  ini.o(i.DMA_ini)
    EXT_INT2_IRQHandler                      0x08000b01   Thumb Code    20  it.o(i.EXT_INT2_IRQHandler)
    IK_port_ini                              0x08000b1d   Thumb Code    58  ini.o(i.IK_port_ini)
    LED_PortB_ini                            0x08000b5d   Thumb Code    60  ini.o(i.LED_PortB_ini)
    Modulator_ini                            0x08000b9d   Thumb Code    68  ini.o(i.Modulator_ini)
    PORT_Init                                0x08000bf9   Thumb Code   450  mdr32f9qx_port.o(i.PORT_Init)
    PORT_ResetBits                           0x08000dc1   Thumb Code    22  mdr32f9qx_port.o(i.PORT_ResetBits)
    PORT_SetBits                             0x08000ddd   Thumb Code    22  mdr32f9qx_port.o(i.PORT_SetBits)
    PORT_StructInit                          0x08000df9   Thumb Code    28  mdr32f9qx_port.o(i.PORT_StructInit)
    Pila_massiv                              0x08000e15   Thumb Code    88  ini.o(i.Pila_massiv)
    PortB_EXT_ini                            0x08000e71   Thumb Code    56  ini.o(i.PortB_EXT_ini)
    RST_CLK_CPU_PLLcmd                       0x08000ead   Thumb Code     6  mdr32f9qx_rst_clk.o(i.RST_CLK_CPU_PLLcmd)
    RST_CLK_CPU_PLLconfig                    0x08000eb9   Thumb Code    54  mdr32f9qx_rst_clk.o(i.RST_CLK_CPU_PLLconfig)
    RST_CLK_CPU_PLLstatus                    0x08000ef9   Thumb Code    52  mdr32f9qx_rst_clk.o(i.RST_CLK_CPU_PLLstatus)
    RST_CLK_CPU_PLLuse                       0x08000f2d   Thumb Code     6  mdr32f9qx_rst_clk.o(i.RST_CLK_CPU_PLLuse)
    RST_CLK_CPUclkPrescaler                  0x08000f39   Thumb Code    18  mdr32f9qx_rst_clk.o(i.RST_CLK_CPUclkPrescaler)
    RST_CLK_CPUclkSelection                  0x08000f51   Thumb Code    16  mdr32f9qx_rst_clk.o(i.RST_CLK_CPUclkSelection)
    RST_CLK_GetClocksFreq                    0x08000f65   Thumb Code   620  mdr32f9qx_rst_clk.o(i.RST_CLK_GetClocksFreq)
    RST_CLK_GetFlagStatus                    0x080011d9   Thumb Code    42  mdr32f9qx_rst_clk.o(i.RST_CLK_GetFlagStatus)
    RST_CLK_HSEconfig                        0x0800120d   Thumb Code    56  mdr32f9qx_rst_clk.o(i.RST_CLK_HSEconfig)
    RST_CLK_HSEstatus                        0x08001249   Thumb Code    52  mdr32f9qx_rst_clk.o(i.RST_CLK_HSEstatus)
    RST_CLK_PCLKcmd                          0x0800127d   Thumb Code    26  mdr32f9qx_rst_clk.o(i.RST_CLK_PCLKcmd)
    ReadStringDMA                            0x0800129d   Thumb Code   150  ini.o(i.ReadStringDMA)
    Sin_massiv                               0x08001339   Thumb Code   140  ini.o(i.Sin_massiv)
    SystemCoreClockUpdate                    0x080013d1   Thumb Code   130  system_mdr32f9qx.o(i.SystemCoreClockUpdate)
    SystemInit                               0x08001461   Thumb Code    54  system_mdr32f9qx.o(i.SystemInit)
    TIMER1_ini                               0x080014a1   Thumb Code   144  ini.o(i.TIMER1_ini)
    TIMER_BRGInit                            0x08001539   Thumb Code    68  mdr32f9qx_timer.o(i.TIMER_BRGInit)
    TIMER_CAPTURE_ini                        0x0800158d   Thumb Code   216  ini.o(i.TIMER_CAPTURE_ini)
    TIMER_ChnInit                            0x0800166d   Thumb Code    70  mdr32f9qx_timer.o(i.TIMER_ChnInit)
    TIMER_ChnOutInit                         0x080016b3   Thumb Code    66  mdr32f9qx_timer.o(i.TIMER_ChnOutInit)
    TIMER_ChnOutStructInit                   0x080016f5   Thumb Code    22  mdr32f9qx_timer.o(i.TIMER_ChnOutStructInit)
    TIMER_ChnStructInit                      0x0800170b   Thumb Code    28  mdr32f9qx_timer.o(i.TIMER_ChnStructInit)
    TIMER_Cmd                                0x08001727   Thumb Code    20  mdr32f9qx_timer.o(i.TIMER_Cmd)
    TIMER_CntInit                            0x0800173b   Thumb Code    54  mdr32f9qx_timer.o(i.TIMER_CntInit)
    TIMER_CntStructInit                      0x08001771   Thumb Code    28  mdr32f9qx_timer.o(i.TIMER_CntStructInit)
    TIMER_DMACmd                             0x0800178d   Thumb Code    18  mdr32f9qx_timer.o(i.TIMER_DMACmd)
    TIMER_DeInit                             0x0800179f   Thumb Code    68  mdr32f9qx_timer.o(i.TIMER_DeInit)
    Triangle_massiv                          0x080017e5   Thumb Code   118  ini.o(i.Triangle_massiv)
    UART1_DMA_ini                            0x08001861   Thumb Code   184  ini.o(i.UART1_DMA_ini)
    UART_BRGInit                             0x08001921   Thumb Code    48  mdr32f9qx_uart.o(i.UART_BRGInit)
    UART_Cmd                                 0x0800195d   Thumb Code    24  mdr32f9qx_uart.o(i.UART_Cmd)
    UART_DMACmd                              0x08001975   Thumb Code    24  mdr32f9qx_uart.o(i.UART_DMACmd)
    UART_DMAConfig                           0x0800198d   Thumb Code     8  mdr32f9qx_uart.o(i.UART_DMAConfig)
    UART_DeInit                              0x08001995   Thumb Code    38  mdr32f9qx_uart.o(i.UART_DeInit)
    UART_Init                                0x080019bd   Thumb Code   162  mdr32f9qx_uart.o(i.UART_Init)
    UART_StructInit                          0x08001a6d   Thumb Code    24  mdr32f9qx_uart.o(i.UART_StructInit)
    WriteInt                                 0x08001a85   Thumb Code    34  console.o(i.WriteInt)
    WriteIntNl                               0x08001aad   Thumb Code    18  console.o(i.WriteIntNl)
    WriteLine                                0x08001ac5   Thumb Code    48  console.o(i.WriteLine)
    WriteString                              0x08001af9   Thumb Code    42  console.o(i.WriteString)
    WriteStringDMA                           0x08001b25   Thumb Code   106  ini.o(i.WriteStringDMA)
    __ARM_fpclassify                         0x08001b95   Thumb Code    40  fpclassify.o(i.__ARM_fpclassify)
    __ieee754_rem_pio2                       0x08001bbd   Thumb Code   828  rred.o(i.__ieee754_rem_pio2)
    __kernel_cos                             0x08001f45   Thumb Code   230  cos_i.o(i.__kernel_cos)
    __kernel_poly                            0x08002041   Thumb Code   170  poly.o(i.__kernel_poly)
    __kernel_sin                             0x080020ed   Thumb Code   224  sin_i.o(i.__kernel_sin)
    __mathlib_dbl_infnan                     0x080021d9   Thumb Code     6  dunder.o(i.__mathlib_dbl_infnan)
    __mathlib_dbl_invalid                    0x080021df   Thumb Code    12  dunder.o(i.__mathlib_dbl_invalid)
    __mathlib_dbl_underflow                  0x080021ed   Thumb Code    10  dunder.o(i.__mathlib_dbl_underflow)
    amplModHandler                           0x080021fd   Thumb Code   114  console.o(i.amplModHandler)
    bufModeHandler                           0x080022b9   Thumb Code    98  console.o(i.bufModeHandler)
    checkLimits                              0x08002361   Thumb Code   146  main.o(i.checkLimits)
    coefAdjHandler                           0x08002401   Thumb Code    98  console.o(i.coefAdjHandler)
    constModeHandler                         0x080024a5   Thumb Code   102  console.o(i.constModeHandler)
    delay                                    0x0800254d   Thumb Code    12  ini.o(i.delay)
    distanceMode                             0x08002559   Thumb Code    70  main.o(i.distanceMode)
    freqBwHandler                            0x080025b1   Thumb Code   190  console.o(i.freqBwHandler)
    freqModHandler                           0x080026cd   Thumb Code   100  console.o(i.freqModHandler)
    limitAccHandler                          0x08002779   Thumb Code    82  console.o(i.limitAccHandler)
    main                                     0x08002805   Thumb Code   142  main.o(i.main)
    printConfig                              0x080028a5   Thumb Code   228  console.o(i.printConfig)
    printError                               0x08002b15   Thumb Code   200  console.o(i.printError)
    printMenu                                0x08002d29   Thumb Code    88  console.o(i.printMenu)
    rdParamDefIni                            0x08002f71   Thumb Code    46  ini.o(i.rdParamDefIni)
    readData                                 0x08002fa5   Thumb Code    88  console.o(i.readData)
    runConsole                               0x08003001   Thumb Code   278  console.o(i.runConsole)
    selectMode                               0x08003179   Thumb Code   132  console.o(i.selectMode)
    sin                                      0x08003255   Thumb Code   150  sin.o(i.sin)
    typeModHandler                           0x080032f5   Thumb Code   166  console.o(i.typeModHandler)
    _get_lc_ctype                            0x080033f1   Thumb Code    44  lc_ctype_c.o(locale$$code)
    __aeabi_d2f                              0x0800341d   Thumb Code     0  d2f.o(x$fpl$d2f)
    _d2f                                     0x0800341d   Thumb Code    98  d2f.o(x$fpl$d2f)
    __aeabi_dadd                             0x08003481   Thumb Code     0  daddsub_clz.o(x$fpl$dadd)
    _dadd                                    0x08003481   Thumb Code   332  daddsub_clz.o(x$fpl$dadd)
    __fpl_dcheck_NaN1                        0x080035d1   Thumb Code    10  dcheck1.o(x$fpl$dcheck1)
    __aeabi_ddiv                             0x080035e1   Thumb Code     0  ddiv.o(x$fpl$ddiv)
    _ddiv                                    0x080035e1   Thumb Code   552  ddiv.o(x$fpl$ddiv)
    __aeabi_d2iz                             0x08003891   Thumb Code     0  dfix.o(x$fpl$dfix)
    _dfix                                    0x08003891   Thumb Code    94  dfix.o(x$fpl$dfix)
    __aeabi_d2uiz                            0x080038f1   Thumb Code     0  dfixu.o(x$fpl$dfixu)
    _dfixu                                   0x080038f1   Thumb Code    90  dfixu.o(x$fpl$dfixu)
    __aeabi_i2d                              0x0800394b   Thumb Code     0  dflt_clz.o(x$fpl$dflt)
    _dflt                                    0x0800394b   Thumb Code    46  dflt_clz.o(x$fpl$dflt)
    __aeabi_ui2d                             0x08003979   Thumb Code     0  dflt_clz.o(x$fpl$dfltu)
    _dfltu                                   0x08003979   Thumb Code    38  dflt_clz.o(x$fpl$dfltu)
    __aeabi_dmul                             0x080039a1   Thumb Code     0  dmul.o(x$fpl$dmul)
    _dmul                                    0x080039a1   Thumb Code   332  dmul.o(x$fpl$dmul)
    __fpl_dnaninf                            0x08003af5   Thumb Code   156  dnaninf.o(x$fpl$dnaninf)
    __fpl_dretinf                            0x08003b91   Thumb Code    12  dretinf.o(x$fpl$dretinf)
    __aeabi_drsub                            0x08003b9d   Thumb Code     0  daddsub_clz.o(x$fpl$drsb)
    _drsb                                    0x08003b9d   Thumb Code    22  daddsub_clz.o(x$fpl$drsb)
    __aeabi_dsub                             0x08003bb5   Thumb Code     0  daddsub_clz.o(x$fpl$dsub)
    _dsub                                    0x08003bb5   Thumb Code   464  daddsub_clz.o(x$fpl$dsub)
    __aeabi_f2d                              0x08003d89   Thumb Code     0  f2d.o(x$fpl$f2d)
    _f2d                                     0x08003d89   Thumb Code    86  f2d.o(x$fpl$f2d)
    __aeabi_fdiv                             0x08003de1   Thumb Code     0  fdiv.o(x$fpl$fdiv)
    _fdiv                                    0x08003de1   Thumb Code   384  fdiv.o(x$fpl$fdiv)
    __aeabi_f2uiz                            0x08003f65   Thumb Code     0  ffixu.o(x$fpl$ffixu)
    _ffixu                                   0x08003f65   Thumb Code    62  ffixu.o(x$fpl$ffixu)
    __aeabi_ui2f                             0x08003fa5   Thumb Code     0  fflt_clz.o(x$fpl$ffltu)
    _ffltu                                   0x08003fa5   Thumb Code    38  fflt_clz.o(x$fpl$ffltu)
    __aeabi_fmul                             0x08003fcd   Thumb Code     0  fmul.o(x$fpl$fmul)
    _fmul                                    0x08003fcd   Thumb Code   258  fmul.o(x$fpl$fmul)
    __fpl_fnaninf                            0x080040cf   Thumb Code   140  fnaninf.o(x$fpl$fnaninf)
    __fpl_fretinf                            0x0800415b   Thumb Code    10  fretinf.o(x$fpl$fretinf)
    __fpl_return_NaN                         0x08004165   Thumb Code   100  retnan.o(x$fpl$retnan)
    __ARM_scalbn                             0x080041c9   Thumb Code    92  scalbn.o(x$fpl$scalbn)
    __fpl_cmpreturn                          0x08004225   Thumb Code    48  trapv.o(x$fpl$trapveneer)
    __I$use$fp                               0x08004254   Number         0  usenofp.o(x$fpl$usenofp)
    Region$$Table$$Base                      0x080044a0   Number         0  anon$$obj.o(Region$$Table)
    Region$$Table$$Limit                     0x080044c0   Number         0  anon$$obj.o(Region$$Table)
    __ctype                                  0x080044cd   Data           0  lc_ctype_c.o(locale$$data)
    RD                                       0x20000000   Data           2  it.o(.data)
    Flag_IRQ                                 0x20000002   Data           1  it.o(.data)
    flagConsole                              0x20000003   Data           1  it.o(.data)
    firstIrq                                 0x20000004   Data           1  it.o(.data)
    countStartLCD                            0x20000008   Data           4  main.o(.data)
    distanceArr                              0x2000000c   Data           6  main.o(.data)
    indDistance                              0x20000012   Data           1  main.o(.data)
    distance                                 0x20000014   Data           4  main.o(.data)
    transferLine                             0x20000018   Data           3  console.o(.data)
    cursor                                   0x2000001b   Data           5  console.o(.data)
    SystemCoreClock                          0x20000020   Data           4  system_mdr32f9qx.o(.data)
    param                                    0x20000024   Data          36  ini.o(.bss)
    DMA_InitStructure                        0x20000048   Data          40  ini.o(.bss)
    DMA_Channel_InitStructure                0x20000070   Data          16  ini.o(.bss)
    modArr                                   0x20000080   Data         512  ini.o(.bss)
    DMA_ControlTable                         0x20000400   Data        1024  mdr32f9qx_dma.o(.bss)
    __libspace_start                         0x20000800   Data          96  libspace.o(.bss)
    __temporary_stack_top$libspace           0x20000860   Data           0  libspace.o(.bss)



==============================================================================

Memory Map of the image

  Image Entry point : 0x08000179

  Load Region LR_1 (Base: 0x08000000, Size: 0x000045f4, Max: 0xffffffff, ABSOLUTE)

    Execution Region ER_RO (Base: 0x08000000, Size: 0x000045d0, Max: 0xffffffff, ABSOLUTE)

    Base Addr    Size         Type   Attr      Idx    E Section Name        Object

    0x08000000   0x000000c0   Data   RO          641    RESET               startup_mdr32f9qx.o
    0x080000c0   0x00000008   Code   RO         1699  * !!!main             c_w.l(__main.o)
    0x080000c8   0x00000034   Code   RO         1993    !!!scatter          c_w.l(__scatter.o)
    0x080000fc   0x0000001a   Code   RO         1995    !!handler_copy      c_w.l(__scatter_copy.o)
    0x08000116   0x00000002   PAD
    0x08000118   0x0000001c   Code   RO         1997    !!handler_zi        c_w.l(__scatter_zi.o)
    0x08000134   0x00000000   Code   RO         1688    .ARM.Collect$$_printf_percent$$00000000  c_w.l(_printf_percent.o)
    0x08000134   0x00000006   Code   RO         1687    .ARM.Collect$$_printf_percent$$00000009  c_w.l(_printf_d.o)
    0x0800013a   0x00000004   Code   RO         1765    .ARM.Collect$$_printf_percent$$00000017  c_w.l(_printf_percent_end.o)
    0x0800013e   0x00000002   Code   RO         1858    .ARM.Collect$$libinit$$00000000  c_w.l(libinit.o)
    0x08000140   0x00000000   Code   RO         1866    .ARM.Collect$$libinit$$00000002  c_w.l(libinit2.o)
    0x08000140   0x00000000   Code   RO         1868    .ARM.Collect$$libinit$$00000004  c_w.l(libinit2.o)
    0x08000140   0x00000000   Code   RO         1871    .ARM.Collect$$libinit$$0000000A  c_w.l(libinit2.o)
    0x08000140   0x00000000   Code   RO         1873    .ARM.Collect$$libinit$$0000000C  c_w.l(libinit2.o)
    0x08000140   0x00000000   Code   RO         1875    .ARM.Collect$$libinit$$0000000E  c_w.l(libinit2.o)
    0x08000140   0x00000006   Code   RO         1876    .ARM.Collect$$libinit$$0000000F  c_w.l(libinit2.o)
    0x08000146   0x00000000   Code   RO         1878    .ARM.Collect$$libinit$$00000011  c_w.l(libinit2.o)
    0x08000146   0x0000000c   Code   RO         1879    .ARM.Collect$$libinit$$00000012  c_w.l(libinit2.o)
    0x08000152   0x00000000   Code   RO         1880    .ARM.Collect$$libinit$$00000013  c_w.l(libinit2.o)
    0x08000152   0x00000000   Code   RO         1882    .ARM.Collect$$libinit$$00000015  c_w.l(libinit2.o)
    0x08000152   0x00000000   Code   RO         1884    .ARM.Collect$$libinit$$00000017  c_w.l(libinit2.o)
    0x08000152   0x00000000   Code   RO         1886    .ARM.Collect$$libinit$$00000019  c_w.l(libinit2.o)
    0x08000152   0x00000000   Code   RO         1888    .ARM.Collect$$libinit$$0000001B  c_w.l(libinit2.o)
    0x08000152   0x00000000   Code   RO         1890    .ARM.Collect$$libinit$$0000001D  c_w.l(libinit2.o)
    0x08000152   0x00000000   Code   RO         1892    .ARM.Collect$$libinit$$0000001F  c_w.l(libinit2.o)
    0x08000152   0x00000000   Code   RO         1894    .ARM.Collect$$libinit$$00000021  c_w.l(libinit2.o)
    0x08000152   0x00000000   Code   RO         1896    .ARM.Collect$$libinit$$00000023  c_w.l(libinit2.o)
    0x08000152   0x00000000   Code   RO         1898    .ARM.Collect$$libinit$$00000025  c_w.l(libinit2.o)
    0x08000152   0x00000000   Code   RO         1902    .ARM.Collect$$libinit$$0000002C  c_w.l(libinit2.o)
    0x08000152   0x00000000   Code   RO         1904    .ARM.Collect$$libinit$$0000002E  c_w.l(libinit2.o)
    0x08000152   0x00000000   Code   RO         1906    .ARM.Collect$$libinit$$00000030  c_w.l(libinit2.o)
    0x08000152   0x00000000   Code   RO         1908    .ARM.Collect$$libinit$$00000032  c_w.l(libinit2.o)
    0x08000152   0x00000002   Code   RO         1909    .ARM.Collect$$libinit$$00000033  c_w.l(libinit2.o)
    0x08000154   0x00000002   Code   RO         1933    .ARM.Collect$$libshutdown$$00000000  c_w.l(libshutdown.o)
    0x08000156   0x00000000   Code   RO         1946    .ARM.Collect$$libshutdown$$00000002  c_w.l(libshutdown2.o)
    0x08000156   0x00000000   Code   RO         1948    .ARM.Collect$$libshutdown$$00000004  c_w.l(libshutdown2.o)
    0x08000156   0x00000000   Code   RO         1951    .ARM.Collect$$libshutdown$$00000007  c_w.l(libshutdown2.o)
    0x08000156   0x00000000   Code   RO         1954    .ARM.Collect$$libshutdown$$0000000A  c_w.l(libshutdown2.o)
    0x08000156   0x00000000   Code   RO         1956    .ARM.Collect$$libshutdown$$0000000C  c_w.l(libshutdown2.o)
    0x08000156   0x00000000   Code   RO         1959    .ARM.Collect$$libshutdown$$0000000F  c_w.l(libshutdown2.o)
    0x08000156   0x00000002   Code   RO         1960    .ARM.Collect$$libshutdown$$00000010  c_w.l(libshutdown2.o)
    0x08000158   0x00000000   Code   RO         1751    .ARM.Collect$$rtentry$$00000000  c_w.l(__rtentry.o)
    0x08000158   0x00000000   Code   RO         1809    .ARM.Collect$$rtentry$$00000002  c_w.l(__rtentry2.o)
    0x08000158   0x00000006   Code   RO         1821    .ARM.Collect$$rtentry$$00000004  c_w.l(__rtentry4.o)
    0x0800015e   0x00000000   Code   RO         1811    .ARM.Collect$$rtentry$$00000009  c_w.l(__rtentry2.o)
    0x0800015e   0x00000004   Code   RO         1812    .ARM.Collect$$rtentry$$0000000A  c_w.l(__rtentry2.o)
    0x08000162   0x00000000   Code   RO         1814    .ARM.Collect$$rtentry$$0000000C  c_w.l(__rtentry2.o)
    0x08000162   0x00000008   Code   RO         1815    .ARM.Collect$$rtentry$$0000000D  c_w.l(__rtentry2.o)
    0x0800016a   0x00000002   Code   RO         1861    .ARM.Collect$$rtexit$$00000000  c_w.l(rtexit.o)
    0x0800016c   0x00000000   Code   RO         1913    .ARM.Collect$$rtexit$$00000002  c_w.l(rtexit2.o)
    0x0800016c   0x00000004   Code   RO         1914    .ARM.Collect$$rtexit$$00000003  c_w.l(rtexit2.o)
    0x08000170   0x00000006   Code   RO         1915    .ARM.Collect$$rtexit$$00000004  c_w.l(rtexit2.o)
    0x08000176   0x00000002   PAD
    0x08000178   0x00000040   Code   RO          642  * .text               startup_mdr32f9qx.o
    0x080001b8   0x00000028   Code   RO         1661    .text               c_w.l(noretval__2sprintf.o)
    0x080001e0   0x00000068   Code   RO         1663    .text               c_w.l(__printf.o)
    0x08000248   0x00000078   Code   RO         1665    .text               c_w.l(_printf_dec.o)
    0x080002c0   0x0000001a   Code   RO         1689    .text               c_w.l(atoi.o)
    0x080002da   0x0000003e   Code   RO         1691    .text               c_w.l(strlen.o)
    0x08000318   0x00000064   Code   RO         1693    .text               c_w.l(rt_memcpy_w.o)
    0x0800037c   0x0000004e   Code   RO         1695    .text               c_w.l(rt_memclr_w.o)
    0x080003ca   0x00000006   Code   RO         1697    .text               c_w.l(heapauxi.o)
    0x080003d0   0x00000008   Code   RO         1755    .text               c_w.l(rt_errno_addr_intlibspace.o)
    0x080003d8   0x00000016   Code   RO         1757    .text               c_w.l(_rserrno.o)
    0x080003ee   0x000000b2   Code   RO         1759    .text               c_w.l(_printf_intcommon.o)
    0x080004a0   0x00000030   Code   RO         1761    .text               c_w.l(_printf_char_common.o)
    0x080004d0   0x0000000a   Code   RO         1763    .text               c_w.l(_sputc.o)
    0x080004da   0x00000070   Code   RO         1766    .text               c_w.l(strtol.o)
    0x0800054a   0x00000002   PAD
    0x0800054c   0x00000008   Code   RO         1805    .text               c_w.l(libspace.o)
    0x08000554   0x00000010   Code   RO         1823    .text               c_w.l(rt_ctype_table.o)
    0x08000564   0x0000009e   Code   RO         1827    .text               c_w.l(_strtoul.o)
    0x08000602   0x0000004a   Code   RO         1839    .text               c_w.l(sys_stackheap_outer.o)
    0x0800064c   0x00000008   Code   RO         1844    .text               c_w.l(rt_locale_intlibspace.o)
    0x08000654   0x0000001c   Code   RO         1846    .text               c_w.l(_chval.o)
    0x08000670   0x00000012   Code   RO         1851    .text               c_w.l(exit.o)
    0x08000682   0x00000002   PAD
    0x08000684   0x00000080   Code   RO         1863    .text               c_w.l(strcmpv7m.o)
    0x08000704   0x0000000c   Code   RO         1925    .text               c_w.l(sys_exit.o)
    0x08000710   0x00000002   Code   RO         1936    .text               c_w.l(use_no_semi.o)
    0x08000712   0x00000000   Code   RO         1938    .text               c_w.l(indicate_semi.o)
    0x08000712   0x00000046   Code   RO            4    i.CLK_80_ini        ini.o
    0x08000758   0x0000001c   Code   RO          689    i.DAC2_Cmd          mdr32f9qx_dac.o
    0x08000774   0x00000014   Code   RO          691    i.DAC2_Init         mdr32f9qx_dac.o
    0x08000788   0x00000034   Code   RO            5    i.DAC2_PortE_ini    ini.o
    0x080007bc   0x0000001c   Code   RO            6    i.DAC2_ini          ini.o
    0x080007d8   0x00000010   Code   RO          693    i.DAC_DeInit        mdr32f9qx_dac.o
    0x080007e8   0x0000001c   Code   RO          764    i.DMA_Cmd           mdr32f9qx_dma.o
    0x08000804   0x00000070   Code   RO          765    i.DMA_CtrlDataInit  mdr32f9qx_dma.o
    0x08000874   0x000000c8   Code   RO            7    i.DMA_DAC2_ini      ini.o
    0x0800093c   0x00000020   Code   RO          767    i.DMA_DeInit        mdr32f9qx_dma.o
    0x0800095c   0x00000084   Code   RO          769    i.DMA_GetFlagStatus  mdr32f9qx_dma.o
    0x080009e0   0x00000040   Code   RO          217    i.DMA_IRQHandler    it.o
    0x08000a20   0x00000094   Code   RO          770    i.DMA_Init          mdr32f9qx_dma.o
    0x08000ab4   0x00000010   Code   RO          775    i.DMA_StructInit    mdr32f9qx_dma.o
    0x08000ac4   0x0000003c   Code   RO           10    i.DMA_ini           ini.o
    0x08000b00   0x0000001c   Code   RO          218    i.EXT_INT2_IRQHandler  it.o
    0x08000b1c   0x00000040   Code   RO           11    i.IK_port_ini       ini.o
    0x08000b5c   0x00000040   Code   RO           12    i.LED_PortB_ini     ini.o
    0x08000b9c   0x00000044   Code   RO           13    i.Modulator_ini     ini.o
    0x08000be0   0x00000016   Code   RO          264    i.NVIC_EnableIRQ    main.o
    0x08000bf6   0x00000002   PAD
    0x08000bf8   0x000001c8   Code   RO          893    i.PORT_Init         mdr32f9qx_port.o
    0x08000dc0   0x0000001c   Code   RO          896    i.PORT_ResetBits    mdr32f9qx_port.o
    0x08000ddc   0x0000001c   Code   RO          897    i.PORT_SetBits      mdr32f9qx_port.o
    0x08000df8   0x0000001c   Code   RO          898    i.PORT_StructInit   mdr32f9qx_port.o
    0x08000e14   0x0000005c   Code   RO           14    i.Pila_massiv       ini.o
    0x08000e70   0x0000003c   Code   RO           15    i.PortB_EXT_ini     ini.o
    0x08000eac   0x0000000c   Code   RO          967    i.RST_CLK_CPU_PLLcmd  mdr32f9qx_rst_clk.o
    0x08000eb8   0x00000040   Code   RO          968    i.RST_CLK_CPU_PLLconfig  mdr32f9qx_rst_clk.o
    0x08000ef8   0x00000034   Code   RO          969    i.RST_CLK_CPU_PLLstatus  mdr32f9qx_rst_clk.o
    0x08000f2c   0x0000000c   Code   RO          970    i.RST_CLK_CPU_PLLuse  mdr32f9qx_rst_clk.o
    0x08000f38   0x00000018   Code   RO          971    i.RST_CLK_CPUclkPrescaler  mdr32f9qx_rst_clk.o
    0x08000f50   0x00000014   Code   RO          972    i.RST_CLK_CPUclkSelection  mdr32f9qx_rst_clk.o
    0x08000f64   0x00000274   Code   RO          974    i.RST_CLK_GetClocksFreq  mdr32f9qx_rst_clk.o
    0x080011d8   0x00000034   Code   RO          975    i.RST_CLK_GetFlagStatus  mdr32f9qx_rst_clk.o
    0x0800120c   0x0000003c   Code   RO          977    i.RST_CLK_HSEconfig  mdr32f9qx_rst_clk.o
    0x08001248   0x00000034   Code   RO          978    i.RST_CLK_HSEstatus  mdr32f9qx_rst_clk.o
    0x0800127c   0x00000020   Code   RO          988    i.RST_CLK_PCLKcmd   mdr32f9qx_rst_clk.o
    0x0800129c   0x0000009c   Code   RO           16    i.ReadStringDMA     ini.o
    0x08001338   0x00000098   Code   RO           17    i.Sin_massiv        ini.o
    0x080013d0   0x00000090   Code   RO          649    i.SystemCoreClockUpdate  system_mdr32f9qx.o
    0x08001460   0x00000040   Code   RO          650    i.SystemInit        system_mdr32f9qx.o
    0x080014a0   0x00000098   Code   RO           18    i.TIMER1_ini        ini.o
    0x08001538   0x00000054   Code   RO         1186    i.TIMER_BRGInit     mdr32f9qx_timer.o
    0x0800158c   0x000000e0   Code   RO           19    i.TIMER_CAPTURE_ini  ini.o
    0x0800166c   0x00000046   Code   RO         1198    i.TIMER_ChnInit     mdr32f9qx_timer.o
    0x080016b2   0x00000042   Code   RO         1205    i.TIMER_ChnOutInit  mdr32f9qx_timer.o
    0x080016f4   0x00000016   Code   RO         1209    i.TIMER_ChnOutStructInit  mdr32f9qx_timer.o
    0x0800170a   0x0000001c   Code   RO         1211    i.TIMER_ChnStructInit  mdr32f9qx_timer.o
    0x08001726   0x00000014   Code   RO         1213    i.TIMER_Cmd         mdr32f9qx_timer.o
    0x0800173a   0x00000036   Code   RO         1216    i.TIMER_CntInit     mdr32f9qx_timer.o
    0x08001770   0x0000001c   Code   RO         1217    i.TIMER_CntStructInit  mdr32f9qx_timer.o
    0x0800178c   0x00000012   Code   RO         1219    i.TIMER_DMACmd      mdr32f9qx_timer.o
    0x0800179e   0x00000044   Code   RO         1220    i.TIMER_DeInit      mdr32f9qx_timer.o
    0x080017e2   0x00000002   PAD
    0x080017e4   0x0000007c   Code   RO           20    i.Triangle_massiv   ini.o
    0x08001860   0x000000c0   Code   RO           21    i.UART1_DMA_ini     ini.o
    0x08001920   0x0000003c   Code   RO         1540    i.UART_BRGInit      mdr32f9qx_uart.o
    0x0800195c   0x00000018   Code   RO         1543    i.UART_Cmd          mdr32f9qx_uart.o
    0x08001974   0x00000018   Code   RO         1544    i.UART_DMACmd       mdr32f9qx_uart.o
    0x0800198c   0x00000008   Code   RO         1545    i.UART_DMAConfig    mdr32f9qx_uart.o
    0x08001994   0x00000026   Code   RO         1546    i.UART_DeInit       mdr32f9qx_uart.o
    0x080019ba   0x00000002   PAD
    0x080019bc   0x000000b0   Code   RO         1551    i.UART_Init         mdr32f9qx_uart.o
    0x08001a6c   0x00000018   Code   RO         1556    i.UART_StructInit   mdr32f9qx_uart.o
    0x08001a84   0x00000028   Code   RO          325    i.WriteInt          console.o
    0x08001aac   0x00000018   Code   RO          326    i.WriteIntNl        console.o
    0x08001ac4   0x00000034   Code   RO          327    i.WriteLine         console.o
    0x08001af8   0x0000002a   Code   RO          328    i.WriteString       console.o
    0x08001b22   0x00000002   PAD
    0x08001b24   0x00000070   Code   RO           22    i.WriteStringDMA    ini.o
    0x08001b94   0x00000028   Code   RO         1835    i.__ARM_fpclassify  m_ws.l(fpclassify.o)
    0x08001bbc   0x00000388   Code   RO         1794    i.__ieee754_rem_pio2  m_ws.l(rred.o)
    0x08001f44   0x000000fc   Code   RO         1777    i.__kernel_cos      m_ws.l(cos_i.o)
    0x08002040   0x000000aa   Code   RO         1837    i.__kernel_poly     m_ws.l(poly.o)
    0x080020ea   0x00000002   PAD
    0x080020ec   0x000000ec   Code   RO         1799    i.__kernel_sin      m_ws.l(sin_i.o)
    0x080021d8   0x00000006   Code   RO         1781    i.__mathlib_dbl_infnan  m_ws.l(dunder.o)
    0x080021de   0x0000000c   Code   RO         1783    i.__mathlib_dbl_invalid  m_ws.l(dunder.o)
    0x080021ea   0x00000002   PAD
    0x080021ec   0x00000010   Code   RO         1786    i.__mathlib_dbl_underflow  m_ws.l(dunder.o)
    0x080021fc   0x000000bc   Code   RO          329    i.amplModHandler    console.o
    0x080022b8   0x000000a8   Code   RO          330    i.bufModeHandler    console.o
    0x08002360   0x000000a0   Code   RO          265    i.checkLimits       main.o
    0x08002400   0x000000a4   Code   RO          331    i.coefAdjHandler    console.o
    0x080024a4   0x000000a8   Code   RO          332    i.constModeHandler  console.o
    0x0800254c   0x0000000c   Code   RO           23    i.delay             ini.o
    0x08002558   0x00000058   Code   RO          266    i.distanceMode      main.o
    0x080025b0   0x0000011c   Code   RO          333    i.freqBwHandler     console.o
    0x080026cc   0x000000ac   Code   RO          334    i.freqModHandler    console.o
    0x08002778   0x0000008c   Code   RO          335    i.limitAccHandler   console.o
    0x08002804   0x000000a0   Code   RO          267    i.main              main.o
    0x080028a4   0x00000270   Code   RO          336    i.printConfig       console.o
    0x08002b14   0x00000214   Code   RO          337    i.printError        console.o
    0x08002d28   0x00000248   Code   RO          338    i.printMenu         console.o
    0x08002f70   0x00000034   Code   RO           24    i.rdParamDefIni     ini.o
    0x08002fa4   0x0000005c   Code   RO          339    i.readData          console.o
    0x08003000   0x00000178   Code   RO          340    i.runConsole        console.o
    0x08003178   0x000000dc   Code   RO          341    i.selectMode        console.o
    0x08003254   0x000000a0   Code   RO         1744    i.sin               m_ws.l(sin.o)
    0x080032f4   0x000000fc   Code   RO          342    i.typeModHandler    console.o
    0x080033f0   0x0000002c   Code   RO         1849    locale$$code        c_w.l(lc_ctype_c.o)
    0x0800341c   0x00000062   Code   RO         1701    x$fpl$d2f           fz_ws.l(d2f.o)
    0x0800347e   0x00000002   PAD
    0x08003480   0x00000150   Code   RO         1703    x$fpl$dadd          fz_ws.l(daddsub_clz.o)
    0x080035d0   0x00000010   Code   RO         1859    x$fpl$dcheck1       fz_ws.l(dcheck1.o)
    0x080035e0   0x000002b0   Code   RO         1710    x$fpl$ddiv          fz_ws.l(ddiv.o)
    0x08003890   0x0000005e   Code   RO         1829    x$fpl$dfix          fz_ws.l(dfix.o)
    0x080038ee   0x00000002   PAD
    0x080038f0   0x0000005a   Code   RO         1713    x$fpl$dfixu         fz_ws.l(dfixu.o)
    0x0800394a   0x0000002e   Code   RO         1718    x$fpl$dflt          fz_ws.l(dflt_clz.o)
    0x08003978   0x00000026   Code   RO         1717    x$fpl$dfltu         fz_ws.l(dflt_clz.o)
    0x0800399e   0x00000002   PAD
    0x080039a0   0x00000154   Code   RO         1723    x$fpl$dmul          fz_ws.l(dmul.o)
    0x08003af4   0x0000009c   Code   RO         1768    x$fpl$dnaninf       fz_ws.l(dnaninf.o)
    0x08003b90   0x0000000c   Code   RO         1770    x$fpl$dretinf       fz_ws.l(dretinf.o)
    0x08003b9c   0x00000016   Code   RO         1704    x$fpl$drsb          fz_ws.l(daddsub_clz.o)
    0x08003bb2   0x00000002   PAD
    0x08003bb4   0x000001d4   Code   RO         1705    x$fpl$dsub          fz_ws.l(daddsub_clz.o)
    0x08003d88   0x00000056   Code   RO         1725    x$fpl$f2d           fz_ws.l(f2d.o)
    0x08003dde   0x00000002   PAD
    0x08003de0   0x00000184   Code   RO         1728    x$fpl$fdiv          fz_ws.l(fdiv.o)
    0x08003f64   0x0000003e   Code   RO         1731    x$fpl$ffixu         fz_ws.l(ffixu.o)
    0x08003fa2   0x00000002   PAD
    0x08003fa4   0x00000026   Code   RO         1735    x$fpl$ffltu         fz_ws.l(fflt_clz.o)
    0x08003fca   0x00000002   PAD
    0x08003fcc   0x00000102   Code   RO         1741    x$fpl$fmul          fz_ws.l(fmul.o)
    0x080040ce   0x0000008c   Code   RO         1772    x$fpl$fnaninf       fz_ws.l(fnaninf.o)
    0x0800415a   0x0000000a   Code   RO         1774    x$fpl$fretinf       fz_ws.l(fretinf.o)
    0x08004164   0x00000064   Code   RO         1910    x$fpl$retnan        fz_ws.l(retnan.o)
    0x080041c8   0x0000005c   Code   RO         1833    x$fpl$scalbn        fz_ws.l(scalbn.o)
    0x08004224   0x00000030   Code   RO         1923    x$fpl$trapveneer    fz_ws.l(trapv.o)
    0x08004254   0x00000000   Code   RO         1776    x$fpl$usenofp       fz_ws.l(usenofp.o)
    0x08004254   0x00000004   PAD
    0x08004258   0x00000030   Data   RO         1778    .constdata          m_ws.l(cos_i.o)
    0x08004288   0x000000c8   Data   RO         1796    .constdata          m_ws.l(rred.o)
    0x08004350   0x00000028   Data   RO         1800    .constdata          m_ws.l(sin_i.o)
    0x08004378   0x00000128   Data   RO          343    .conststring        console.o
    0x080044a0   0x00000020   Data   RO         1991    Region$$Table       anon$$obj.o
    0x080044c0   0x00000110   Data   RO         1848    locale$$data        c_w.l(lc_ctype_c.o)


    Execution Region ER_RW (Base: 0x20000000, Size: 0x00000024, Max: 0xffffffff, ABSOLUTE)

    Base Addr    Size         Type   Attr      Idx    E Section Name        Object

    0x20000000   0x00000005   Data   RW          219    .data               it.o
    0x20000005   0x00000003   PAD
    0x20000008   0x00000010   Data   RW          268    .data               main.o
    0x20000018   0x00000008   Data   RW          344    .data               console.o
    0x20000020   0x00000004   Data   RW          651    .data               system_mdr32f9qx.o


    Execution Region ER_ZI (Base: 0x20000024, Size: 0x00000e3c, Max: 0xffffffff, ABSOLUTE)

    Base Addr    Size         Type   Attr      Idx    E Section Name        Object

    0x20000024   0x0000025c   Zero   RW           25    .bss                ini.o
    0x20000280   0x00000180   PAD
    0x20000400   0x00000400   Zero   RW          776    .bss                mdr32f9qx_dma.o
    0x20000800   0x00000060   Zero   RW         1806    .bss                c_w.l(libspace.o)
    0x20000860   0x00000200   Zero   RW          640    HEAP                startup_mdr32f9qx.o
    0x20000a60   0x00000400   Zero   RW          639    STACK               startup_mdr32f9qx.o


==============================================================================

Image component sizes


      Code (inc. data)   RO Data    RW Data    ZI Data      Debug   Object Name

      4122       2040        296          8          0      13370   console.o
      1934        134          0          0        604     129949   ini.o
        92         32          0          5          0       3418   it.o
       430         50          0         16          0      26400   main.o
        64         12          0          0          0       1692   mdr32f9qx_dac.o
       468         32          0          0       1024       4725   mdr32f9qx_dma.o
       540         18          0          0          0       3426   mdr32f9qx_port.o
      1008         60          0          0          0      10548   mdr32f9qx_rst_clk.o
       458         16          0          0          0       7210   mdr32f9qx_timer.o
       354         26          0          0          0       5917   mdr32f9qx_uart.o
        64         26        192          0       1536        780   startup_mdr32f9qx.o
       208         24          0          4          0       1299   system_mdr32f9qx.o

    ----------------------------------------------------------------------
      9750       2470        520         36       3548     208734   Object Totals
         0          0         32          0          0          0   (incl. Generated)
         8          0          0          3        384          0   (incl. Padding)

    ----------------------------------------------------------------------

      Code (inc. data)   RO Data    RW Data    ZI Data      Debug   Library Member Name

         8          0          0          0          0         68   __main.o
       104          0          0          0          0         84   __printf.o
         0          0          0          0          0          0   __rtentry.o
        12          0          0          0          0          0   __rtentry2.o
         6          0          0          0          0          0   __rtentry4.o
        52          8          0          0          0          0   __scatter.o
        26          0          0          0          0          0   __scatter_copy.o
        28          0          0          0          0          0   __scatter_zi.o
        28          0          0          0          0         68   _chval.o
        48          6          0          0          0         96   _printf_char_common.o
         6          0          0          0          0          0   _printf_d.o
       120         16          0          0          0         92   _printf_dec.o
       178          0          0          0          0         88   _printf_intcommon.o
         0          0          0          0          0          0   _printf_percent.o
         4          0          0          0          0          0   _printf_percent_end.o
        22          0          0          0          0        100   _rserrno.o
        10          0          0          0          0         68   _sputc.o
       158          0          0          0          0         92   _strtoul.o
        26          0          0          0          0         80   atoi.o
        18          0          0          0          0         80   exit.o
         6          0          0          0          0        152   heapauxi.o
         0          0          0          0          0          0   indicate_semi.o
        44         10        272          0          0         76   lc_ctype_c.o
         2          0          0          0          0          0   libinit.o
        20          0          0          0          0          0   libinit2.o
         2          0          0          0          0          0   libshutdown.o
         2          0          0          0          0          0   libshutdown2.o
         8          4          0          0         96         68   libspace.o
        40          6          0          0          0         84   noretval__2sprintf.o
        16          4          0          0          0         76   rt_ctype_table.o
         8          4          0          0          0         68   rt_errno_addr_intlibspace.o
         8          4          0          0          0         68   rt_locale_intlibspace.o
        78          0          0          0          0         80   rt_memclr_w.o
       100          0          0          0          0         80   rt_memcpy_w.o
         2          0          0          0          0          0   rtexit.o
        10          0          0          0          0          0   rtexit2.o
       128          0          0          0          0         68   strcmpv7m.o
        62          0          0          0          0         76   strlen.o
       112          0          0          0          0         88   strtol.o
        12          4          0          0          0         68   sys_exit.o
        74          0          0          0          0         80   sys_stackheap_outer.o
         2          0          0          0          0         68   use_no_semi.o
        98          4          0          0          0         92   d2f.o
       826         16          0          0          0        348   daddsub_clz.o
        16          4          0          0          0         68   dcheck1.o
       688        140          0          0          0        208   ddiv.o
        94          4          0          0          0         92   dfix.o
        90          4          0          0          0         92   dfixu.o
        84          0          0          0          0        136   dflt_clz.o
       340         12          0          0          0        104   dmul.o
       156          4          0          0          0         92   dnaninf.o
        12          0          0          0          0         68   dretinf.o
        86          4          0          0          0         84   f2d.o
       388         76          0          0          0         96   fdiv.o
        62          4          0          0          0         84   ffixu.o
        38          0          0          0          0         68   fflt_clz.o
       258          4          0          0          0         84   fmul.o
       140          4          0          0          0         84   fnaninf.o
        10          0          0          0          0         68   fretinf.o
       100          0          0          0          0         68   retnan.o
        92          0          0          0          0         68   scalbn.o
        48          0          0          0          0         68   trapv.o
         0          0          0          0          0          0   usenofp.o
       252         22         48          0          0        124   cos_i.o
        34          6          0          0          0        204   dunder.o
        40          0          0          0          0         68   fpclassify.o
       170          0          0          0          0         96   poly.o
       904         76        200          0          0        140   rred.o
       160         10          0          0          0        108   sin.o
       236         12         40          0          0        128   sin_i.o

    ----------------------------------------------------------------------
      7042        472        560          0         96       5056   Library Totals
        30          0          0          0          0          0   (incl. Padding)

    ----------------------------------------------------------------------

      Code (inc. data)   RO Data    RW Data    ZI Data      Debug   Library Name

      1590         66        272          0         96       2116   c_w.l
      3626        280          0          0          0       2072   fz_ws.l
      1796        126        288          0          0        868   m_ws.l

    ----------------------------------------------------------------------
      7042        472        560          0         96       5056   Library Totals

    ----------------------------------------------------------------------

==============================================================================


      Code (inc. data)   RO Data    RW Data    ZI Data      Debug   

     16792       2942       1080         36       3644     206662   Grand Totals
     16792       2942       1080         36       3644     206662   ELF Image Totals
     16792       2942       1080         36          0          0   ROM Totals

==============================================================================

    Total RO  Size (Code + RO Data)                17872 (  17.45kB)
    Total RW  Size (RW Data + ZI Data)              3680 (   3.59kB)
    Total ROM Size (Code + RO Data + RW Data)      17908 (  17.49kB)

==============================================================================

